Archive member included to satisfy reference by file (symbol)

C:/ST/STM32CubeIDE_1.13.2/STM32CubeIDE/plugins/com.st.stm32cube.ide.mcu.externaltools.gnu-tools-for-stm32.11.3.rel1.win32_1.1.1.202309131626/tools/bin/../lib/gcc/arm-none-eabi/11.3.1/../../../../arm-none-eabi/lib/thumb/v7e-m+dp/hard\libstdc++_nano.a(del_ops.o)
                              ./Src/lib.o (operator delete(void*, unsigned int))
C:/ST/STM32CubeIDE_1.13.2/STM32CubeIDE/plugins/com.st.stm32cube.ide.mcu.externaltools.gnu-tools-for-stm32.11.3.rel1.win32_1.1.1.202309131626/tools/bin/../lib/gcc/arm-none-eabi/11.3.1/../../../../arm-none-eabi/lib/thumb/v7e-m+dp/hard\libstdc++_nano.a(new_op.o)
                              ./Src/lib.o (operator new(unsigned int))
C:/ST/STM32CubeIDE_1.13.2/STM32CubeIDE/plugins/com.st.stm32cube.ide.mcu.externaltools.gnu-tools-for-stm32.11.3.rel1.win32_1.1.1.202309131626/tools/bin/../lib/gcc/arm-none-eabi/11.3.1/../../../../arm-none-eabi/lib/thumb/v7e-m+dp/hard\libstdc++_nano.a(new_opv.o)
                              ./Src/lib.o (operator new[](unsigned int))
C:/ST/STM32CubeIDE_1.13.2/STM32CubeIDE/plugins/com.st.stm32cube.ide.mcu.externaltools.gnu-tools-for-stm32.11.3.rel1.win32_1.1.1.202309131626/tools/bin/../lib/gcc/arm-none-eabi/11.3.1/../../../../arm-none-eabi/lib/thumb/v7e-m+dp/hard\libstdc++_nano.a(del_op.o)
                              C:/ST/STM32CubeIDE_1.13.2/STM32CubeIDE/plugins/com.st.stm32cube.ide.mcu.externaltools.gnu-tools-for-stm32.11.3.rel1.win32_1.1.1.202309131626/tools/bin/../lib/gcc/arm-none-eabi/11.3.1/../../../../arm-none-eabi/lib/thumb/v7e-m+dp/hard\libstdc++_nano.a(del_ops.o) (operator delete(void*))
C:/ST/STM32CubeIDE_1.13.2/STM32CubeIDE/plugins/com.st.stm32cube.ide.mcu.externaltools.gnu-tools-for-stm32.11.3.rel1.win32_1.1.1.202309131626/tools/bin/../lib/gcc/arm-none-eabi/11.3.1/../../../../arm-none-eabi/lib/thumb/v7e-m+dp/hard\libstdc++_nano.a(new_handler.o)
                              C:/ST/STM32CubeIDE_1.13.2/STM32CubeIDE/plugins/com.st.stm32cube.ide.mcu.externaltools.gnu-tools-for-stm32.11.3.rel1.win32_1.1.1.202309131626/tools/bin/../lib/gcc/arm-none-eabi/11.3.1/../../../../arm-none-eabi/lib/thumb/v7e-m+dp/hard\libstdc++_nano.a(new_op.o) (std::get_new_handler())
C:/ST/STM32CubeIDE_1.13.2/STM32CubeIDE/plugins/com.st.stm32cube.ide.mcu.externaltools.gnu-tools-for-stm32.11.3.rel1.win32_1.1.1.202309131626/tools/bin/../lib/gcc/arm-none-eabi/11.3.1/../../../../arm-none-eabi/lib/thumb/v7e-m+dp/hard\libc_nano.a(libc_a-abort.o)
                              C:/ST/STM32CubeIDE_1.13.2/STM32CubeIDE/plugins/com.st.stm32cube.ide.mcu.externaltools.gnu-tools-for-stm32.11.3.rel1.win32_1.1.1.202309131626/tools/bin/../lib/gcc/arm-none-eabi/11.3.1/../../../../arm-none-eabi/lib/thumb/v7e-m+dp/hard\libstdc++_nano.a(new_op.o) (abort)
C:/ST/STM32CubeIDE_1.13.2/STM32CubeIDE/plugins/com.st.stm32cube.ide.mcu.externaltools.gnu-tools-for-stm32.11.3.rel1.win32_1.1.1.202309131626/tools/bin/../lib/gcc/arm-none-eabi/11.3.1/../../../../arm-none-eabi/lib/thumb/v7e-m+dp/hard\libc_nano.a(libc_a-exit.o)
                              C:/ST/STM32CubeIDE_1.13.2/STM32CubeIDE/plugins/com.st.stm32cube.ide.mcu.externaltools.gnu-tools-for-stm32.11.3.rel1.win32_1.1.1.202309131626/tools/bin/../lib/gcc/arm-none-eabi/11.3.1/../../../../arm-none-eabi/lib/thumb/v7e-m+dp/hard/crt0.o (exit)
C:/ST/STM32CubeIDE_1.13.2/STM32CubeIDE/plugins/com.st.stm32cube.ide.mcu.externaltools.gnu-tools-for-stm32.11.3.rel1.win32_1.1.1.202309131626/tools/bin/../lib/gcc/arm-none-eabi/11.3.1/../../../../arm-none-eabi/lib/thumb/v7e-m+dp/hard\libc_nano.a(libc_a-malloc.o)
                              C:/ST/STM32CubeIDE_1.13.2/STM32CubeIDE/plugins/com.st.stm32cube.ide.mcu.externaltools.gnu-tools-for-stm32.11.3.rel1.win32_1.1.1.202309131626/tools/bin/../lib/gcc/arm-none-eabi/11.3.1/../../../../arm-none-eabi/lib/thumb/v7e-m+dp/hard\libstdc++_nano.a(new_op.o) (malloc)
C:/ST/STM32CubeIDE_1.13.2/STM32CubeIDE/plugins/com.st.stm32cube.ide.mcu.externaltools.gnu-tools-for-stm32.11.3.rel1.win32_1.1.1.202309131626/tools/bin/../lib/gcc/arm-none-eabi/11.3.1/../../../../arm-none-eabi/lib/thumb/v7e-m+dp/hard\libc_nano.a(libc_a-mallocr.o)
                              C:/ST/STM32CubeIDE_1.13.2/STM32CubeIDE/plugins/com.st.stm32cube.ide.mcu.externaltools.gnu-tools-for-stm32.11.3.rel1.win32_1.1.1.202309131626/tools/bin/../lib/gcc/arm-none-eabi/11.3.1/../../../../arm-none-eabi/lib/thumb/v7e-m+dp/hard\libc_nano.a(libc_a-malloc.o) (_malloc_r)
C:/ST/STM32CubeIDE_1.13.2/STM32CubeIDE/plugins/com.st.stm32cube.ide.mcu.externaltools.gnu-tools-for-stm32.11.3.rel1.win32_1.1.1.202309131626/tools/bin/../lib/gcc/arm-none-eabi/11.3.1/../../../../arm-none-eabi/lib/thumb/v7e-m+dp/hard\libc_nano.a(libc_a-mlock.o)
[...]
Memory Configuration

Name             Origin             Length             Attributes
RAM              0x0000000020000000 0x0000000000080000 xrw
FLASH            0x0000000008000000 0x0000000000200000 xr
*default*        0x0000000000000000 0xffffffffffffffff

Linker script and memory map

LOAD C:/ST/STM32CubeIDE_1.13.2/STM32CubeIDE/plugins/com.st.stm32cube.ide.mcu.externaltools.gnu-tools-for-stm32.11.3.rel1.win32_1.1.1.202309131626/tools/bin/../lib/gcc/arm-none-eabi/11.3.1/thumb/v7e-m+dp/hard/crti.o
LOAD C:/ST/STM32CubeIDE_1.13.2/STM32CubeIDE/plugins/com.st.stm32cube.ide.mcu.externaltools.gnu-tools-for-stm32.11.3.rel1.win32_1.1.1.202309131626/tools/bin/../lib/gcc/arm-none-eabi/11.3.1/thumb/v7e-m+dp/hard/crtbegin.o
LOAD C:/ST/STM32CubeIDE_1.13.2/STM32CubeIDE/plugins/com.st.stm32cube.ide.mcu.externaltools.gnu-tools-for-stm32.11.3.rel1.win32_1.1.1.202309131626/tools/bin/../lib/gcc/arm-none-eabi/11.3.1/../../../../arm-none-eabi/lib/thumb/v7e-m+dp/hard/crt0.o
LOAD ./Src/lib.o
LOAD ./Src/main.o
LOAD ./Src/startup.o
START GROUP
LOAD C:/ST/STM32CubeIDE_1.13.2/STM32CubeIDE/plugins/com.st.stm32cube.ide.mcu.externaltools.gnu-tools-for-stm32.11.3.rel1.win32_1.1.1.202309131626/tools/bin/../lib/gcc/arm-none-eabi/11.3.1/../../../../arm-none-eabi/lib/thumb/v7e-m+dp/hard\libstdc++_nano.a
LOAD C:/ST/STM32CubeIDE_1.13.2/STM32CubeIDE/plugins/com.st.stm32cube.ide.mcu.externaltools.gnu-tools-for-stm32.11.3.rel1.win32_1.1.1.202309131626/tools/bin/../lib/gcc/arm-none-eabi/11.3.1/../../../../arm-none-eabi/lib/thumb/v7e-m+dp/hard\libsupc++_nano.a
END GROUP
LOAD C:/ST/STM32CubeIDE_1.13.2/STM32CubeIDE/plugins/com.st.stm32cube.ide.mcu.externaltools.gnu-tools-for-stm32.11.3.rel1.win32_1.1.1.202309131626/tools/bin/../lib/gcc/arm-none-eabi/11.3.1/../../../../arm-none-eabi/lib/thumb/v7e-m+dp/hard\libstdc++_nano.a
LOAD C:/ST/STM32CubeIDE_1.13.2/STM32CubeIDE/plugins/com.st.stm32cube.ide.mcu.externaltools.gnu-tools-for-stm32.11.3.rel1.win32_1.1.1.202309131626/tools/bin/../lib/gcc/arm-none-eabi/11.3.1/../../../../arm-none-eabi/lib/thumb/v7e-m+dp/hard\libm.a
LOAD C:/ST/STM32CubeIDE_1.13.2/STM32CubeIDE/plugins/com.st.stm32cube.ide.mcu.externaltools.gnu-tools-for-stm32.11.3.rel1.win32_1.1.1.202309131626/tools/bin/../lib/gcc/arm-none-eabi/11.3.1/../../../../arm-none-eabi/lib/thumb/v7e-m+dp/hard\libc_nano.a
START GROUP
LOAD C:/ST/STM32CubeIDE_1.13.2/STM32CubeIDE/plugins/com.st.stm32cube.ide.mcu.externaltools.gnu-tools-for-stm32.11.3.rel1.win32_1.1.1.202309131626/tools/bin/../lib/gcc/arm-none-eabi/11.3.1/thumb/v7e-m+dp/hard\libgcc.a
LOAD C:/ST/STM32CubeIDE_1.13.2/STM32CubeIDE/plugins/com.st.stm32cube.ide.mcu.externaltools.gnu-tools-for-stm32.11.3.rel1.win32_1.1.1.202309131626/tools/bin/../lib/gcc/arm-none-eabi/11.3.1/../../../../arm-none-eabi/lib/thumb/v7e-m+dp/hard\libc_nano.a
END GROUP
START GROUP
LOAD C:/ST/STM32CubeIDE_1.13.2/STM32CubeIDE/plugins/com.st.stm32cube.ide.mcu.externaltools.gnu-tools-for-stm32.11.3.rel1.win32_1.1.1.202309131626/tools/bin/../lib/gcc/arm-none-eabi/11.3.1/thumb/v7e-m+dp/hard\libgcc.a
LOAD C:/ST/STM32CubeIDE_1.13.2/STM32CubeIDE/plugins/com.st.stm32cube.ide.mcu.externaltools.gnu-tools-for-stm32.11.3.rel1.win32_1.1.1.202309131626/tools/bin/../lib/gcc/arm-none-eabi/11.3.1/../../../../arm-none-eabi/lib/thumb/v7e-m+dp/hard\libc_nano.a
LOAD C:/ST/STM32CubeIDE_1.13.2/STM32CubeIDE/plugins/com.st.stm32cube.ide.mcu.externaltools.gnu-tools-for-stm32.11.3.rel1.win32_1.1.1.202309131626/tools/bin/../lib/gcc/arm-none-eabi/11.3.1/../../../../arm-none-eabi/lib/thumb/v7e-m+dp/hard\libnosys.a
END GROUP
START GROUP
LOAD C:/ST/STM32CubeIDE_1.13.2/STM32CubeIDE/plugins/com.st.stm32cube.ide.mcu.externaltools.gnu-tools-for-stm32.11.3.rel1.win32_1.1.1.202309131626/tools/bin/../lib/gcc/arm-none-eabi/11.3.1/thumb/v7e-m+dp/hard\libgcc.a
LOAD C:/ST/STM32CubeIDE_1.13.2/STM32CubeIDE/plugins/com.st.stm32cube.ide.mcu.externaltools.gnu-tools-for-stm32.11.3.rel1.win32_1.1.1.202309131626/tools/bin/../lib/gcc/arm-none-eabi/11.3.1/../../../../arm-none-eabi/lib/thumb/v7e-m+dp/hard\libc_nano.a
LOAD C:/ST/STM32CubeIDE_1.13.2/STM32CubeIDE/plugins/com.st.stm32cube.ide.mcu.externaltools.gnu-tools-for-stm32.11.3.rel1.win32_1.1.1.202309131626/tools/bin/../lib/gcc/arm-none-eabi/11.3.1/../../../../arm-none-eabi/lib/thumb/v7e-m+dp/hard\libnosys.a
END GROUP
LOAD C:/ST/STM32CubeIDE_1.13.2/STM32CubeIDE/plugins/com.st.stm32cube.ide.mcu.externaltools.gnu-tools-for-stm32.11.3.rel1.win32_1.1.1.202309131626/tools/bin/../lib/gcc/arm-none-eabi/11.3.1/thumb/v7e-m+dp/hard/crtend.o
LOAD C:/ST/STM32CubeIDE_1.13.2/STM32CubeIDE/plugins/com.st.stm32cube.ide.mcu.externaltools.gnu-tools-for-stm32.11.3.rel1.win32_1.1.1.202309131626/tools/bin/../lib/gcc/arm-none-eabi/11.3.1/thumb/v7e-m+dp/hard/crtn.o
                0x0000000020080000                _estack = (ORIGIN (RAM) + LENGTH (RAM))
                0x0000000000000200                _Min_Heap_Size = 0x200
                0x0000000000000400                _Min_Stack_Size = 0x400

.isr_vector     0x0000000008000000      0x1f8
                0x0000000008000000                . = ALIGN (0x4)
 *(.isr_vector)
 .isr_vector    0x0000000008000000      0x1f8 ./Src/startup.o
                0x0000000008000000                g_pfnVectors
                0x00000000080001f8                . = ALIGN (0x4)

.text           0x0000000008000200     0x9224
                0x0000000008000200                . = ALIGN (0x4)
 *(.text)
 .text          0x0000000008000200       0x40 C:/ST/STM32CubeIDE_1.13.2/STM32CubeIDE/plugins/com.st.stm32cube.ide.mcu.externaltools.gnu-tools-for-stm32.11.3.rel1.win32_1.1.1.202309131626/tools/bin/../lib/gcc/arm-none-eabi/11.3.1/thumb/v7e-m+dp/hard/crtbegin.o
 .text          0x0000000008000240       0x48 ./Src/startup.o
                0x0000000008000254                save_context
                0x000000000800026e                load_context
 .text          0x0000000008000288       0x14 C:/ST/STM32CubeIDE_1.13.2/STM32CubeIDE/plugins/com.st.stm32cube.ide.mcu.externaltools.gnu-tools-for-stm32.11.3.rel1.win32_1.1.1.202309131626/tools/bin/../lib/gcc/arm-none-eabi/11.3.1/../../../../arm-none-eabi/lib/thumb/v7e-m+dp/hard\libc_nano.a(libc_a-strcmp.o)
                0x0000000008000288                strcmp
 .text          0x000000000800029c       0x10 C:/ST/STM32CubeIDE_1.13.2/STM32CubeIDE/plugins/com.st.stm32cube.ide.mcu.externaltools.gnu-tools-for-stm32.11.3.rel1.win32_1.1.1.202309131626/tools/bin/../lib/gcc/arm-none-eabi/11.3.1/../../../../arm-none-eabi/lib/thumb/v7e-m+dp/hard\libc_nano.a(libc_a-strlen.o)
                0x000000000800029c                strlen
 *fill*         0x00000000080002ac        0x4 
 .text          0x00000000080002b0       0xa0 C:/ST/STM32CubeIDE_1.13.2/STM32CubeIDE/plugins/com.st.stm32cube.ide.mcu.externaltools.gnu-tools-for-stm32.11.3.rel1.win32_1.1.1.202309131626/tools/bin/../lib/gcc/arm-none-eabi/11.3.1/../../../../arm-none-eabi/lib/thumb/v7e-m+dp/hard\libc_nano.a(libc_a-memchr.o)
                0x00000000080002b0                memchr
 *(.text*)
 .text.__NVIC_EnableIRQ
                0x0000000008000350       0x3c ./Src/lib.o
 .text.__NVIC_SystemReset
                0x000000000800038c       0x2c ./Src/lib.o
 .text._ZN9EmbSysLib2Hw5Timer4TaskC2Ev
                0x00000000080003b8       0x28 ./Src/lib.o
                0x00000000080003b8                EmbSysLib::Hw::Timer::Task::Task()
                0x00000000080003b8                EmbSysLib::Hw::Timer::Task::Task()
 .text._ZN9EmbSysLib2Hw12Memory_Flash10SectorInfoC2Eh
                0x00000000080003e0      0x150 ./Src/lib.o
                0x00000000080003e0                EmbSysLib::Hw::Memory_Flash::SectorInfo::SectorInfo(unsigned char)
                0x00000000080003e0                EmbSysLib::Hw::Memory_Flash::SectorInfo::SectorInfo(unsigned char)
 .text._ZN9EmbSysLib2Hw14DisplayGraphic7refreshEv
                0x0000000008000530       0x14 ./Src/lib.o
                0x0000000008000530                EmbSysLib::Hw::DisplayGraphic::refresh()
 .text._ZN9EmbSysLib2Hw14DisplayGraphic8getWidthEv
                0x0000000008000544       0x18 ./Src/lib.o
                0x0000000008000544                EmbSysLib::Hw::DisplayGraphic::getWidth()
 .text._ZN9EmbSysLib2Hw14DisplayGraphic9getHeightEv
                0x000000000800055c       0x18 ./Src/lib.o
                0x000000000800055c                EmbSysLib::Hw::DisplayGraphic::getHeight()
 .text._ZN9EmbSysLib2Hw14DisplayGraphic9RGB2colorEhhh
                0x0000000008000574       0x4c ./Src/lib.o
                0x0000000008000574                EmbSysLib::Hw::DisplayGraphic::RGB2color(unsigned char, unsigned char, unsigned char)
 .text._ZN9EmbSysLib3Dev7Digital3setEv
                0x00000000080005c0       0x1e ./Src/lib.o
                0x00000000080005c0                EmbSysLib::Dev::Digital::set()
 .text._ZN9EmbSysLib3Dev7Digital3clrEv
                0x00000000080005de       0x1e ./Src/lib.o
                0x00000000080005de                EmbSysLib::Dev::Digital::clr()
 .text._ZN9EmbSysLib3Dev7Digital6toggleEv
                0x00000000080005fc       0x28 ./Src/lib.o
                0x00000000080005fc                EmbSysLib::Dev::Digital::toggle()
 .text._ZN9EmbSysLib3Dev7Digital8getEventEv
                0x0000000008000624       0x46 ./Src/lib.o
                0x0000000008000624                EmbSysLib::Dev::Digital::getEvent()
 .text._ZN9EmbSysLib3Dev7DigitalaSEb
                0x000000000800066a       0x26 ./Src/lib.o
                0x000000000800066a                EmbSysLib::Dev::Digital::operator=(bool)
 .text._ZN9EmbSysLib3Dev7DigitalaSERS1_
                0x0000000008000690       0x32 ./Src/lib.o
                0x0000000008000690                EmbSysLib::Dev::Digital::operator=(EmbSysLib::Dev::Digital&)
 .text._ZN9EmbSysLib3Dev7DigitalcvbEv
                0x00000000080006c2       0x1e ./Src/lib.o
                0x00000000080006c2                EmbSysLib::Dev::Digital::operator bool()
 .text._ZN9EmbSysLib2Hw6System16disableInterruptEv
                0x00000000080006e0       0x24 ./Src/lib.o
                0x00000000080006e0                EmbSysLib::Hw::System::disableInterrupt()
 .text._ZN9EmbSysLib2Hw6System15enableInterruptEv
                0x0000000008000704       0x34 ./Src/lib.o
                0x0000000008000704                EmbSysLib::Hw::System::enableInterrupt()
 .text._ZN9EmbSysLib2Hw6System5resetEv
                0x0000000008000738       0x1c ./Src/lib.o
                0x0000000008000738                EmbSysLib::Hw::System::reset()
 *fill*         0x0000000008000754        0x4 
 .text._ZN9EmbSysLib2Hw6System13delayMicroSecEt
                0x0000000008000758       0x50 ./Src/lib.o
                0x0000000008000758                EmbSysLib::Hw::System::delayMicroSec(unsigned short)
 .text._ZN9EmbSysLib2Hw6System13delayMilliSecEt
                0x00000000080007a8       0x2a ./Src/lib.o
                0x00000000080007a8                EmbSysLib::Hw::System::delayMilliSec(unsigned short)
 *fill*         0x00000000080007d2        0x2 
 .text.SystemInit
                0x00000000080007d4      0x2c4 ./Src/lib.o
                0x00000000080007d4                SystemInit
 .text._Z18System_GetDSIclockv
                0x0000000008000a98       0x12 ./Src/lib.o
                0x0000000008000a98                System_GetDSIclock()
 .text._ZN9EmbSysLib2Hw9PinConfig3setEP12GPIO_TypeDefhmh
                0x0000000008000aaa      0x11a ./Src/lib.o
                0x0000000008000aaa                EmbSysLib::Hw::PinConfig::set(GPIO_TypeDef*, unsigned char, unsigned long, unsigned char)
 .text._ZN9EmbSysLib2Hw9PinConfig3setENS1_8FunctionEm
                0x0000000008000bc4      0x1cc ./Src/lib.o
                0x0000000008000bc4                EmbSysLib::Hw::PinConfig::set(EmbSysLib::Hw::PinConfig::Function, unsigned long)
 .text.ADC_IRQHandler
                0x0000000008000d90       0xbc ./Src/lib.o
                0x0000000008000d90                ADC_IRQHandler
 .text._ZN9EmbSysLib2Hw13I2Cmaster_McuC2ENS1_6I2C_IDEt
                0x0000000008000e4c      0x1ac ./Src/lib.o
                0x0000000008000e4c                EmbSysLib::Hw::I2Cmaster_Mcu::I2Cmaster_Mcu(EmbSysLib::Hw::I2Cmaster_Mcu::I2C_ID, unsigned short)
                0x0000000008000e4c                EmbSysLib::Hw::I2Cmaster_Mcu::I2Cmaster_Mcu(EmbSysLib::Hw::I2Cmaster_Mcu::I2C_ID, unsigned short)
 .text._ZN9EmbSysLib2Hw13I2Cmaster_Mcu5startEh
                0x0000000008000ff8       0x40 ./Src/lib.o
                0x0000000008000ff8                EmbSysLib::Hw::I2Cmaster_Mcu::start(unsigned char)
 .text._ZN9EmbSysLib2Hw13I2Cmaster_Mcu4stopEv
                0x0000000008001038       0x24 ./Src/lib.o
                0x0000000008001038                EmbSysLib::Hw::I2Cmaster_Mcu::stop()
 .text._ZN9EmbSysLib2Hw13I2Cmaster_Mcu8sendAddrEh
                0x000000000800105c       0x78 ./Src/lib.o
                0x000000000800105c                EmbSysLib::Hw::I2Cmaster_Mcu::sendAddr(unsigned char)
 .text._ZN9EmbSysLib2Hw13I2Cmaster_Mcu9writeByteEh
                0x00000000080010d4       0x32 ./Src/lib.o
                0x00000000080010d4                EmbSysLib::Hw::I2Cmaster_Mcu::writeByte(unsigned char)
 .text._ZN9EmbSysLib2Hw13I2Cmaster_Mcu11readByteAckEv
                0x0000000008001106       0x32 ./Src/lib.o
                0x0000000008001106                EmbSysLib::Hw::I2Cmaster_Mcu::readByteAck()
 .text._ZN9EmbSysLib2Hw13I2Cmaster_Mcu12readByteNackEv
                0x0000000008001138       0x32 ./Src/lib.o
                0x0000000008001138                EmbSysLib::Hw::I2Cmaster_Mcu::readByteNack()
 .text._ZN9EmbSysLib2Hw13I2Cmaster_Mcu11waitForAcknEm
                0x000000000800116a       0x5e ./Src/lib.o
                0x000000000800116a                EmbSysLib::Hw::I2Cmaster_Mcu::waitForAckn(unsigned long)
 .text._ZN9EmbSysLib2Hw12Memory_FlashC2Ehh
                0x00000000080011c8       0xc0 ./Src/lib.o
                0x00000000080011c8                EmbSysLib::Hw::Memory_Flash::Memory_Flash(unsigned char, unsigned char)
                0x00000000080011c8                EmbSysLib::Hw::Memory_Flash::Memory_Flash(unsigned char, unsigned char)
 .text._ZN9EmbSysLib2Hw12Memory_Flash6unlockEv
                0x0000000008001288       0x60 ./Src/lib.o
                0x0000000008001288                EmbSysLib::Hw::Memory_Flash::unlock()
 .text._ZN9EmbSysLib2Hw12Memory_Flash4lockEv
                0x00000000080012e8       0x40 ./Src/lib.o
                0x00000000080012e8                EmbSysLib::Hw::Memory_Flash::lock()
 .text._ZN9EmbSysLib2Hw12Memory_Flash6getPtrEv
                0x0000000008001328       0x18 ./Src/lib.o
                0x0000000008001328                EmbSysLib::Hw::Memory_Flash::getPtr()
 .text._ZN9EmbSysLib2Hw12Memory_Flash5eraseEv
                0x0000000008001340       0x48 ./Src/lib.o
                0x0000000008001340                EmbSysLib::Hw::Memory_Flash::erase()
 .text._ZN9EmbSysLib2Hw12Memory_Flash9writeByteEmh
                0x0000000008001388       0x8c ./Src/lib.o
                0x0000000008001388                EmbSysLib::Hw::Memory_Flash::writeByte(unsigned long, unsigned char)
 .text._ZN9EmbSysLib2Hw12Memory_Flash8readByteEm
                0x0000000008001414       0x20 ./Src/lib.o
                0x0000000008001414                EmbSysLib::Hw::Memory_Flash::readByte(unsigned long)
 .text._ZN9EmbSysLib2Hw12Memory_Flash9erasePageEh
                0x0000000008001434       0x70 ./Src/lib.o
                0x0000000008001434                EmbSysLib::Hw::Memory_Flash::erasePage(unsigned char)
 .text._ZN9EmbSysLib2Hw8Port_McuC2ENS1_6PortIdE
                0x00000000080014a4      0x160 ./Src/lib.o
                0x00000000080014a4                EmbSysLib::Hw::Port_Mcu::Port_Mcu(EmbSysLib::Hw::Port_Mcu::PortId)
                0x00000000080014a4                EmbSysLib::Hw::Port_Mcu::Port_Mcu(EmbSysLib::Hw::Port_Mcu::PortId)
 .text._ZN9EmbSysLib2Hw8Port_Mcu7setModeEmNS0_4Port4ModeE
                0x0000000008001604       0x4a ./Src/lib.o
                0x0000000008001604                EmbSysLib::Hw::Port_Mcu::setMode(unsigned long, EmbSysLib::Hw::Port::Mode)
 .text._ZN9EmbSysLib2Hw8Port_Mcu10setPinModeEhNS0_4Port4ModeE
                0x000000000800164e       0x72 ./Src/lib.o
                0x000000000800164e                EmbSysLib::Hw::Port_Mcu::setPinMode(unsigned char, EmbSysLib::Hw::Port::Mode)
 .text._ZN9EmbSysLib2Hw8Port_Mcu3setEm
                0x00000000080016c0       0x1e ./Src/lib.o
                0x00000000080016c0                EmbSysLib::Hw::Port_Mcu::set(unsigned long)
 .text._ZN9EmbSysLib2Hw8Port_Mcu3setEmm
                0x00000000080016de       0x34 ./Src/lib.o
                0x00000000080016de                EmbSysLib::Hw::Port_Mcu::set(unsigned long, unsigned long)
 .text._ZN9EmbSysLib2Hw8Port_Mcu3clrEm
                0x0000000008001712       0x20 ./Src/lib.o
                0x0000000008001712                EmbSysLib::Hw::Port_Mcu::clr(unsigned long)
 .text._ZN9EmbSysLib2Hw8Port_Mcu3getEv
                0x0000000008001732       0x1a ./Src/lib.o
                0x0000000008001732                EmbSysLib::Hw::Port_Mcu::get()
 .text.SysTick_Handler
                0x000000000800174c       0x4c ./Src/lib.o
                0x000000000800174c                SysTick_Handler
 .text.PendSV_Handler
                0x0000000008001798       0x3c ./Src/lib.o
                0x0000000008001798                PendSV_Handler
 *fill*         0x00000000080017d4        0x4 
 .text._ZN9EmbSysLib2Hw9Timer_McuC2ENS1_7TimerIdEm
                0x00000000080017d8      0x320 ./Src/lib.o
                0x00000000080017d8                EmbSysLib::Hw::Timer_Mcu::Timer_Mcu(EmbSysLib::Hw::Timer_Mcu::TimerId, unsigned long)
                0x00000000080017d8                EmbSysLib::Hw::Timer_Mcu::Timer_Mcu(EmbSysLib::Hw::Timer_Mcu::TimerId, unsigned long)
 .text._ZN9EmbSysLib2Hw9Timer_Mcu9enablePWMEhNS0_5Timer4ModeE
                0x0000000008001af8      0x454 ./Src/lib.o
                0x0000000008001af8                EmbSysLib::Hw::Timer_Mcu::enablePWM(unsigned char, EmbSysLib::Hw::Timer::Mode)
 .text._ZN9EmbSysLib2Hw9Timer_Mcu6setPWMEht
                0x0000000008001f4c       0x7c ./Src/lib.o
                0x0000000008001f4c                EmbSysLib::Hw::Timer_Mcu::setPWM(unsigned char, unsigned short)
 .text._ZN9EmbSysLib2Hw9Timer_Mcu3isrEv
                0x0000000008001fc8       0x26 ./Src/lib.o
                0x0000000008001fc8                EmbSysLib::Hw::Timer_Mcu::isr()
 *fill*         0x0000000008001fee        0x2 
 .text.TIM1_UP_TIM10_IRQHandler
                0x0000000008001ff0       0x8c ./Src/lib.o
                0x0000000008001ff0                TIM1_UP_TIM10_IRQHandler
 .text.TIM1_TRG_COM_TIM11_IRQHandler
                0x000000000800207c       0x34 ./Src/lib.o
                0x000000000800207c                TIM1_TRG_COM_TIM11_IRQHandler
 .text.TIM8_TRG_COM_TIM14_IRQHandler
                0x00000000080020b0       0x34 ./Src/lib.o
                0x00000000080020b0                TIM8_TRG_COM_TIM14_IRQHandler
 .text.TIM2_IRQHandler
                0x00000000080020e4       0x18 ./Src/lib.o
                0x00000000080020e4                TIM2_IRQHandler
 .text.TIM3_IRQHandler
                0x00000000080020fc       0x18 ./Src/lib.o
                0x00000000080020fc                TIM3_IRQHandler
 .text.TIM4_IRQHandler
                0x0000000008002114       0x18 ./Src/lib.o
                0x0000000008002114                TIM4_IRQHandler
 .text.TIM5_IRQHandler
                0x000000000800212c       0x18 ./Src/lib.o
                0x000000000800212c                TIM5_IRQHandler
 .text.TIM7_IRQHandler
                0x0000000008002144       0x18 ./Src/lib.o
                0x0000000008002144                TIM7_IRQHandler
 .text.TIM8_CC_IRQHandler
                0x000000000800215c       0x18 ./Src/lib.o
                0x000000000800215c                TIM8_CC_IRQHandler
 .text._ZN9EmbSysLib2Hw8Uart_McuC2ENS1_8USART_IdEmhtt
                0x0000000008002174      0x300 ./Src/lib.o
                0x0000000008002174                EmbSysLib::Hw::Uart_Mcu::Uart_Mcu(EmbSysLib::Hw::Uart_Mcu::USART_Id, unsigned long, unsigned char, unsigned short, unsigned short)
                0x0000000008002174                EmbSysLib::Hw::Uart_Mcu::Uart_Mcu(EmbSysLib::Hw::Uart_Mcu::USART_Id, unsigned long, unsigned char, unsigned short, unsigned short)
 .text._ZN9EmbSysLib2Hw8Uart_Mcu7getByteEv
                0x0000000008002474       0x1c ./Src/lib.o
                0x0000000008002474                EmbSysLib::Hw::Uart_Mcu::getByte()
 .text._ZN9EmbSysLib2Hw8Uart_Mcu7setByteEh
                0x0000000008002490       0x20 ./Src/lib.o
                0x0000000008002490                EmbSysLib::Hw::Uart_Mcu::setByte(unsigned char)
 .text._ZN9EmbSysLib2Hw8Uart_Mcu11setBaudrateEm
                0x00000000080024b0       0x9c ./Src/lib.o
                0x00000000080024b0                EmbSysLib::Hw::Uart_Mcu::setBaudrate(unsigned long)
 .text._ZN9EmbSysLib2Hw8Uart_Mcu3isrEv
                0x000000000800254c       0x6c ./Src/lib.o
                0x000000000800254c                EmbSysLib::Hw::Uart_Mcu::isr()
 .text.USART1_IRQHandler
                0x00000000080025b8       0x18 ./Src/lib.o
                0x00000000080025b8                USART1_IRQHandler
 .text.USART2_IRQHandler
                0x00000000080025d0       0x18 ./Src/lib.o
                0x00000000080025d0                USART2_IRQHandler
 .text.USART3_IRQHandler
                0x00000000080025e8       0x18 ./Src/lib.o
                0x00000000080025e8                USART3_IRQHandler
 .text.UART4_IRQHandler
                0x0000000008002600       0x18 ./Src/lib.o
                0x0000000008002600                UART4_IRQHandler
 .text.UART5_IRQHandler
                0x0000000008002618       0x18 ./Src/lib.o
                0x0000000008002618                UART5_IRQHandler
 .text.USART6_IRQHandler
                0x0000000008002630       0x18 ./Src/lib.o
                0x0000000008002630                USART6_IRQHandler
 .text._ZN9EmbSysLib2Hw13USBdevice_Mcu10EndpointIN6configEth
                0x0000000008002648       0x98 ./Src/lib.o
                0x0000000008002648                EmbSysLib::Hw::USBdevice_Mcu::EndpointIN::config(unsigned short, unsigned char)
 .text._ZN9EmbSysLib2Hw13USBdevice_Mcu10EndpointIN11writeToFifoEv
                0x00000000080026e0       0xb0 ./Src/lib.o
                0x00000000080026e0                EmbSysLib::Hw::USBdevice_Mcu::EndpointIN::writeToFifo()
 .text._ZN9EmbSysLib2Hw13USBdevice_Mcu10EndpointIN8transmitEb
                0x0000000008002790       0xc0 ./Src/lib.o
                0x0000000008002790                EmbSysLib::Hw::USBdevice_Mcu::EndpointIN::transmit(bool)
 .text._ZN9EmbSysLib2Hw13USBdevice_Mcu10EndpointIN11transmitZLPEv
                0x0000000008002850       0x40 ./Src/lib.o
                0x0000000008002850                EmbSysLib::Hw::USBdevice_Mcu::EndpointIN::transmitZLP()
 .text._ZN9EmbSysLib2Hw13USBdevice_Mcu10EndpointIN12getInterruptEv
                0x0000000008002890       0x3c ./Src/lib.o
                0x0000000008002890                EmbSysLib::Hw::USBdevice_Mcu::EndpointIN::getInterrupt()
 .text._ZN9EmbSysLib2Hw13USBdevice_Mcu10EndpointIN12clrInterruptEm
                0x00000000080028cc       0x2a ./Src/lib.o
                0x00000000080028cc                EmbSysLib::Hw::USBdevice_Mcu::EndpointIN::clrInterrupt(unsigned long)
 *fill*         0x00000000080028f6        0x2 
 .text._ZN9EmbSysLib2Hw13USBdevice_Mcu11EndpointOUT6configEth
                0x00000000080028f8       0x9c ./Src/lib.o
                0x00000000080028f8                EmbSysLib::Hw::USBdevice_Mcu::EndpointOUT::config(unsigned short, unsigned char)
 .text._ZN9EmbSysLib2Hw13USBdevice_Mcu11EndpointOUT12readFromFifoEt
                0x0000000008002994       0x66 ./Src/lib.o
                0x0000000008002994                EmbSysLib::Hw::USBdevice_Mcu::EndpointOUT::readFromFifo(unsigned short)
 *fill*         0x00000000080029fa        0x2 
 .text._ZN9EmbSysLib2Hw13USBdevice_Mcu11EndpointOUT7receiveEv
                0x00000000080029fc       0xac ./Src/lib.o
                0x00000000080029fc                EmbSysLib::Hw::USBdevice_Mcu::EndpointOUT::receive()
 .text._ZN9EmbSysLib2Hw13USBdevice_Mcu11EndpointOUT10receiveZLPEv
                0x0000000008002aa8       0x58 ./Src/lib.o
                0x0000000008002aa8                EmbSysLib::Hw::USBdevice_Mcu::EndpointOUT::receiveZLP()
 .text._ZN9EmbSysLib2Hw13USBdevice_Mcu11EndpointOUT12getInterruptEv
                0x0000000008002b00       0x28 ./Src/lib.o
                0x0000000008002b00                EmbSysLib::Hw::USBdevice_Mcu::EndpointOUT::getInterrupt()
 .text._ZN9EmbSysLib2Hw13USBdevice_Mcu11EndpointOUT12clrInterruptEm
                0x0000000008002b28       0x2a ./Src/lib.o
                0x0000000008002b28                EmbSysLib::Hw::USBdevice_Mcu::EndpointOUT::clrInterrupt(unsigned long)
 *fill*         0x0000000008002b52        0x2 
 .text._ZN9EmbSysLib2Hw13USBdevice_Mcu3isrEv
                0x0000000008002b54      0x57c ./Src/lib.o
                0x0000000008002b54                EmbSysLib::Hw::USBdevice_Mcu::isr()
 .text._ZN9EmbSysLib2Hw13USBdevice_Mcu14getInInterruptEv
                0x00000000080030d0       0x24 ./Src/lib.o
                0x00000000080030d0                EmbSysLib::Hw::USBdevice_Mcu::getInInterrupt()
 .text._ZN9EmbSysLib2Hw13USBdevice_Mcu15getOutInterruptEv
                0x00000000080030f4       0x28 ./Src/lib.o
                0x00000000080030f4                EmbSysLib::Hw::USBdevice_Mcu::getOutInterrupt()
 .text._ZN9EmbSysLib2Hw13USBdevice_Mcu18isInterruptPendingEm
                0x000000000800311c       0x34 ./Src/lib.o
                0x000000000800311c                EmbSysLib::Hw::USBdevice_Mcu::isInterruptPending(unsigned long)
 .text._ZN9EmbSysLib2Hw13USBdevice_Mcu12clrInterruptEm
                0x0000000008003150       0x26 ./Src/lib.o
                0x0000000008003150                EmbSysLib::Hw::USBdevice_Mcu::clrInterrupt(unsigned long)
 *fill*         0x0000000008003176        0x2 
 .text.OTG_FS_IRQHandler
                0x0000000008003178       0x18 ./Src/lib.o
                0x0000000008003178                OTG_FS_IRQHandler
 .text._ZN9EmbSysLib3Std6ReportC2Et
                0x0000000008003190       0x26 ./Src/lib.o
                0x0000000008003190                EmbSysLib::Std::Report::Report(unsigned short)
                0x0000000008003190                EmbSysLib::Std::Report::Report(unsigned short)
 *fill*         0x00000000080031b6        0x2 
 .text._ZN9EmbSysLib3Std6Report5storeEt
                0x00000000080031b8       0x44 ./Src/lib.o
                0x00000000080031b8                EmbSysLib::Std::Report::store(unsigned short)
 .text._ZN9EmbSysLib3Std6Report5errorEt
                0x00000000080031fc       0x48 ./Src/lib.o
                0x00000000080031fc                EmbSysLib::Std::Report::error(unsigned short)
 .text._ZN9EmbSysLib3Std6Report5alertEt
                0x0000000008003244       0x40 ./Src/lib.o
                0x0000000008003244                EmbSysLib::Std::Report::alert(unsigned short)
 .text._ZN9EmbSysLib3Std6Report7HandlerC2Ev
                0x0000000008003284       0x2c ./Src/lib.o
                0x0000000008003284                EmbSysLib::Std::Report::Handler::Handler()
                0x0000000008003284                EmbSysLib::Std::Report::Handler::Handler()
 .text._ZN9EmbSysLib3Std6Report7HandlerD2Ev
                0x00000000080032b0       0x34 ./Src/lib.o
                0x00000000080032b0                EmbSysLib::Std::Report::Handler::~Handler()
                0x00000000080032b0                EmbSysLib::Std::Report::Handler::~Handler()
 .text._ZN9EmbSysLib2Hw4FontC2EPKh
                0x00000000080032e4       0x26 ./Src/lib.o
                0x00000000080032e4                EmbSysLib::Hw::Font::Font(unsigned char const*)
                0x00000000080032e4                EmbSysLib::Hw::Font::Font(unsigned char const*)
 .text._ZNK9EmbSysLib2Hw4Font12getCharWidthEv
                0x000000000800330a       0x1a ./Src/lib.o
                0x000000000800330a                EmbSysLib::Hw::Font::getCharWidth() const
 .text._ZNK9EmbSysLib2Hw4Font13getCharHeightEv
                0x0000000008003324       0x1a ./Src/lib.o
                0x0000000008003324                EmbSysLib::Hw::Font::getCharHeight() const
 .text._ZN9EmbSysLib2Hw4Font7setCharEh
                0x000000000800333e       0x56 ./Src/lib.o
                0x000000000800333e                EmbSysLib::Hw::Font::setChar(unsigned char)
 .text._ZN9EmbSysLib2Hw4Font8getPixelEhh
                0x0000000008003394       0x6a ./Src/lib.o
                0x0000000008003394                EmbSysLib::Hw::Font::getPixel(unsigned char, unsigned char)
 .text._ZN9EmbSysLib2Hw6BitmapC2EPKh
                0x00000000080033fe       0x26 ./Src/lib.o
                0x00000000080033fe                EmbSysLib::Hw::Bitmap::Bitmap(unsigned char const*)
                0x00000000080033fe                EmbSysLib::Hw::Bitmap::Bitmap(unsigned char const*)
 .text._ZNK9EmbSysLib2Hw6Bitmap8getWidthEv
                0x0000000008003424       0x1a ./Src/lib.o
                0x0000000008003424                EmbSysLib::Hw::Bitmap::getWidth() const
 .text._ZNK9EmbSysLib2Hw6Bitmap9getHeightEv
                0x000000000800343e       0x1a ./Src/lib.o
                0x000000000800343e                EmbSysLib::Hw::Bitmap::getHeight() const
 .text._ZN9EmbSysLib2Hw6Bitmap8getPixelEtt
                0x0000000008003458       0x38 ./Src/lib.o
                0x0000000008003458                EmbSysLib::Hw::Bitmap::getPixel(unsigned short, unsigned short)
 .text._ZN9EmbSysLib2Hw11DisplayCharC2Ethh
                0x0000000008003490       0x4c ./Src/lib.o
                0x0000000008003490                EmbSysLib::Hw::DisplayChar::DisplayChar(unsigned short, unsigned char, unsigned char)
                0x0000000008003490                EmbSysLib::Hw::DisplayChar::DisplayChar(unsigned short, unsigned char, unsigned char)
 .text._ZN9EmbSysLib2Hw11DisplayChar16getNumberOfLinesEv
                0x00000000080034dc       0x1a ./Src/lib.o
                0x00000000080034dc                EmbSysLib::Hw::DisplayChar::getNumberOfLines()
 .text._ZN9EmbSysLib2Hw11DisplayChar18getNumberOfColumnsEv
                0x00000000080034f6       0x1a ./Src/lib.o
                0x00000000080034f6                EmbSysLib::Hw::DisplayChar::getNumberOfColumns()
 .text._ZN9EmbSysLib2Hw11DisplayChar9putStringEPKc
                0x0000000008003510       0x36 ./Src/lib.o
                0x0000000008003510                EmbSysLib::Hw::DisplayChar::putString(char const*)
 *fill*         0x0000000008003546        0x2 
 .text._ZN9EmbSysLib2Hw14DisplayGraphicC2EtttNS0_4FontEh
                0x0000000008003548       0xe8 ./Src/lib.o
                0x0000000008003548                EmbSysLib::Hw::DisplayGraphic::DisplayGraphic(unsigned short, unsigned short, unsigned short, EmbSysLib::Hw::Font, unsigned char)
                0x0000000008003548                EmbSysLib::Hw::DisplayGraphic::DisplayGraphic(unsigned short, unsigned short, unsigned short, EmbSysLib::Hw::Font, unsigned char)
 .text._ZN9EmbSysLib2Hw14DisplayGraphic7setFontENS0_4FontEh
                0x0000000008003630       0x2e ./Src/lib.o
                0x0000000008003630                EmbSysLib::Hw::DisplayGraphic::setFont(EmbSysLib::Hw::Font, unsigned char)
 .text._ZN9EmbSysLib2Hw14DisplayGraphic7setZoomEh
                0x000000000800365e       0x20 ./Src/lib.o
                0x000000000800365e                EmbSysLib::Hw::DisplayGraphic::setZoom(unsigned char)
 .text._ZN9EmbSysLib2Hw14DisplayGraphic12setBackColorEt
                0x000000000800367e       0x1e ./Src/lib.o
                0x000000000800367e                EmbSysLib::Hw::DisplayGraphic::setBackColor(unsigned short)
 .text._ZN9EmbSysLib2Hw14DisplayGraphic13setPaintColorEt
                0x000000000800369c       0x1e ./Src/lib.o
                0x000000000800369c                EmbSysLib::Hw::DisplayGraphic::setPaintColor(unsigned short)
 .text._ZN9EmbSysLib2Hw14DisplayGraphic12setTextColorEt
                0x00000000080036ba       0x1e ./Src/lib.o
                0x00000000080036ba                EmbSysLib::Hw::DisplayGraphic::setTextColor(unsigned short)
 .text._ZN9EmbSysLib2Hw14DisplayGraphic12gotoPixelPosEtt
                0x00000000080036d8       0x28 ./Src/lib.o
                0x00000000080036d8                EmbSysLib::Hw::DisplayGraphic::gotoPixelPos(unsigned short, unsigned short)
 .text._ZN9EmbSysLib2Hw14DisplayGraphic11gotoTextPosEhh
                0x0000000008003700       0x6c ./Src/lib.o
                0x0000000008003700                EmbSysLib::Hw::DisplayGraphic::gotoTextPos(unsigned char, unsigned char)
 .text._ZN9EmbSysLib2Hw14DisplayGraphic7putCharEc
                0x000000000800376c      0x158 ./Src/lib.o
                0x000000000800376c                EmbSysLib::Hw::DisplayGraphic::putChar(char)
 .text._ZN9EmbSysLib2Hw14DisplayGraphic8putPixelEtt
                0x00000000080038c4       0x2c ./Src/lib.o
                0x00000000080038c4                EmbSysLib::Hw::DisplayGraphic::putPixel(unsigned short, unsigned short)
 .text._ZN9EmbSysLib2Hw14DisplayGraphic12putRectangleEtttt
                0x00000000080038f0       0x76 ./Src/lib.o
                0x00000000080038f0                EmbSysLib::Hw::DisplayGraphic::putRectangle(unsigned short, unsigned short, unsigned short, unsigned short)
 .text._ZN9EmbSysLib2Hw14DisplayGraphic9putBitmapEttNS0_6BitmapE
                0x0000000008003966       0x9e ./Src/lib.o
                0x0000000008003966                EmbSysLib::Hw::DisplayGraphic::putBitmap(unsigned short, unsigned short, EmbSysLib::Hw::Bitmap)
 .text._ZN9EmbSysLib2Hw9I2CmasterC2Et
                0x0000000008003a04       0x34 ./Src/lib.o
                0x0000000008003a04                EmbSysLib::Hw::I2Cmaster::I2Cmaster(unsigned short)
                0x0000000008003a04                EmbSysLib::Hw::I2Cmaster::I2Cmaster(unsigned short)
 .text._ZN9EmbSysLib2Hw9I2Cmaster5writeEhPhhS2_h
                0x0000000008003a38       0xcc ./Src/lib.o
                0x0000000008003a38                EmbSysLib::Hw::I2Cmaster::write(unsigned char, unsigned char*, unsigned char, unsigned char*, unsigned char)
 .text._ZN9EmbSysLib2Hw9I2Cmaster4readEhPhhS2_h
                0x0000000008003b04      0x104 ./Src/lib.o
                0x0000000008003b04                EmbSysLib::Hw::I2Cmaster::read(unsigned char, unsigned char*, unsigned char, unsigned char*, unsigned char)
 .text._ZN9EmbSysLib2Hw6MemoryC2Etmhb
                0x0000000008003c08       0x48 ./Src/lib.o
                0x0000000008003c08                EmbSysLib::Hw::Memory::Memory(unsigned short, unsigned long, unsigned char, bool)
                0x0000000008003c08                EmbSysLib::Hw::Memory::Memory(unsigned short, unsigned long, unsigned char, bool)
 .text._ZN9EmbSysLib2Hw6Memory5writeEmh
                0x0000000008003c50       0x3e ./Src/lib.o
                0x0000000008003c50                EmbSysLib::Hw::Memory::write(unsigned long, unsigned char)
 .text._ZN9EmbSysLib2Hw6Memory4readEm
                0x0000000008003c8e       0x3e ./Src/lib.o
                0x0000000008003c8e                EmbSysLib::Hw::Memory::read(unsigned long)
 .text._ZN9EmbSysLib2Hw6Memory5eraseEv
                0x0000000008003ccc       0x4e ./Src/lib.o
                0x0000000008003ccc                EmbSysLib::Hw::Memory::erase()
 .text._ZNK9EmbSysLib2Hw6Memory7getSizeEv
                0x0000000008003d1a       0x18 ./Src/lib.o
                0x0000000008003d1a                EmbSysLib::Hw::Memory::getSize() const
 .text._ZNK9EmbSysLib2Hw6Memory7isFlashEv
                0x0000000008003d32       0x18 ./Src/lib.o
                0x0000000008003d32                EmbSysLib::Hw::Memory::isFlash() const
 *fill*         0x0000000008003d4a        0x2 
 .text._ZN9EmbSysLib2Hw4PortC2Et
                0x0000000008003d4c       0x30 ./Src/lib.o
                0x0000000008003d4c                EmbSysLib::Hw::Port::Port(unsigned short)
                0x0000000008003d4c                EmbSysLib::Hw::Port::Port(unsigned short)
 .text._ZN9EmbSysLib2Hw4Port3PinC2ERS1_h
                0x0000000008003d7c       0x40 ./Src/lib.o
                0x0000000008003d7c                EmbSysLib::Hw::Port::Pin::Pin(EmbSysLib::Hw::Port&, unsigned char)
                0x0000000008003d7c                EmbSysLib::Hw::Port::Pin::Pin(EmbSysLib::Hw::Port&, unsigned char)
 .text._ZN9EmbSysLib2Hw4Port3Pin7setModeENS1_4ModeE
                0x0000000008003dbc       0x2a ./Src/lib.o
                0x0000000008003dbc                EmbSysLib::Hw::Port::Pin::setMode(EmbSysLib::Hw::Port::Mode)
 .text._ZN9EmbSysLib2Hw4Port3Pin3setEv
                0x0000000008003de6       0x26 ./Src/lib.o
                0x0000000008003de6                EmbSysLib::Hw::Port::Pin::set()
 .text._ZN9EmbSysLib2Hw4Port3Pin3setEb
                0x0000000008003e0c       0x48 ./Src/lib.o
                0x0000000008003e0c                EmbSysLib::Hw::Port::Pin::set(bool)
 .text._ZN9EmbSysLib2Hw4Port3Pin3clrEv
                0x0000000008003e54       0x26 ./Src/lib.o
                0x0000000008003e54                EmbSysLib::Hw::Port::Pin::clr()
 .text._ZN9EmbSysLib2Hw4Port3Pin3getEv
                0x0000000008003e7a       0x34 ./Src/lib.o
                0x0000000008003e7a                EmbSysLib::Hw::Port::Pin::get()
 *fill*         0x0000000008003eae        0x2 
 .text._ZN9EmbSysLib2Hw5TimerC2Et
                0x0000000008003eb0       0x38 ./Src/lib.o
                0x0000000008003eb0                EmbSysLib::Hw::Timer::Timer(unsigned short)
                0x0000000008003eb0                EmbSysLib::Hw::Timer::Timer(unsigned short)
 .text._ZN9EmbSysLib2Hw5Timer12getCycleTimeEv
                0x0000000008003ee8       0x18 ./Src/lib.o
                0x0000000008003ee8                EmbSysLib::Hw::Timer::getCycleTime()
 .text._ZN9EmbSysLib2Hw5Timer3addEPNS1_4TaskE
                0x0000000008003f00       0x1e ./Src/lib.o
                0x0000000008003f00                EmbSysLib::Hw::Timer::add(EmbSysLib::Hw::Timer::Task*)
 .text._ZN9EmbSysLib2Hw5Timer10isrHandlerEv
                0x0000000008003f1e       0x3c ./Src/lib.o
                0x0000000008003f1e                EmbSysLib::Hw::Timer::isrHandler()
 *fill*         0x0000000008003f5a        0x2 
 .text._ZN9EmbSysLib2Hw5TouchC2EtttNS1_11OrientationE
                0x0000000008003f5c       0x60 ./Src/lib.o
                0x0000000008003f5c                EmbSysLib::Hw::Touch::Touch(unsigned short, unsigned short, unsigned short, EmbSysLib::Hw::Touch::Orientation)
                0x0000000008003f5c                EmbSysLib::Hw::Touch::Touch(unsigned short, unsigned short, unsigned short, EmbSysLib::Hw::Touch::Orientation)
 .text._ZN9EmbSysLib2Hw5Touch7getPosXEv
                0x0000000008003fbc       0x4e ./Src/lib.o
                0x0000000008003fbc                EmbSysLib::Hw::Touch::getPosX()
 .text._ZN9EmbSysLib2Hw5Touch7getPosYEv
                0x000000000800400a       0x4e ./Src/lib.o
                0x000000000800400a                EmbSysLib::Hw::Touch::getPosY()
 .text._ZN9EmbSysLib2Hw5Touch9isTouchedEv
                0x0000000008004058       0x18 ./Src/lib.o
                0x0000000008004058                EmbSysLib::Hw::Touch::isTouched()
 .text._ZN9EmbSysLib2Hw4UartC2Ettt
                0x0000000008004070       0x9c ./Src/lib.o
                0x0000000008004070                EmbSysLib::Hw::Uart::Uart(unsigned short, unsigned short, unsigned short)
                0x0000000008004070                EmbSysLib::Hw::Uart::Uart(unsigned short, unsigned short, unsigned short)
 .text._ZN9EmbSysLib2Hw4Uart5isrRxEv
                0x000000000800410c       0x30 ./Src/lib.o
                0x000000000800410c                EmbSysLib::Hw::Uart::isrRx()
 .text._ZN9EmbSysLib2Hw4Uart5isrTxEv
                0x000000000800413c       0x58 ./Src/lib.o
                0x000000000800413c                EmbSysLib::Hw::Uart::isrTx()
 .text._ZN9EmbSysLib2Hw4Uart12transmitByteEh
                0x0000000008004194       0x60 ./Src/lib.o
                0x0000000008004194                EmbSysLib::Hw::Uart::transmitByte(unsigned char)
 .text._ZN9EmbSysLib2Hw4Uart3setEh
                0x00000000080041f4       0x24 ./Src/lib.o
                0x00000000080041f4                EmbSysLib::Hw::Uart::set(unsigned char)
 .text._ZN9EmbSysLib2Hw4Uart3setEPKht
                0x0000000008004218       0x44 ./Src/lib.o
                0x0000000008004218                EmbSysLib::Hw::Uart::set(unsigned char const*, unsigned short)
 .text._ZN9EmbSysLib2Hw4Uart3setEPKc
                0x000000000800425c       0x34 ./Src/lib.o
                0x000000000800425c                EmbSysLib::Hw::Uart::set(char const*)
 .text._ZN9EmbSysLib2Hw4Uart14isTxBufferFullEv
                0x0000000008004290       0x1c ./Src/lib.o
                0x0000000008004290                EmbSysLib::Hw::Uart::isTxBufferFull()
 .text._ZN9EmbSysLib2Hw4Uart20getFifoRemainingSizeEv
                0x00000000080042ac       0x1c ./Src/lib.o
                0x00000000080042ac                EmbSysLib::Hw::Uart::getFifoRemainingSize()
 .text._ZN9EmbSysLib2Hw4Uart3getERh
                0x00000000080042c8       0x38 ./Src/lib.o
                0x00000000080042c8                EmbSysLib::Hw::Uart::get(unsigned char&)
 .text._ZN9EmbSysLib2Hw4Uart3getEv
                0x0000000008004300       0x32 ./Src/lib.o
                0x0000000008004300                EmbSysLib::Hw::Uart::get()
 *fill*         0x0000000008004332        0x2 
 .text._ZN9EmbSysLib3Dev7DigitalC2ERNS_2Hw4PortEhNS1_4ModeEb
                0x0000000008004334       0x68 ./Src/lib.o
                0x0000000008004334                EmbSysLib::Dev::Digital::Digital(EmbSysLib::Hw::Port&, unsigned char, EmbSysLib::Dev::Digital::Mode, bool)
                0x0000000008004334                EmbSysLib::Dev::Digital::Digital(EmbSysLib::Hw::Port&, unsigned char, EmbSysLib::Dev::Digital::Mode, bool)
 .text._ZN9EmbSysLib3Dev7Digital7setModeENS1_4ModeE
                0x000000000800439c       0x22 ./Src/lib.o
                0x000000000800439c                EmbSysLib::Dev::Digital::setMode(EmbSysLib::Dev::Digital::Mode)
 .text._ZN9EmbSysLib3Dev7Digital3setEb
                0x00000000080043be       0x36 ./Src/lib.o
                0x00000000080043be                EmbSysLib::Dev::Digital::set(bool)
 .text._ZN9EmbSysLib3Dev7Digital3getEv
                0x00000000080043f4       0x2c ./Src/lib.o
                0x00000000080043f4                EmbSysLib::Dev::Digital::get()
 .text._ZN9EmbSysLib3Dev10ScreenCharC2ERNS_2Hw11DisplayCharE
                0x0000000008004420       0x58 ./Src/lib.o
                0x0000000008004420                EmbSysLib::Dev::ScreenChar::ScreenChar(EmbSysLib::Hw::DisplayChar&)
                0x0000000008004420                EmbSysLib::Dev::ScreenChar::ScreenChar(EmbSysLib::Hw::DisplayChar&)
 .text._ZN9EmbSysLib3Dev10ScreenChar5clearEv
                0x0000000008004478       0x20 ./Src/lib.o
                0x0000000008004478                EmbSysLib::Dev::ScreenChar::clear()
 .text._ZN9EmbSysLib3Dev10ScreenChar7refreshEv
                0x0000000008004498       0x22 ./Src/lib.o
                0x0000000008004498                EmbSysLib::Dev::ScreenChar::refresh()
 .text._ZN9EmbSysLib3Dev10ScreenChar6printfEhhPKcz
                0x00000000080044ba       0x64 ./Src/lib.o
                0x00000000080044ba                EmbSysLib::Dev::ScreenChar::printf(unsigned char, unsigned char, char const*, ...)
 *fill*         0x000000000800451e        0x2 
 .text._ZN9EmbSysLib3Dev13ScreenGraphicC2ERNS_2Hw14DisplayGraphicE
                0x0000000008004520       0x54 ./Src/lib.o
                0x0000000008004520                EmbSysLib::Dev::ScreenGraphic::ScreenGraphic(EmbSysLib::Hw::DisplayGraphic&)
                0x0000000008004520                EmbSysLib::Dev::ScreenGraphic::ScreenGraphic(EmbSysLib::Hw::DisplayGraphic&)
 .text._ZN9EmbSysLib3Dev13ScreenGraphic5clearEv
                0x0000000008004574       0x22 ./Src/lib.o
                0x0000000008004574                EmbSysLib::Dev::ScreenGraphic::clear()
 .text._ZN9EmbSysLib3Dev13ScreenGraphic7refreshEv
                0x0000000008004596       0x22 ./Src/lib.o
                0x0000000008004596                EmbSysLib::Dev::ScreenGraphic::refresh()
 .text._ZN9EmbSysLib3Dev13ScreenGraphic6printfEhhPKcz
                0x00000000080045b8       0x66 ./Src/lib.o
                0x00000000080045b8                EmbSysLib::Dev::ScreenGraphic::printf(unsigned char, unsigned char, char const*, ...)
 .text._ZN9EmbSysLib3Dev13ScreenGraphic7setFontENS_2Hw4FontEh
                0x000000000800461e       0x30 ./Src/lib.o
                0x000000000800461e                EmbSysLib::Dev::ScreenGraphic::setFont(EmbSysLib::Hw::Font, unsigned char)
 .text._ZN9EmbSysLib3Dev13ScreenGraphic7setZoomEh
                0x000000000800464e       0x28 ./Src/lib.o
                0x000000000800464e                EmbSysLib::Dev::ScreenGraphic::setZoom(unsigned char)
 .text._ZN9EmbSysLib3Dev13ScreenGraphic12setBackColorEt
                0x0000000008004676       0x28 ./Src/lib.o
                0x0000000008004676                EmbSysLib::Dev::ScreenGraphic::setBackColor(unsigned short)
 .text._ZN9EmbSysLib3Dev13ScreenGraphic12setTextColorEt
                0x000000000800469e       0x28 ./Src/lib.o
                0x000000000800469e                EmbSysLib::Dev::ScreenGraphic::setTextColor(unsigned short)
 .text._ZN9EmbSysLib3Dev13ScreenGraphic8drawTextEttPKcz
                0x00000000080046c6       0x66 ./Src/lib.o
                0x00000000080046c6                EmbSysLib::Dev::ScreenGraphic::drawText(unsigned short, unsigned short, char const*, ...)
 .text._ZN9EmbSysLib3Dev13ScreenGraphic9drawPixelEttt
                0x000000000800472c       0x4a ./Src/lib.o
                0x000000000800472c                EmbSysLib::Dev::ScreenGraphic::drawPixel(unsigned short, unsigned short, unsigned short)
 .text._ZN9EmbSysLib3Dev13ScreenGraphic13drawRectangleEttttt
                0x0000000008004776       0x52 ./Src/lib.o
                0x0000000008004776                EmbSysLib::Dev::ScreenGraphic::drawRectangle(unsigned short, unsigned short, unsigned short, unsigned short, unsigned short)
 .text._ZN9EmbSysLib3Dev13ScreenGraphic13drawRectangleEtttttt
                0x00000000080047c8       0xc8 ./Src/lib.o
                0x00000000080047c8                EmbSysLib::Dev::ScreenGraphic::drawRectangle(unsigned short, unsigned short, unsigned short, unsigned short, unsigned short, unsigned short)
 .text._ZN9EmbSysLib3Dev13ScreenGraphic10drawCircleEttttt
                0x0000000008004890      0x2a4 ./Src/lib.o
                0x0000000008004890                EmbSysLib::Dev::ScreenGraphic::drawCircle(unsigned short, unsigned short, unsigned short, unsigned short, unsigned short)
 .text._ZN9EmbSysLib3Dev13ScreenGraphic10drawCircleEtttt
                0x0000000008004b34      0x156 ./Src/lib.o
                0x0000000008004b34                EmbSysLib::Dev::ScreenGraphic::drawCircle(unsigned short, unsigned short, unsigned short, unsigned short)
 .text._ZN9EmbSysLib3Dev13ScreenGraphic8drawLineEtttttt
                0x0000000008004c8a      0x222 ./Src/lib.o
                0x0000000008004c8a                EmbSysLib::Dev::ScreenGraphic::drawLine(unsigned short, unsigned short, unsigned short, unsigned short, unsigned short, unsigned short)
 .text._ZN9EmbSysLib3Dev13ScreenGraphic10drawBitmapEttRNS_2Hw6BitmapE
                0x0000000008004eac       0x38 ./Src/lib.o
                0x0000000008004eac                EmbSysLib::Dev::ScreenGraphic::drawBitmap(unsigned short, unsigned short, EmbSysLib::Hw::Bitmap&)
 .text._ZN9EmbSysLib3Dev7PointerC2ERNS_2Hw5TouchE
                0x0000000008004ee4       0x40 ./Src/lib.o
                0x0000000008004ee4                EmbSysLib::Dev::Pointer::Pointer(EmbSysLib::Hw::Touch&)
                0x0000000008004ee4                EmbSysLib::Dev::Pointer::Pointer(EmbSysLib::Hw::Touch&)
 .text._ZN9EmbSysLib3Dev7Pointer3getEv
                0x0000000008004f24      0x1c4 ./Src/lib.o
                0x0000000008004f24                EmbSysLib::Dev::Pointer::get()
 .text._ZN9EmbSysLib3Dev8TerminalC2ERNS_2Hw4UartEttPKcS6_
                0x00000000080050e8       0x94 ./Src/lib.o
                0x00000000080050e8                EmbSysLib::Dev::Terminal::Terminal(EmbSysLib::Hw::Uart&, unsigned short, unsigned short, char const*, char const*)
                0x00000000080050e8                EmbSysLib::Dev::Terminal::Terminal(EmbSysLib::Hw::Uart&, unsigned short, unsigned short, char const*, char const*)
 .text._ZN9EmbSysLib3Dev8Terminal6printfEPKcz
                0x000000000800517c       0x58 ./Src/lib.o
                0x000000000800517c                EmbSysLib::Dev::Terminal::printf(char const*, ...)
 .text._ZN9EmbSysLib3Dev11TaskManager4TaskC2Ev
                0x00000000080051d4       0x24 ./Src/lib.o
                0x00000000080051d4                EmbSysLib::Dev::TaskManager::Task::Task()
                0x00000000080051d4                EmbSysLib::Dev::TaskManager::Task::Task()
 .text._ZN9EmbSysLib4Ctrl13DigitalButtonC2ERNS_3Dev7DigitalERNS2_11TaskManagerEtt
                0x00000000080051f8       0x9c ./Src/lib.o
                0x00000000080051f8                EmbSysLib::Ctrl::DigitalButton::DigitalButton(EmbSysLib::Dev::Digital&, EmbSysLib::Dev::TaskManager&, unsigned short, unsigned short)
                0x00000000080051f8                EmbSysLib::Ctrl::DigitalButton::DigitalButton(EmbSysLib::Dev::Digital&, EmbSysLib::Dev::TaskManager&, unsigned short, unsigned short)
 .text._ZN9EmbSysLib4Ctrl13DigitalButton6updateEv
                0x0000000008005294       0xec ./Src/lib.o
                0x0000000008005294                EmbSysLib::Ctrl::DigitalButton::update()
 .text._ZN9EmbSysLib4Ctrl14DigitalEncoderC2EPNS_3Dev7DigitalERNS2_11TaskManagerE
                0x0000000008005380       0x4c ./Src/lib.o
                0x0000000008005380                EmbSysLib::Ctrl::DigitalEncoder::DigitalEncoder(EmbSysLib::Dev::Digital*, EmbSysLib::Dev::TaskManager&)
                0x0000000008005380                EmbSysLib::Ctrl::DigitalEncoder::DigitalEncoder(EmbSysLib::Dev::Digital*, EmbSysLib::Dev::TaskManager&)
 .text._ZN9EmbSysLib4Ctrl14DigitalEncoder6updateEv
                0x00000000080053cc       0xc4 ./Src/lib.o
                0x00000000080053cc                EmbSysLib::Ctrl::DigitalEncoder::update()
 .text._ZN9EmbSysLib4Ctrl14DigitalEncoder7getCtrlEv
                0x0000000008005490       0x40 ./Src/lib.o
                0x0000000008005490                EmbSysLib::Ctrl::DigitalEncoder::getCtrl()
 .text._ZN9EmbSysLib4Ctrl22DigitalEncoderJoystickC2EPNS_3Dev7DigitalES4_S4_RNS2_11TaskManagerEt
                0x00000000080054d0       0x64 ./Src/lib.o
                0x00000000080054d0                EmbSysLib::Ctrl::DigitalEncoderJoystick::DigitalEncoderJoystick(EmbSysLib::Dev::Digital*, EmbSysLib::Dev::Digital*, EmbSysLib::Dev::Digital*, EmbSysLib::Dev::TaskManager&, unsigned short)
                0x00000000080054d0                EmbSysLib::Ctrl::DigitalEncoderJoystick::DigitalEncoderJoystick(EmbSysLib::Dev::Digital*, EmbSysLib::Dev::Digital*, EmbSysLib::Dev::Digital*, EmbSysLib::Dev::TaskManager&, unsigned short)
 .text._ZN9EmbSysLib4Ctrl22DigitalEncoderJoystick12getIncrementEv
                0x0000000008005534       0xe2 ./Src/lib.o
                0x0000000008005534                EmbSysLib::Ctrl::DigitalEncoderJoystick::getIncrement()
 *fill*         0x0000000008005616        0x2 
 .text._ZN9EmbSysLib4Ctrl16DigitalIndicatorC2ERNS_3Dev7DigitalERNS2_11TaskManagerE
                0x0000000008005618       0x58 ./Src/lib.o
                0x0000000008005618                EmbSysLib::Ctrl::DigitalIndicator::DigitalIndicator(EmbSysLib::Dev::Digital&, EmbSysLib::Dev::TaskManager&)
                0x0000000008005618                EmbSysLib::Ctrl::DigitalIndicator::DigitalIndicator(EmbSysLib::Dev::Digital&, EmbSysLib::Dev::TaskManager&)
 .text._ZN9EmbSysLib4Ctrl16DigitalIndicator6updateEv
                0x0000000008005670       0x90 ./Src/lib.o
                0x0000000008005670                EmbSysLib::Ctrl::DigitalIndicator::update()
 .text._ZN9EmbSysLib4Ctrl16DigitalIndicator3clrEv
                0x0000000008005700       0x3a ./Src/lib.o
                0x0000000008005700                EmbSysLib::Ctrl::DigitalIndicator::clr()
 .text._ZN9EmbSysLib4Ctrl16DigitalIndicator7triggerEt
                0x000000000800573a       0x50 ./Src/lib.o
                0x000000000800573a                EmbSysLib::Ctrl::DigitalIndicator::trigger(unsigned short)
 .text._ZN9EmbSysLib3Std8SequenceINS_2Hw5Timer4TaskEE4ItemC2EPS5_
                0x000000000800578a       0x2c ./Src/lib.o
                0x000000000800578a                EmbSysLib::Std::Sequence<EmbSysLib::Hw::Timer::Task>::Item::Item(EmbSysLib::Std::Sequence<EmbSysLib::Hw::Timer::Task>*)
                0x000000000800578a                EmbSysLib::Std::Sequence<EmbSysLib::Hw::Timer::Task>::Item::Item(EmbSysLib::Std::Sequence<EmbSysLib::Hw::Timer::Task>*)
 .text._ZN9EmbSysLib3Std3MINItEET_S2_S2_
                0x00000000080057b6       0x2a ./Src/lib.o
                0x00000000080057b6                unsigned short EmbSysLib::Std::MIN<unsigned short>(unsigned short, unsigned short)
 .text._ZN9EmbSysLib3Std5RANGEItEET_S2_S2_S2_
                0x00000000080057e0       0x38 ./Src/lib.o
                0x00000000080057e0                unsigned short EmbSysLib::Std::RANGE<unsigned short>(unsigned short, unsigned short, unsigned short)
 .text._ZN9EmbSysLib3Std3MINIhEET_S2_S2_
                0x0000000008005818       0x2a ./Src/lib.o
                0x0000000008005818                unsigned char EmbSysLib::Std::MIN<unsigned char>(unsigned char, unsigned char)
 .text._ZN9EmbSysLib3Std8SequenceINS_2Hw5Timer4TaskEEC2Ev
                0x0000000008005842       0x1c ./Src/lib.o
                0x0000000008005842                EmbSysLib::Std::Sequence<EmbSysLib::Hw::Timer::Task>::Sequence()
                0x0000000008005842                EmbSysLib::Std::Sequence<EmbSysLib::Hw::Timer::Task>::Sequence()
 .text._ZN9EmbSysLib3Std8SequenceINS_2Hw5Timer4TaskEE3addEPS4_
                0x000000000800585e       0x58 ./Src/lib.o
                0x000000000800585e                EmbSysLib::Std::Sequence<EmbSysLib::Hw::Timer::Task>::add(EmbSysLib::Hw::Timer::Task*)
 .text._ZN9EmbSysLib3Std8SequenceINS_2Hw5Timer4TaskEE8getFirstEv
                0x00000000080058b6       0x18 ./Src/lib.o
                0x00000000080058b6                EmbSysLib::Std::Sequence<EmbSysLib::Hw::Timer::Task>::getFirst()
 .text._ZN9EmbSysLib3Std8SequenceINS_2Hw5Timer4TaskEE4Item7getNextEv
                0x00000000080058ce       0x18 ./Src/lib.o
                0x00000000080058ce                EmbSysLib::Std::Sequence<EmbSysLib::Hw::Timer::Task>::Item::getNext()
 .text._ZN9EmbSysLib3Std4FifoIhEC2Et
                0x00000000080058e6       0x56 ./Src/lib.o
                0x00000000080058e6                EmbSysLib::Std::Fifo<unsigned char>::Fifo(unsigned short)
                0x00000000080058e6                EmbSysLib::Std::Fifo<unsigned char>::Fifo(unsigned short)
 .text._ZN9EmbSysLib3Std4FifoIhE7getSizeEv
                0x000000000800593c       0x18 ./Src/lib.o
                0x000000000800593c                EmbSysLib::Std::Fifo<unsigned char>::getSize()
 .text._ZN9EmbSysLib3Std4FifoIhElsERKh
                0x0000000008005954       0x6c ./Src/lib.o
                0x0000000008005954                EmbSysLib::Std::Fifo<unsigned char>::operator<<(unsigned char const&)
 .text._ZN9EmbSysLib3Std4FifoIhE7isEmptyEv
                0x00000000080059c0       0x28 ./Src/lib.o
                0x00000000080059c0                EmbSysLib::Std::Fifo<unsigned char>::isEmpty()
 .text._ZN9EmbSysLib3Std4FifoIhErsERh
                0x00000000080059e8       0x68 ./Src/lib.o
                0x00000000080059e8                EmbSysLib::Std::Fifo<unsigned char>::operator>>(unsigned char&)
 .text._ZN9EmbSysLib3Std4FifoIhE6isFullEv
                0x0000000008005a50       0x2c ./Src/lib.o
                0x0000000008005a50                EmbSysLib::Std::Fifo<unsigned char>::isFull()
 .text._ZN9EmbSysLib3Std4FifoIhE7getFreeEv
                0x0000000008005a7c       0x38 ./Src/lib.o
                0x0000000008005a7c                EmbSysLib::Std::Fifo<unsigned char>::getFree()
 .text._ZN9EmbSysLib3Std5RANGEIsEET_S2_S2_S2_
                0x0000000008005ab4       0x46 ./Src/lib.o
                0x0000000008005ab4                short EmbSysLib::Std::RANGE<short>(short, short, short)
 .text._ZN9EmbSysLib3Std4FlagINS_4Ctrl13DigitalButton6ActionEEC2ES4_
                0x0000000008005afa       0x26 ./Src/lib.o
                0x0000000008005afa                EmbSysLib::Std::Flag<EmbSysLib::Ctrl::DigitalButton::Action>::Flag(EmbSysLib::Ctrl::DigitalButton::Action)
                0x0000000008005afa                EmbSysLib::Std::Flag<EmbSysLib::Ctrl::DigitalButton::Action>::Flag(EmbSysLib::Ctrl::DigitalButton::Action)
 .text._ZN9EmbSysLib3Std4FlagINS_4Ctrl13DigitalButton6ActionEEaSERKS4_
                0x0000000008005b20       0x1e ./Src/lib.o
                0x0000000008005b20                EmbSysLib::Std::Flag<EmbSysLib::Ctrl::DigitalButton::Action>::operator=(EmbSysLib::Ctrl::DigitalButton::Action const&)
 .text._ZN9EmbSysLib3Std4FifoINS_4Ctrl14DigitalEncoder5EventEEC2Et
                0x0000000008005b3e       0x56 ./Src/lib.o
                0x0000000008005b3e                EmbSysLib::Std::Fifo<EmbSysLib::Ctrl::DigitalEncoder::Event>::Fifo(unsigned short)
                0x0000000008005b3e                EmbSysLib::Std::Fifo<EmbSysLib::Ctrl::DigitalEncoder::Event>::Fifo(unsigned short)
 .text._ZN9EmbSysLib3Std4FifoINS_4Ctrl14DigitalEncoder5EventEE6isFullEv
                0x0000000008005b94       0x2c ./Src/lib.o
                0x0000000008005b94                EmbSysLib::Std::Fifo<EmbSysLib::Ctrl::DigitalEncoder::Event>::isFull()
 .text._ZN9EmbSysLib3Std4FifoINS_4Ctrl14DigitalEncoder5EventEElsERKS4_
                0x0000000008005bc0       0x6c ./Src/lib.o
                0x0000000008005bc0                EmbSysLib::Std::Fifo<EmbSysLib::Ctrl::DigitalEncoder::Event>::operator<<(EmbSysLib::Ctrl::DigitalEncoder::Event const&)
 .text._Z41__static_initialization_and_destruction_0ii
                0x0000000008005c2c       0x30 ./Src/lib.o
 .text._GLOBAL__sub_I__ZN9EmbSysLib2Hw6System12cntInterruptE
                0x0000000008005c5c       0x10 ./Src/lib.o
 .text._ZN9EmbSysLib2Hw9I2Cmaster6DeviceC2ERS1_h
                0x0000000008005c6c       0x38 ./Src/main.o
                0x0000000008005c6c                EmbSysLib::Hw::I2Cmaster::Device::Device(EmbSysLib::Hw::I2Cmaster&, unsigned char)
                0x0000000008005c6c                EmbSysLib::Hw::I2Cmaster::Device::Device(EmbSysLib::Hw::I2Cmaster&, unsigned char)
 .text._ZN9EmbSysLib2Hw9I2Cmaster6Device7isErrorEv
                0x0000000008005ca4       0x22 ./Src/main.o
                0x0000000008005ca4                EmbSysLib::Hw::I2Cmaster::Device::isError()
 *fill*         0x0000000008005cc6        0x2 
 .text._ZN9EmbSysLib2Hw8Ltdc_McuC2Em
                0x0000000008005cc8       0x48 ./Src/main.o
                0x0000000008005cc8                EmbSysLib::Hw::Ltdc_Mcu::Ltdc_Mcu(unsigned long)
                0x0000000008005cc8                EmbSysLib::Hw::Ltdc_Mcu::Ltdc_Mcu(unsigned long)
 .text._ZN9EmbSysLib2Hw8Ltdc_Mcu4InitEtt
                0x0000000008005d10       0xac ./Src/main.o
                0x0000000008005d10                EmbSysLib::Hw::Ltdc_Mcu::Init(unsigned short, unsigned short)
 .text._ZN9EmbSysLib2Hw8Ltdc_Mcu11LayerConfigEmmh
                0x0000000008005dbc       0xcc ./Src/main.o
                0x0000000008005dbc                EmbSysLib::Hw::Ltdc_Mcu::LayerConfig(unsigned long, unsigned long, unsigned char)
 .text._ZN9EmbSysLib2Hw7Fmc_McuC2ENS1_7FMCtypeEb
                0x0000000008005e88      0x2a0 ./Src/main.o
                0x0000000008005e88                EmbSysLib::Hw::Fmc_Mcu::Fmc_Mcu(EmbSysLib::Hw::Fmc_Mcu::FMCtype, bool)
                0x0000000008005e88                EmbSysLib::Hw::Fmc_Mcu::Fmc_Mcu(EmbSysLib::Hw::Fmc_Mcu::FMCtype, bool)
 .text._ZN9EmbSysLib2Hw7Fmc_Mcu9startAddrEv
                0x0000000008006128       0x26 ./Src/main.o
                0x0000000008006128                EmbSysLib::Hw::Fmc_Mcu::startAddr()
 *fill*         0x000000000800614e        0x2 
 .text._ZN9EmbSysLib2Hw7Fmc_Mcu10SDRAM_InitEv
                0x0000000008006150      0x100 ./Src/main.o
                0x0000000008006150                EmbSysLib::Hw::Fmc_Mcu::SDRAM_Init()
 .text._ZN9EmbSysLib2Hw7Fmc_Mcu11SendCommandEmmm
                0x0000000008006250       0x80 ./Src/main.o
                0x0000000008006250                EmbSysLib::Hw::Fmc_Mcu::SendCommand(unsigned long, unsigned long, unsigned long)
 .text._ZN9EmbSysLib2Hw7Dsi_McuC2Em
                0x00000000080062d0       0x54 ./Src/main.o
                0x00000000080062d0                EmbSysLib::Hw::Dsi_Mcu::Dsi_Mcu(unsigned long)
                0x00000000080062d0                EmbSysLib::Hw::Dsi_Mcu::Dsi_Mcu(unsigned long)
 *fill*         0x0000000008006324        0x4 
 .text._ZN9EmbSysLib2Hw7Dsi_Mcu4InitEttb
                0x0000000008006328      0x1e4 ./Src/main.o
                0x0000000008006328                EmbSysLib::Hw::Dsi_Mcu::Init(unsigned short, unsigned short, bool)
 .text._ZN9EmbSysLib2Hw7Dsi_Mcu9startLTDCEtt
                0x000000000800650c       0x40 ./Src/main.o
                0x000000000800650c                EmbSysLib::Hw::Dsi_Mcu::startLTDC(unsigned short, unsigned short)
 .text._ZN9EmbSysLib2Hw7Dsi_Mcu10writeShortEhh
                0x000000000800654c       0x4c ./Src/main.o
                0x000000000800654c                EmbSysLib::Hw::Dsi_Mcu::writeShort(unsigned char, unsigned char)
 .text._ZN9EmbSysLib2Hw7Dsi_Mcu9writeLongEPhm
                0x0000000008006598       0x98 ./Src/main.o
                0x0000000008006598                EmbSysLib::Hw::Dsi_Mcu::writeLong(unsigned char*, unsigned long)
 .text._ZN9EmbSysLib2Hw7Dsi_Mcu14DisplayRefreshEv
                0x0000000008006630       0x28 ./Src/main.o
                0x0000000008006630                EmbSysLib::Hw::Dsi_Mcu::DisplayRefresh()
 .text._ZN9EmbSysLib2Hw11MemoryImageC2ERNS0_6MemoryEPKc
                0x0000000008006658      0x14c ./Src/main.o
                0x0000000008006658                EmbSysLib::Hw::MemoryImage::MemoryImage(EmbSysLib::Hw::Memory&, char const*)
                0x0000000008006658                EmbSysLib::Hw::MemoryImage::MemoryImage(EmbSysLib::Hw::Memory&, char const*)
 .text._ZN9EmbSysLib2Hw11MemoryImage6unlockEv
                0x00000000080067a4       0x14 ./Src/main.o
                0x00000000080067a4                EmbSysLib::Hw::MemoryImage::unlock()
 .text._ZN9EmbSysLib2Hw11MemoryImage4lockEv
                0x00000000080067b8       0x14 ./Src/main.o
                0x00000000080067b8                EmbSysLib::Hw::MemoryImage::lock()
 .text._ZN9EmbSysLib2Hw11MemoryImage6getPtrEv
                0x00000000080067cc       0x18 ./Src/main.o
                0x00000000080067cc                EmbSysLib::Hw::MemoryImage::getPtr()
 .text._ZN9EmbSysLib2Hw11MemoryImage9writeByteEmh
                0x00000000080067e4       0x22 ./Src/main.o
                0x00000000080067e4                EmbSysLib::Hw::MemoryImage::writeByte(unsigned long, unsigned char)
 .text._ZN9EmbSysLib2Hw11MemoryImage8readByteEm
                0x0000000008006806       0x20 ./Src/main.o
                0x0000000008006806                EmbSysLib::Hw::MemoryImage::readByte(unsigned long)
 *fill*         0x0000000008006826        0x2 
 .text._ZN9EmbSysLib3Dev11TaskManagerC2ERNS_2Hw5TimerE
                0x0000000008006828       0x5c ./Src/main.o
                0x0000000008006828                EmbSysLib::Dev::TaskManager::TaskManager(EmbSysLib::Hw::Timer&)
                0x0000000008006828                EmbSysLib::Dev::TaskManager::TaskManager(EmbSysLib::Hw::Timer&)
 .text._ZN9EmbSysLib3Dev11TaskManager3addEPNS1_4TaskE
                0x0000000008006884       0x26 ./Src/main.o
                0x0000000008006884                EmbSysLib::Dev::TaskManager::add(EmbSysLib::Dev::TaskManager::Task*)
 .text._ZN9EmbSysLib3Dev11TaskManager12getCycleTimeEv
                0x00000000080068aa       0x18 ./Src/main.o
                0x00000000080068aa                EmbSysLib::Dev::TaskManager::getCycleTime()
 .text._ZN9EmbSysLib3Dev11TaskManager7getTicsEv
                0x00000000080068c2       0x1c ./Src/main.o
                0x00000000080068c2                EmbSysLib::Dev::TaskManager::getTics()
 .text._ZN9EmbSysLib3Dev11TaskManager6updateEv
                0x00000000080068de       0x24 ./Src/main.o
                0x00000000080068de                EmbSysLib::Dev::TaskManager::update()
 .text._ZN15myReportHandler8onReportEttb
                0x0000000008006902       0x2e ./Src/main.o
                0x0000000008006902                myReportHandler::onReport(unsigned short, unsigned short, bool)
 .text._ZN15myReportHandlerC2Ev
                0x0000000008006930       0x24 ./Src/main.o
                0x0000000008006930                myReportHandler::myReportHandler()
                0x0000000008006930                myReportHandler::myReportHandler()
 .text._ZN9EmbSysLib2Hw23DisplayGraphic_OTM8009AC2ERNS0_7Dsi_McuERNS0_4Port3PinENS1_11OrientationENS0_4FontEh
                0x0000000008006954       0xf8 ./Src/main.o
                0x0000000008006954                EmbSysLib::Hw::DisplayGraphic_OTM8009A::DisplayGraphic_OTM8009A(EmbSysLib::Hw::Dsi_Mcu&, EmbSysLib::Hw::Port::Pin&, EmbSysLib::Hw::DisplayGraphic_OTM8009A::Orientation, EmbSysLib::Hw::Font, unsigned char)
                0x0000000008006954                EmbSysLib::Hw::DisplayGraphic_OTM8009A::DisplayGraphic_OTM8009A(EmbSysLib::Hw::Dsi_Mcu&, EmbSysLib::Hw::Port::Pin&, EmbSysLib::Hw::DisplayGraphic_OTM8009A::Orientation, EmbSysLib::Hw::Font, unsigned char)
 .text._ZN9EmbSysLib2Hw23DisplayGraphic_OTM8009A4initEv
                0x0000000008006a4c     0x121c ./Src/main.o
                0x0000000008006a4c                EmbSysLib::Hw::DisplayGraphic_OTM8009A::init()
 .text._ZN9EmbSysLib2Hw26DisplayGraphic_OTM8009AramC2ERNS0_7Dsi_McuERNS0_4Port3PinENS0_23DisplayGraphic_OTM8009A11OrientationENS0_4FontEh
                0x0000000008007c68       0x98 ./Src/main.o
                0x0000000008007c68                EmbSysLib::Hw::DisplayGraphic_OTM8009Aram::DisplayGraphic_OTM8009Aram(EmbSysLib::Hw::Dsi_Mcu&, EmbSysLib::Hw::Port::Pin&, EmbSysLib::Hw::DisplayGraphic_OTM8009A::Orientation, EmbSysLib::Hw::Font, unsigned char)
                0x0000000008007c68                EmbSysLib::Hw::DisplayGraphic_OTM8009Aram::DisplayGraphic_OTM8009Aram(EmbSysLib::Hw::Dsi_Mcu&, EmbSysLib::Hw::Port::Pin&, EmbSysLib::Hw::DisplayGraphic_OTM8009A::Orientation, EmbSysLib::Hw::Font, unsigned char)
 .text._ZN9EmbSysLib2Hw26DisplayGraphic_OTM8009Aram7refreshEv
                0x0000000008007d00       0x1a ./Src/main.o
                0x0000000008007d00                EmbSysLib::Hw::DisplayGraphic_OTM8009Aram::refresh()
 .text._ZN9EmbSysLib2Hw26DisplayGraphic_OTM8009Aram5clearEv
                0x0000000008007d1a       0x52 ./Src/main.o
                0x0000000008007d1a                EmbSysLib::Hw::DisplayGraphic_OTM8009Aram::clear()
 .text._ZN9EmbSysLib2Hw26DisplayGraphic_OTM8009Aram7setAreaEtttt
                0x0000000008007d6c       0x7a ./Src/main.o
                0x0000000008007d6c                EmbSysLib::Hw::DisplayGraphic_OTM8009Aram::setArea(unsigned short, unsigned short, unsigned short, unsigned short)
 .text._ZN9EmbSysLib2Hw26DisplayGraphic_OTM8009Aram8setPixelEttt
                0x0000000008007de6       0x48 ./Src/main.o
                0x0000000008007de6                EmbSysLib::Hw::DisplayGraphic_OTM8009Aram::setPixel(unsigned short, unsigned short, unsigned short)
 .text._ZN9EmbSysLib2Hw26DisplayGraphic_OTM8009Aram8setPixelEt
                0x0000000008007e2e       0x7a ./Src/main.o
                0x0000000008007e2e                EmbSysLib::Hw::DisplayGraphic_OTM8009Aram::setPixel(unsigned short)
 .text._ZN9EmbSysLib2Hw12Touch_FT6206C2ERNS0_9I2CmasterEttNS0_5Touch11OrientationE
                0x0000000008007ea8       0x4c ./Src/main.o
                0x0000000008007ea8                EmbSysLib::Hw::Touch_FT6206::Touch_FT6206(EmbSysLib::Hw::I2Cmaster&, unsigned short, unsigned short, EmbSysLib::Hw::Touch::Orientation)
                0x0000000008007ea8                EmbSysLib::Hw::Touch_FT6206::Touch_FT6206(EmbSysLib::Hw::I2Cmaster&, unsigned short, unsigned short, EmbSysLib::Hw::Touch::Orientation)
 .text._ZN9EmbSysLib2Hw12Touch_FT62066updateEv
                0x0000000008007ef4       0x86 ./Src/main.o
                0x0000000008007ef4                EmbSysLib::Hw::Touch_FT6206::update()
 *fill*         0x0000000008007f7a        0x2 
 .text._ZN14GraphicsObjectC2Ev
                0x0000000008007f7c       0x20 ./Src/main.o
                0x0000000008007f7c                GraphicsObject::GraphicsObject()
                0x0000000008007f7c                GraphicsObject::GraphicsObject()
 .text._ZN5CrossC2Ei
                0x0000000008007f9c       0x34 ./Src/main.o
                0x0000000008007f9c                Cross::Cross(int)
                0x0000000008007f9c                Cross::Cross(int)
 .text._ZNK5Cross4drawEv
                0x0000000008007fd0       0xc0 ./Src/main.o
                0x0000000008007fd0                Cross::draw() const
 .text._ZN5Cross7setDarkEv
                0x0000000008008090       0x1c ./Src/main.o
                0x0000000008008090                Cross::setDark()
 .text._ZN6CircleC2Ei
                0x00000000080080ac       0x34 ./Src/main.o
                0x00000000080080ac                Circle::Circle(int)
                0x00000000080080ac                Circle::Circle(int)
 .text._ZNK6Circle4drawEv
                0x00000000080080e0       0x84 ./Src/main.o
                0x00000000080080e0                Circle::draw() const
 .text._ZN6Circle7setDarkEv
                0x0000000008008164       0x1a ./Src/main.o
                0x0000000008008164                Circle::setDark()
 *fill*         0x000000000800817e        0x2 
 .text._ZNK4Grid4drawEv
                0x0000000008008180       0xb4 ./Src/main.o
                0x0000000008008180                Grid::draw() const
 .text._ZNK4Grid7getRectEii
                0x0000000008008234       0x68 ./Src/main.o
                0x0000000008008234                Grid::getRect(int, int) const
 .text._ZN13TicTacToeGameC2Ev
                0x000000000800829c       0x46 ./Src/main.o
                0x000000000800829c                TicTacToeGame::TicTacToeGame()
                0x000000000800829c                TicTacToeGame::TicTacToeGame()
 .text._ZN13TicTacToeGame7setMoveEi
                0x00000000080082e2      0x100 ./Src/main.o
                0x00000000080082e2                TicTacToeGame::setMove(int)
 .text._ZNK13TicTacToeGame11checkWinnerEv
                0x00000000080083e2       0x16 ./Src/main.o
                0x00000000080083e2                TicTacToeGame::checkWinner() const
 .text.main     0x00000000080083f8       0xdc ./Src/main.o
                0x00000000080083f8                main
 .text._ZN9EmbSysLib3Std5RANGEImEET_S2_S2_S2_
                0x00000000080084d4       0x32 ./Src/main.o
                0x00000000080084d4                unsigned long EmbSysLib::Std::RANGE<unsigned long>(unsigned long, unsigned long, unsigned long)
 .text._ZN9EmbSysLib2Hw9I2Cmaster6Device4readIhNS0_12Touch_FT62067TscDataEEEvT_PT0_
                0x0000000008008506       0x48 ./Src/main.o
                0x0000000008008506                void EmbSysLib::Hw::I2Cmaster::Device::read<unsigned char, EmbSysLib::Hw::Touch_FT6206::TscData>(unsigned char, EmbSysLib::Hw::Touch_FT6206::TscData*)
 *fill*         0x000000000800854e        0x2 
 .text._ZN15myReportHandlerD2Ev
                0x0000000008008550       0x24 ./Src/main.o
                0x0000000008008550                myReportHandler::~myReportHandler()
                0x0000000008008550                myReportHandler::~myReportHandler()
 .text._Z41__static_initialization_and_destruction_0ii
                0x0000000008008574      0x340 ./Src/main.o
 .text._GLOBAL__sub_I_report
                0x00000000080088b4       0x10 ./Src/main.o
 .text._GLOBAL__sub_D_report
                0x00000000080088c4       0x10 ./Src/main.o
 .text.Reset_Handler
                0x00000000080088d4       0x50 ./Src/startup.o
                0x00000000080088d4                Reset_Handler
 .text.Default_Handler
                0x0000000008008924        0x2 ./Src/startup.o
                0x0000000008008924                HASH_RNG_IRQHandler
                0x0000000008008924                EXTI2_IRQHandler
                0x0000000008008924                DebugMon_Handler
                0x0000000008008924                UART8_IRQHandler
                0x0000000008008924                SPI4_IRQHandler
                0x0000000008008924                TIM1_CC_IRQHandler
                0x0000000008008924                DMA2_Stream5_IRQHandler
                0x0000000008008924                HardFault_Handler
                0x0000000008008924                JPEG_IRQHandler
                0x0000000008008924                DMA1_Stream5_IRQHandler
                0x0000000008008924                CAN3_RX1_IRQHandler
                0x0000000008008924                PVD_IRQHandler
                0x0000000008008924                TAMP_STAMP_IRQHandler
                0x0000000008008924                NMI_Handler
                0x0000000008008924                CAN2_RX1_IRQHandler
                0x0000000008008924                EXTI3_IRQHandler
                0x0000000008008924                DFSDM1_FLT1_IRQHandler
                0x0000000008008924                TIM8_UP_TIM13_IRQHandler
                0x0000000008008924                I2C3_ER_IRQHandler
                0x0000000008008924                DFSDM1_FLT2_IRQHandler
                0x0000000008008924                EXTI0_IRQHandler
                0x0000000008008924                I2C2_EV_IRQHandler
                0x0000000008008924                DMA1_Stream2_IRQHandler
                0x0000000008008924                CAN1_RX0_IRQHandler
                0x0000000008008924                FPU_IRQHandler
                0x0000000008008924                OTG_HS_WKUP_IRQHandler
                0x0000000008008924                CAN3_SCE_IRQHandler
                0x0000000008008924                UsageFault_Handler
                0x0000000008008924                LTDC_ER_IRQHandler
                0x0000000008008924                CAN2_SCE_IRQHandler
                0x0000000008008924                DMA2_Stream2_IRQHandler
                0x0000000008008924                SPI1_IRQHandler
                0x0000000008008924                TIM6_DAC_IRQHandler
                0x0000000008008924                TIM1_BRK_TIM9_IRQHandler
                0x0000000008008924                DCMI_IRQHandler
                0x0000000008008924                CAN2_RX0_IRQHandler
                0x0000000008008924                DMA2_Stream3_IRQHandler
                0x0000000008008924                RTC_ALARM_IRQHandler
                0x0000000008008924                SAI2_IRQHandler
                0x0000000008008924                DFSDM1_FLT3_IRQHandler
                0x0000000008008924                CAN3_RX0_IRQHandler
                0x0000000008008924                CAN1_RX1_IRQHandler
                0x0000000008008924                DMA2_Stream0_IRQHandler
                0x0000000008008924                QUADSPI_IRQHandler
                0x0000000008008924                I2C1_EV_IRQHandler
                0x0000000008008924                DMA1_Stream6_IRQHandler
                0x0000000008008924                DMA1_Stream1_IRQHandler
                0x0000000008008924                RCC_IRQHandler
                0x0000000008008924                TIM8_BRK_TIM12_IRQHandler
                0x0000000008008924                Default_Handler
                0x0000000008008924                CEC_IRQHandler
                0x0000000008008924                EXTI15_10_IRQHandler
                0x0000000008008924                DMA1_Stream7_IRQHandler
                0x0000000008008924                SPI5_IRQHandler
                0x0000000008008924                SDMMC1_IRQHandler
                0x0000000008008924                CAN2_TX_IRQHandler
                0x0000000008008924                DMA2_Stream7_IRQHandler
                0x0000000008008924                I2C3_EV_IRQHandler
                0x0000000008008924                EXTI9_5_IRQHandler
                0x0000000008008924                RTC_WKUP_IRQHandler
                0x0000000008008924                LTDC_IRQHandler
                0x0000000008008924                ETH_WKUP_IRQHandler
                0x0000000008008924                SPDIF_RX_IRQHandler
                0x0000000008008924                SPI2_IRQHandler
                0x0000000008008924                OTG_HS_EP1_IN_IRQHandler
                0x0000000008008924                MemManage_Handler
                0x0000000008008924                DMA1_Stream0_IRQHandler
                0x0000000008008924                CAN1_TX_IRQHandler
                0x0000000008008924                SVC_Handler
                0x0000000008008924                EXTI4_IRQHandler
                0x0000000008008924                DSI_IRQHandler
                0x0000000008008924                ETH_IRQHandler
                0x0000000008008924                OTG_HS_EP1_OUT_IRQHandler
                0x0000000008008924                WWDG_IRQHandler
                0x0000000008008924                SPI6_IRQHandler
                0x0000000008008924                MDIOS_IRQHandler
                0x0000000008008924                I2C4_EV_IRQHandler
                0x0000000008008924                CAN3_TX_IRQHandler
                0x0000000008008924                OTG_FS_WKUP_IRQHandler
                0x0000000008008924                OTG_HS_IRQHandler
                0x0000000008008924                DMA2D_IRQHandler
                0x0000000008008924                EXTI1_IRQHandler
                0x0000000008008924                SDMMC2_IRQHandler
                0x0000000008008924                UART7_IRQHandler
                0x0000000008008924                DFSDM1_FLT0_IRQHandler
                0x0000000008008924                I2C2_ER_IRQHandler
                0x0000000008008924                DMA2_Stream1_IRQHandler
                0x0000000008008924                CAN1_SCE_IRQHandler
                0x0000000008008924                FLASH_IRQHandler
                0x0000000008008924                DMA2_Stream4_IRQHandler
                0x0000000008008924                BusFault_Handler
                0x0000000008008924                SPI3_IRQHandler
                0x0000000008008924                DMA1_Stream4_IRQHandler
                0x0000000008008924                I2C1_ER_IRQHandler
                0x0000000008008924                FMC_IRQHandler
                0x0000000008008924                LPTIM1_IRQHandler
                0x0000000008008924                I2C4_ER_IRQHandler
                0x0000000008008924                DMA2_Stream6_IRQHandler
                0x0000000008008924                SAI1_IRQHandler
                0x0000000008008924                DMA1_Stream3_IRQHandler
 .text._Znwj    0x0000000008008926       0x22 C:/ST/STM32CubeIDE_1.13.2/STM32CubeIDE/plugins/com.st.stm32cube.ide.mcu.externaltools.gnu-tools-for-stm32.11.3.rel1.win32_1.1.1.202309131626/tools/bin/../lib/gcc/arm-none-eabi/11.3.1/../../../../arm-none-eabi/lib/thumb/v7e-m+dp/hard\libstdc++_nano.a(new_op.o)
                0x0000000008008926                operator new(unsigned int)
 .text._Znaj    0x0000000008008948        0x4 C:/ST/STM32CubeIDE_1.13.2/STM32CubeIDE/plugins/com.st.stm32cube.ide.mcu.externaltools.gnu-tools-for-stm32.11.3.rel1.win32_1.1.1.202309131626/tools/bin/../lib/gcc/arm-none-eabi/11.3.1/../../../../arm-none-eabi/lib/thumb/v7e-m+dp/hard\libstdc++_nano.a(new_opv.o)
                0x0000000008008948                operator new[](unsigned int)
 .text._ZSt15get_new_handlerv
                0x000000000800894c       0x10 C:/ST/STM32CubeIDE_1.13.2/STM32CubeIDE/plugins/com.st.stm32cube.ide.mcu.externaltools.gnu-tools-for-stm32.11.3.rel1.win32_1.1.1.202309131626/tools/bin/../lib/gcc/arm-none-eabi/11.3.1/../../../../arm-none-eabi/lib/thumb/v7e-m+dp/hard\libstdc++_nano.a(new_handler.o)
                0x000000000800894c                std::get_new_handler()
 .text.abort    0x000000000800895c        0xe C:/ST/STM32CubeIDE_1.13.2/STM32CubeIDE/plugins/com.st.stm32cube.ide.mcu.externaltools.gnu-tools-for-stm32.11.3.rel1.win32_1.1.1.202309131626/tools/bin/../lib/gcc/arm-none-eabi/11.3.1/../../../../arm-none-eabi/lib/thumb/v7e-m+dp/hard\libc_nano.a(libc_a-abort.o)
                0x000000000800895c                abort
 *fill*         0x000000000800896a        0x2 
 .text.malloc   0x000000000800896c       0x10 C:/ST/STM32CubeIDE_1.13.2/STM32CubeIDE/plugins/com.st.stm32cube.ide.mcu.externaltools.gnu-tools-for-stm32.11.3.rel1.win32_1.1.1.202309131626/tools/bin/../lib/gcc/arm-none-eabi/11.3.1/../../../../arm-none-eabi/lib/thumb/v7e-m+dp/hard\libc_nano.a(libc_a-malloc.o)
                0x000000000800896c                malloc
 .text.sbrk_aligned
                0x000000000800897c       0x40 C:/ST/STM32CubeIDE_1.13.2/STM32CubeIDE/plugins/com.st.stm32cube.ide.mcu.externaltools.gnu-tools-for-stm32.11.3.rel1.win32_1.1.1.202309131626/tools/bin/../lib/gcc/arm-none-eabi/11.3.1/../../../../arm-none-eabi/lib/thumb/v7e-m+dp/hard\libc_nano.a(libc_a-mallocr.o)
 .text._malloc_r
                0x00000000080089bc      0x100 C:/ST/STM32CubeIDE_1.13.2/STM32CubeIDE/plugins/com.st.stm32cube.ide.mcu.externaltools.gnu-tools-for-stm32.11.3.rel1.win32_1.1.1.202309131626/tools/bin/../lib/gcc/arm-none-eabi/11.3.1/../../../../arm-none-eabi/lib/thumb/v7e-m+dp/hard\libc_nano.a(libc_a-mallocr.o)
                0x00000000080089bc                _malloc_r
 .text.__malloc_lock
                0x0000000008008abc        0xc C:/ST/STM32CubeIDE_1.13.2/STM32CubeIDE/plugins/com.st.stm32cube.ide.mcu.externaltools.gnu-tools-for-stm32.11.3.rel1.win32_1.1.1.202309131626/tools/bin/../lib/gcc/arm-none-eabi/11.3.1/../../../../arm-none-eabi/lib/thumb/v7e-m+dp/hard\libc_nano.a(libc_a-mlock.o)
                0x0000000008008abc                __malloc_lock
 .text.__malloc_unlock
                0x0000000008008ac8        0xc C:/ST/STM32CubeIDE_1.13.2/STM32CubeIDE/plugins/com.st.stm32cube.ide.mcu.externaltools.gnu-tools-for-stm32.11.3.rel1.win32_1.1.1.202309131626/tools/bin/../lib/gcc/arm-none-eabi/11.3.1/../../../../arm-none-eabi/lib/thumb/v7e-m+dp/hard\libc_nano.a(libc_a-mlock.o)
                0x0000000008008ac8                __malloc_unlock
 .text.snprintf
                0x0000000008008ad4       0x68 C:/ST/STM32CubeIDE_1.13.2/STM32CubeIDE/plugins/com.st.stm32cube.ide.mcu.externaltools.gnu-tools-for-stm32.11.3.rel1.win32_1.1.1.202309131626/tools/bin/../lib/gcc/arm-none-eabi/11.3.1/../../../../arm-none-eabi/lib/thumb/v7e-m+dp/hard\libc_nano.a(libc_a-snprintf.o)
                0x0000000008008ad4                sniprintf
                0x0000000008008ad4                snprintf
 .text._vsnprintf_r
                0x0000000008008b3c       0x56 C:/ST/STM32CubeIDE_1.13.2/STM32CubeIDE/plugins/com.st.stm32cube.ide.mcu.externaltools.gnu-tools-for-stm32.11.3.rel1.win32_1.1.1.202309131626/tools/bin/../lib/gcc/arm-none-eabi/11.3.1/../../../../arm-none-eabi/lib/thumb/v7e-m+dp/hard\libc_nano.a(libc_a-vsnprintf.o)
                0x0000000008008b3c                _vsniprintf_r
                0x0000000008008b3c                _vsnprintf_r
 *fill*         0x0000000008008b92        0x2 
 .text.vsnprintf
                0x0000000008008b94       0x1c C:/ST/STM32CubeIDE_1.13.2/STM32CubeIDE/plugins/com.st.stm32cube.ide.mcu.externaltools.gnu-tools-for-stm32.11.3.rel1.win32_1.1.1.202309131626/tools/bin/../lib/gcc/arm-none-eabi/11.3.1/../../../../arm-none-eabi/lib/thumb/v7e-m+dp/hard\libc_nano.a(libc_a-vsnprintf.o)
                0x0000000008008b94                vsniprintf
                0x0000000008008b94                vsnprintf
 .text._raise_r
                0x0000000008008bb0       0x50 C:/ST/STM32CubeIDE_1.13.2/STM32CubeIDE/plugins/com.st.stm32cube.ide.mcu.externaltools.gnu-tools-for-stm32.11.3.rel1.win32_1.1.1.202309131626/tools/bin/../lib/gcc/arm-none-eabi/11.3.1/../../../../arm-none-eabi/lib/thumb/v7e-m+dp/hard\libc_nano.a(libc_a-signal.o)
                0x0000000008008bb0                _raise_r
 .text.raise    0x0000000008008c00       0x10 C:/ST/STM32CubeIDE_1.13.2/STM32CubeIDE/plugins/com.st.stm32cube.ide.mcu.externaltools.gnu-tools-for-stm32.11.3.rel1.win32_1.1.1.202309131626/tools/bin/../lib/gcc/arm-none-eabi/11.3.1/../../../../arm-none-eabi/lib/thumb/v7e-m+dp/hard\libc_nano.a(libc_a-signal.o)
                0x0000000008008c00                raise
 .text._kill_r  0x0000000008008c10       0x24 C:/ST/STM32CubeIDE_1.13.2/STM32CubeIDE/plugins/com.st.stm32cube.ide.mcu.externaltools.gnu-tools-for-stm32.11.3.rel1.win32_1.1.1.202309131626/tools/bin/../lib/gcc/arm-none-eabi/11.3.1/../../../../arm-none-eabi/lib/thumb/v7e-m+dp/hard\libc_nano.a(libc_a-signalr.o)
                0x0000000008008c10                _kill_r
 .text._getpid_r
                0x0000000008008c34        0x4 C:/ST/STM32CubeIDE_1.13.2/STM32CubeIDE/plugins/com.st.stm32cube.ide.mcu.externaltools.gnu-tools-for-stm32.11.3.rel1.win32_1.1.1.202309131626/tools/bin/../lib/gcc/arm-none-eabi/11.3.1/../../../../arm-none-eabi/lib/thumb/v7e-m+dp/hard\libc_nano.a(libc_a-signalr.o)
                0x0000000008008c34                _getpid_r
 .text._sbrk_r  0x0000000008008c38       0x20 C:/ST/STM32CubeIDE_1.13.2/STM32CubeIDE/plugins/com.st.stm32cube.ide.mcu.externaltools.gnu-tools-for-stm32.11.3.rel1.win32_1.1.1.202309131626/tools/bin/../lib/gcc/arm-none-eabi/11.3.1/../../../../arm-none-eabi/lib/thumb/v7e-m+dp/hard\libc_nano.a(libc_a-sbrkr.o)
                0x0000000008008c38                _sbrk_r
 .text.__libc_init_array
                0x0000000008008c58       0x48 C:/ST/STM32CubeIDE_1.13.2/STM32CubeIDE/plugins/com.st.stm32cube.ide.mcu.externaltools.gnu-tools-for-stm32.11.3.rel1.win32_1.1.1.202309131626/tools/bin/../lib/gcc/arm-none-eabi/11.3.1/../../../../arm-none-eabi/lib/thumb/v7e-m+dp/hard\libc_nano.a(libc_a-init.o)
                0x0000000008008c58                __libc_init_array
 .text.__retarget_lock_acquire_recursive
                0x0000000008008ca0        0x2 C:/ST/STM32CubeIDE_1.13.2/STM32CubeIDE/plugins/com.st.stm32cube.ide.mcu.externaltools.gnu-tools-for-stm32.11.3.rel1.win32_1.1.1.202309131626/tools/bin/../lib/gcc/arm-none-eabi/11.3.1/../../../../arm-none-eabi/lib/thumb/v7e-m+dp/hard\libc_nano.a(libc_a-lock.o)
                0x0000000008008ca0                __retarget_lock_acquire_recursive
 .text.__retarget_lock_release_recursive
                0x0000000008008ca2        0x2 C:/ST/STM32CubeIDE_1.13.2/STM32CubeIDE/plugins/com.st.stm32cube.ide.mcu.externaltools.gnu-tools-for-stm32.11.3.rel1.win32_1.1.1.202309131626/tools/bin/../lib/gcc/arm-none-eabi/11.3.1/../../../../arm-none-eabi/lib/thumb/v7e-m+dp/hard\libc_nano.a(libc_a-lock.o)
                0x0000000008008ca2                __retarget_lock_release_recursive
 .text.memcpy   0x0000000008008ca4       0x1c C:/ST/STM32CubeIDE_1.13.2/STM32CubeIDE/plugins/com.st.stm32cube.ide.mcu.externaltools.gnu-tools-for-stm32.11.3.rel1.win32_1.1.1.202309131626/tools/bin/../lib/gcc/arm-none-eabi/11.3.1/../../../../arm-none-eabi/lib/thumb/v7e-m+dp/hard\libc_nano.a(libc_a-memcpy-stub.o)
                0x0000000008008ca4                memcpy
 .text._free_r  0x0000000008008cc0       0x98 C:/ST/STM32CubeIDE_1.13.2/STM32CubeIDE/plugins/com.st.stm32cube.ide.mcu.externaltools.gnu-tools-for-stm32.11.3.rel1.win32_1.1.1.202309131626/tools/bin/../lib/gcc/arm-none-eabi/11.3.1/../../../../arm-none-eabi/lib/thumb/v7e-m+dp/hard\libc_nano.a(libc_a-freer.o)
                0x0000000008008cc0                _free_r
 .text.__ssputs_r
                0x0000000008008d58       0xb4 C:/ST/STM32CubeIDE_1.13.2/STM32CubeIDE/plugins/com.st.stm32cube.ide.mcu.externaltools.gnu-tools-for-stm32.11.3.rel1.win32_1.1.1.202309131626/tools/bin/../lib/gcc/arm-none-eabi/11.3.1/../../../../arm-none-eabi/lib/thumb/v7e-m+dp/hard\libc_nano.a(libc_a-nano-svfprintf.o)
                0x0000000008008d58                __ssputs_r
 .text._svfprintf_r
                0x0000000008008e0c      0x1fc C:/ST/STM32CubeIDE_1.13.2/STM32CubeIDE/plugins/com.st.stm32cube.ide.mcu.externaltools.gnu-tools-for-stm32.11.3.rel1.win32_1.1.1.202309131626/tools/bin/../lib/gcc/arm-none-eabi/11.3.1/../../../../arm-none-eabi/lib/thumb/v7e-m+dp/hard\libc_nano.a(libc_a-nano-svfprintf.o)
                0x0000000008008e0c                _svfiprintf_r
                0x0000000008008e0c                _svfprintf_r
 .text._printf_common
                0x0000000008009008       0xda C:/ST/STM32CubeIDE_1.13.2/STM32CubeIDE/plugins/com.st.stm32cube.ide.mcu.externaltools.gnu-tools-for-stm32.11.3.rel1.win32_1.1.1.202309131626/tools/bin/../lib/gcc/arm-none-eabi/11.3.1/../../../../arm-none-eabi/lib/thumb/v7e-m+dp/hard\libc_nano.a(libc_a-nano-vfprintf_i.o)
                0x0000000008009008                _printf_common
 *fill*         0x00000000080090e2        0x2 
 .text._printf_i
                0x00000000080090e4      0x244 C:/ST/STM32CubeIDE_1.13.2/STM32CubeIDE/plugins/com.st.stm32cube.ide.mcu.externaltools.gnu-tools-for-stm32.11.3.rel1.win32_1.1.1.202309131626/tools/bin/../lib/gcc/arm-none-eabi/11.3.1/../../../../arm-none-eabi/lib/thumb/v7e-m+dp/hard\libc_nano.a(libc_a-nano-vfprintf_i.o)
                0x00000000080090e4                _printf_i
 .text.memmove  0x0000000008009328       0x34 C:/ST/STM32CubeIDE_1.13.2/STM32CubeIDE/plugins/com.st.stm32cube.ide.mcu.externaltools.gnu-tools-for-stm32.11.3.rel1.win32_1.1.1.202309131626/tools/bin/../lib/gcc/arm-none-eabi/11.3.1/../../../../arm-none-eabi/lib/thumb/v7e-m+dp/hard\libc_nano.a(libc_a-memmove.o)
                0x0000000008009328                memmove
 .text._realloc_r
                0x000000000800935c       0x5e C:/ST/STM32CubeIDE_1.13.2/STM32CubeIDE/plugins/com.st.stm32cube.ide.mcu.externaltools.gnu-tools-for-stm32.11.3.rel1.win32_1.1.1.202309131626/tools/bin/../lib/gcc/arm-none-eabi/11.3.1/../../../../arm-none-eabi/lib/thumb/v7e-m+dp/hard\libc_nano.a(libc_a-reallocr.o)
                0x000000000800935c                _realloc_r
 .text._malloc_usable_size_r
                0x00000000080093ba       0x10 C:/ST/STM32CubeIDE_1.13.2/STM32CubeIDE/plugins/com.st.stm32cube.ide.mcu.externaltools.gnu-tools-for-stm32.11.3.rel1.win32_1.1.1.202309131626/tools/bin/../lib/gcc/arm-none-eabi/11.3.1/../../../../arm-none-eabi/lib/thumb/v7e-m+dp/hard\libc_nano.a(libc_a-msizer.o)
                0x00000000080093ba                _malloc_usable_size_r
 *fill*         0x00000000080093ca        0x2 
 .text._getpid  0x00000000080093cc       0x10 C:/ST/STM32CubeIDE_1.13.2/STM32CubeIDE/plugins/com.st.stm32cube.ide.mcu.externaltools.gnu-tools-for-stm32.11.3.rel1.win32_1.1.1.202309131626/tools/bin/../lib/gcc/arm-none-eabi/11.3.1/../../../../arm-none-eabi/lib/thumb/v7e-m+dp/hard\libnosys.a(getpid.o)
                0x00000000080093cc                _getpid
 .text._kill    0x00000000080093dc       0x10 C:/ST/STM32CubeIDE_1.13.2/STM32CubeIDE/plugins/com.st.stm32cube.ide.mcu.externaltools.gnu-tools-for-stm32.11.3.rel1.win32_1.1.1.202309131626/tools/bin/../lib/gcc/arm-none-eabi/11.3.1/../../../../arm-none-eabi/lib/thumb/v7e-m+dp/hard\libnosys.a(kill.o)
                0x00000000080093dc                _kill
 .text._sbrk    0x00000000080093ec       0x1c C:/ST/STM32CubeIDE_1.13.2/STM32CubeIDE/plugins/com.st.stm32cube.ide.mcu.externaltools.gnu-tools-for-stm32.11.3.rel1.win32_1.1.1.202309131626/tools/bin/../lib/gcc/arm-none-eabi/11.3.1/../../../../arm-none-eabi/lib/thumb/v7e-m+dp/hard\libnosys.a(sbrk.o)
                0x00000000080093ec                _sbrk
 .text._exit    0x0000000008009408        0x2 C:/ST/STM32CubeIDE_1.13.2/STM32CubeIDE/plugins/com.st.stm32cube.ide.mcu.externaltools.gnu-tools-for-stm32.11.3.rel1.win32_1.1.1.202309131626/tools/bin/../lib/gcc/arm-none-eabi/11.3.1/../../../../arm-none-eabi/lib/thumb/v7e-m+dp/hard\libnosys.a(_exit.o)
                0x0000000008009408                _exit
 *(.glue_7)
 .glue_7        0x000000000800940a        0x0 linker stubs
 *(.glue_7t)
 .glue_7t       0x000000000800940a        0x0 linker stubs
 *(.eh_frame)
 *fill*         0x000000000800940a        0x2 
 .eh_frame      0x000000000800940c        0x0 C:/ST/STM32CubeIDE_1.13.2/STM32CubeIDE/plugins/com.st.stm32cube.ide.mcu.externaltools.gnu-tools-for-stm32.11.3.rel1.win32_1.1.1.202309131626/tools/bin/../lib/gcc/arm-none-eabi/11.3.1/thumb/v7e-m+dp/hard/crtbegin.o
 *(.init)
 .init          0x000000000800940c        0x4 C:/ST/STM32CubeIDE_1.13.2/STM32CubeIDE/plugins/com.st.stm32cube.ide.mcu.externaltools.gnu-tools-for-stm32.11.3.rel1.win32_1.1.1.202309131626/tools/bin/../lib/gcc/arm-none-eabi/11.3.1/thumb/v7e-m+dp/hard/crti.o
                0x000000000800940c                _init
 .init          0x0000000008009410        0x8 C:/ST/STM32CubeIDE_1.13.2/STM32CubeIDE/plugins/com.st.stm32cube.ide.mcu.externaltools.gnu-tools-for-stm32.11.3.rel1.win32_1.1.1.202309131626/tools/bin/../lib/gcc/arm-none-eabi/11.3.1/thumb/v7e-m+dp/hard/crtn.o
 *(.fini)
 .fini          0x0000000008009418        0x4 C:/ST/STM32CubeIDE_1.13.2/STM32CubeIDE/plugins/com.st.stm32cube.ide.mcu.externaltools.gnu-tools-for-stm32.11.3.rel1.win32_1.1.1.202309131626/tools/bin/../lib/gcc/arm-none-eabi/11.3.1/thumb/v7e-m+dp/hard/crti.o
                0x0000000008009418                _fini
 .fini          0x000000000800941c        0x8 C:/ST/STM32CubeIDE_1.13.2/STM32CubeIDE/plugins/com.st.stm32cube.ide.mcu.externaltools.gnu-tools-for-stm32.11.3.rel1.win32_1.1.1.202309131626/tools/bin/../lib/gcc/arm-none-eabi/11.3.1/thumb/v7e-m+dp/hard/crtn.o