Component: Arm Compiler for Embedded 6.19 Tool: armlink [5e73cb00]

==============================================================================

Section Cross References

    main.o(.text._ZN9EmbSysLib2Hw23DisplayGraphic_OTM8009A4initEv) refers to lib.o(.text._ZN9EmbSysLib2Hw6System13delayMilliSecEt) for EmbSysLib::Hw::System::delayMilliSec(unsigned short)
    main.o(.ARM.exidx.text._ZN9EmbSysLib2Hw23DisplayGraphic_OTM8009A4initEv) refers to main.o(.text._ZN9EmbSysLib2Hw23DisplayGraphic_OTM8009A4initEv) for [Anonymous Symbol]
    main.o(.text._ZN9EmbSysLib2Hw26DisplayGraphic_OTM8009AcmdC2ERNS0_7Dsi_McuERNS0_4Port3PinENS0_23DisplayGraphic_OTM8009A11OrientationENS0_4FontEh) refers to lib.o(.text._ZN9EmbSysLib2Hw14DisplayGraphicC2EtttNS0_4FontEh) for EmbSysLib::Hw::DisplayGraphic::DisplayGraphic__sub_object(unsigned short, unsigned short, unsigned short, EmbSysLib::Hw::Font, unsigned char)
    main.o(.text._ZN9EmbSysLib2Hw26DisplayGraphic_OTM8009AcmdC2ERNS0_7Dsi_McuERNS0_4Port3PinENS0_23DisplayGraphic_OTM8009A11OrientationENS0_4FontEh) refers to main.o(.rodata._ZTVN9EmbSysLib2Hw23DisplayGraphic_OTM8009AE) for vtable for EmbSysLib::Hw::DisplayGraphic_OTM8009A
    main.o(.text._ZN9EmbSysLib2Hw26DisplayGraphic_OTM8009AcmdC2ERNS0_7Dsi_McuERNS0_4Port3PinENS0_23DisplayGraphic_OTM8009A11OrientationENS0_4FontEh) refers to lib.o(.text._ZN9EmbSysLib2Hw6System13delayMilliSecEt) for EmbSysLib::Hw::System::delayMilliSec(unsigned short)
    main.o(.text._ZN9EmbSysLib2Hw26DisplayGraphic_OTM8009AcmdC2ERNS0_7Dsi_McuERNS0_4Port3PinENS0_23DisplayGraphic_OTM8009A11OrientationENS0_4FontEh) refers to main.o(.rodata._ZTVN9EmbSysLib2Hw26DisplayGraphic_OTM8009AcmdE) for vtable for EmbSysLib::Hw::DisplayGraphic_OTM8009Acmd
    main.o(.text._ZN9EmbSysLib2Hw26DisplayGraphic_OTM8009AcmdC2ERNS0_7Dsi_McuERNS0_4Port3PinENS0_23DisplayGraphic_OTM8009A11OrientationENS0_4FontEh) refers to main.o(.text._ZN9EmbSysLib2Hw7Dsi_Mcu4InitEttb) for EmbSysLib::Hw::Dsi_Mcu::Init(unsigned short, unsigned short, bool)
    main.o(.text._ZN9EmbSysLib2Hw26DisplayGraphic_OTM8009AcmdC2ERNS0_7Dsi_McuERNS0_4Port3PinENS0_23DisplayGraphic_OTM8009A11OrientationENS0_4FontEh) refers to main.o(.text._ZN9EmbSysLib2Hw23DisplayGraphic_OTM8009A4initEv) for EmbSysLib::Hw::DisplayGraphic_OTM8009A::init()
    main.o(.ARM.exidx.text._ZN9EmbSysLib2Hw26DisplayGraphic_OTM8009AcmdC2ERNS0_7Dsi_McuERNS0_4Port3PinENS0_23DisplayGraphic_OTM8009A11OrientationENS0_4FontEh) refers to main.o(.text._ZN9EmbSysLib2Hw26DisplayGraphic_OTM8009AcmdC2ERNS0_7Dsi_McuERNS0_4Port3PinENS0_23DisplayGraphic_OTM8009A11OrientationENS0_4FontEh) for [Anonymous Symbol]
    main.o(.ARM.exidx.text._ZN9EmbSysLib2Hw26DisplayGraphic_OTM8009Acmd7refreshEv) refers to main.o(.text._ZN9EmbSysLib2Hw26DisplayGraphic_OTM8009Acmd7refreshEv) for [Anonymous Symbol]
    main.o(.ARM.exidx.text._ZN9EmbSysLib2Hw26DisplayGraphic_OTM8009Acmd5clearEv) refers to main.o(.text._ZN9EmbSysLib2Hw26DisplayGraphic_OTM8009Acmd5clearEv) for [Anonymous Symbol]
    main.o(.ARM.exidx.text._ZN9EmbSysLib2Hw26DisplayGraphic_OTM8009Acmd7setAreaEtttt) refers to main.o(.text._ZN9EmbSysLib2Hw26DisplayGraphic_OTM8009Acmd7setAreaEtttt) for [Anonymous Symbol]
    main.o(.ARM.exidx.text._ZN9EmbSysLib2Hw26DisplayGraphic_OTM8009Acmd8setPixelEttt) refers to main.o(.text._ZN9EmbSysLib2Hw26DisplayGraphic_OTM8009Acmd8setPixelEttt) for [Anonymous Symbol]
    main.o(.ARM.exidx.text._ZN9EmbSysLib2Hw26DisplayGraphic_OTM8009Acmd8setPixelEt) refers to main.o(.text._ZN9EmbSysLib2Hw26DisplayGraphic_OTM8009Acmd8setPixelEt) for [Anonymous Symbol]
    main.o(.text._ZN9EmbSysLib2Hw26DisplayGraphic_OTM8009AramC2ERNS0_7Dsi_McuERNS0_4Port3PinENS0_23DisplayGraphic_OTM8009A11OrientationENS0_4FontEh) refers to lib.o(.text._ZN9EmbSysLib2Hw14DisplayGraphicC2EtttNS0_4FontEh) for EmbSysLib::Hw::DisplayGraphic::DisplayGraphic__sub_object(unsigned short, unsigned short, unsigned short, EmbSysLib::Hw::Font, unsigned char)
    main.o(.text._ZN9EmbSysLib2Hw26DisplayGraphic_OTM8009AramC2ERNS0_7Dsi_McuERNS0_4Port3PinENS0_23DisplayGraphic_OTM8009A11OrientationENS0_4FontEh) refers to main.o(.rodata._ZTVN9EmbSysLib2Hw23DisplayGraphic_OTM8009AE) for vtable for EmbSysLib::Hw::DisplayGraphic_OTM8009A
    main.o(.text._ZN9EmbSysLib2Hw26DisplayGraphic_OTM8009AramC2ERNS0_7Dsi_McuERNS0_4Port3PinENS0_23DisplayGraphic_OTM8009A11OrientationENS0_4FontEh) refers to lib.o(.text._ZN9EmbSysLib2Hw6System13delayMilliSecEt) for EmbSysLib::Hw::System::delayMilliSec(unsigned short)
    main.o(.text._ZN9EmbSysLib2Hw26DisplayGraphic_OTM8009AramC2ERNS0_7Dsi_McuERNS0_4Port3PinENS0_23DisplayGraphic_OTM8009A11OrientationENS0_4FontEh) refers to main.o(.rodata._ZTVN9EmbSysLib2Hw26DisplayGraphic_OTM8009AramE) for vtable for EmbSysLib::Hw::DisplayGraphic_OTM8009Aram
[...]
    EmbSysLib::Hw::Port::Pin::Pin(EmbSysLib::Hw::Port&, unsigned char) 0x08004019   Thumb Code    26  lib.o(.text._ZN9EmbSysLib2Hw4Port3PinC2ERS1_h)
    EmbSysLib::Hw::Port::Pin::Pin__sub_object(EmbSysLib::Hw::Port&, unsigned char) 0x08004019   Thumb Code    26  lib.o(.text._ZN9EmbSysLib2Hw4Port3PinC2ERS1_h)
    EmbSysLib::Hw::Uart::transmitByte(unsigned char) 0x08004039   Thumb Code   152  lib.o(.text._ZN9EmbSysLib2Hw4Uart12transmitByteEh)
    EmbSysLib::Hw::Uart::isTxBufferFull()    0x080040d1   Thumb Code    56  lib.o(.text._ZN9EmbSysLib2Hw4Uart14isTxBufferFullEv)
    EmbSysLib::Hw::Uart::getFifoRemainingSize() 0x08004109   Thumb Code    54  lib.o(.text._ZN9EmbSysLib2Hw4Uart20getFifoRemainingSizeEv)
    EmbSysLib::Hw::Uart::get(unsigned char&) 0x08004141   Thumb Code    90  lib.o(.text._ZN9EmbSysLib2Hw4Uart3getERh)
    EmbSysLib::Hw::Uart::get()               0x080041a1   Thumb Code    36  lib.o(.text._ZN9EmbSysLib2Hw4Uart3getEv)
    EmbSysLib::Hw::Uart::set(char const*)    0x080041c9   Thumb Code    36  lib.o(.text._ZN9EmbSysLib2Hw4Uart3setEPKc)
    EmbSysLib::Hw::Uart::set(unsigned char const*, unsigned short) 0x080041f1   Thumb Code    36  lib.o(.text._ZN9EmbSysLib2Hw4Uart3setEPKht)
    EmbSysLib::Hw::Uart::set(unsigned char)  0x08004219   Thumb Code     6  lib.o(.text._ZN9EmbSysLib2Hw4Uart3setEh)
    EmbSysLib::Hw::Uart::isrRx()             0x08004221   Thumb Code    98  lib.o(.text._ZN9EmbSysLib2Hw4Uart5isrRxEv)
    EmbSysLib::Hw::Uart::isrTx()             0x08004289   Thumb Code   140  lib.o(.text._ZN9EmbSysLib2Hw4Uart5isrTxEv)
    EmbSysLib::Hw::Timer::isrHandler()       0x08004319   Thumb Code    28  lib.o(.text._ZN9EmbSysLib2Hw5Timer10isrHandlerEv)
    EmbSysLib::Hw::Timer::getCycleTime()     0x08004339   Thumb Code     4  lib.o(.text._ZN9EmbSysLib2Hw5Timer12getCycleTimeEv)
    EmbSysLib::Hw::Timer::add(EmbSysLib::Hw::Timer::Task*) 0x08004341   Thumb Code    24  lib.o(.text._ZN9EmbSysLib2Hw5Timer3addEPNS1_4TaskE)
    EmbSysLib::Hw::Touch::getPosX()          0x08004359   Thumb Code    42  lib.o(.text._ZN9EmbSysLib2Hw5Touch7getPosXEv)
    EmbSysLib::Hw::Touch::getPosY()          0x08004389   Thumb Code    42  lib.o(.text._ZN9EmbSysLib2Hw5Touch7getPosYEv)
    EmbSysLib::Hw::Touch::isTouched()        0x080043b9   Thumb Code     4  lib.o(.text._ZN9EmbSysLib2Hw5Touch9isTouchedEv)
    EmbSysLib::Hw::Touch::Touch__sub_object(unsigned short, unsigned short, unsigned short, EmbSysLib::Hw::Touch::Orientation) 0x080043c1   Thumb Code    34  lib.o(.text._ZN9EmbSysLib2Hw5TouchC2EtttNS1_11OrientationE)
    EmbSysLib::Hw::Bitmap::Bitmap(unsigned char const*) 0x080043e9   Thumb Code     8  lib.o(.text._ZN9EmbSysLib2Hw6BitmapC2EPKh)
    EmbSysLib::Hw::Bitmap::Bitmap__sub_object(unsigned char const*) 0x080043e9   Thumb Code     8  lib.o(.text._ZN9EmbSysLib2Hw6BitmapC2EPKh)
    EmbSysLib::Hw::Memory::read(unsigned int) 0x080043f1   Thumb Code   114  lib.o(.text._ZN9EmbSysLib2Hw6Memory4readEj)
    EmbSysLib::Hw::Memory::erase()           0x08004469   Thumb Code    52  lib.o(.text._ZN9EmbSysLib2Hw6Memory5eraseEv)
    EmbSysLib::Hw::Memory::write(unsigned int, unsigned char) 0x080044a1   Thumb Code   122  lib.o(.text._ZN9EmbSysLib2Hw6Memory5writeEjh)
    EmbSysLib::Hw::Memory::Memory__sub_object(unsigned short, unsigned int, unsigned char, bool) 0x08004521   Thumb Code    32  lib.o(.text._ZN9EmbSysLib2Hw6MemoryC2Etjhb)
    EmbSysLib::Hw::System::delayMilliSec(unsigned short) 0x08004541   Thumb Code    34  lib.o(.text._ZN9EmbSysLib2Hw6System13delayMilliSecEt)
    EmbSysLib::Hw::Dsi_Mcu::writeShort(unsigned char, unsigned char) 0x08004569   Thumb Code    48  main.o(.text._ZN9EmbSysLib2Hw7Dsi_Mcu10writeShortEhh)
    EmbSysLib::Hw::Dsi_Mcu::Init(unsigned short, unsigned short, bool) 0x08004599   Thumb Code   512  main.o(.text._ZN9EmbSysLib2Hw7Dsi_Mcu4InitEttb)
    EmbSysLib::Hw::Dsi_Mcu::writeLong(unsigned char*, unsigned int) 0x08004799   Thumb Code   122  main.o(.text._ZN9EmbSysLib2Hw7Dsi_Mcu9writeLongEPhj)
    EmbSysLib::Hw::Fmc_Mcu::SDRAM_Init()     0x08004819   Thumb Code   296  main.o(.text._ZN9EmbSysLib2Hw7Fmc_Mcu10SDRAM_InitEv)
    EmbSysLib::Hw::Fmc_Mcu::Fmc_Mcu__sub_object(EmbSysLib::Hw::Fmc_Mcu::FMCtype, bool) 0x08004941   Thumb Code   630  main.o(.text._ZN9EmbSysLib2Hw7Fmc_McuC2ENS1_7FMCtypeEb)
    EmbSysLib::Hw::Port_Mcu::setPinMode(unsigned char, EmbSysLib::Hw::Port::Mode) 0x08004bb9   Thumb Code   162  lib.o(.text._ZN9EmbSysLib2Hw8Port_Mcu10setPinModeEhNS0_4Port4ModeE)
    EmbSysLib::Hw::Port_Mcu::clr(unsigned int) 0x08004c61   Thumb Code     8  lib.o(.text._ZN9EmbSysLib2Hw8Port_Mcu3clrEj)
    EmbSysLib::Hw::Port_Mcu::get()           0x08004c69   Thumb Code     6  lib.o(.text._ZN9EmbSysLib2Hw8Port_Mcu3getEv)
    EmbSysLib::Hw::Port_Mcu::set(unsigned int) 0x08004c71   Thumb Code     6  lib.o(.text._ZN9EmbSysLib2Hw8Port_Mcu3setEj)
    EmbSysLib::Hw::Port_Mcu::set(unsigned int, unsigned int) 0x08004c79   Thumb Code    16  lib.o(.text._ZN9EmbSysLib2Hw8Port_Mcu3setEjj)
    EmbSysLib::Hw::Port_Mcu::setMode(unsigned int, EmbSysLib::Hw::Port::Mode) 0x08004c89   Thumb Code    50  lib.o(.text._ZN9EmbSysLib2Hw8Port_Mcu7setModeEjNS0_4Port4ModeE)
    EmbSysLib::Hw::Port_Mcu::Port_Mcu(EmbSysLib::Hw::Port_Mcu::PortId) 0x08004cc1   Thumb Code   414  lib.o(.text._ZN9EmbSysLib2Hw8Port_McuC2ENS1_6PortIdE)
    EmbSysLib::Hw::Port_Mcu::Port_Mcu__sub_object(EmbSysLib::Hw::Port_Mcu::PortId) 0x08004cc1   Thumb Code   414  lib.o(.text._ZN9EmbSysLib2Hw8Port_McuC2ENS1_6PortIdE)
    EmbSysLib::Hw::Uart_Mcu::setBaudrate(unsigned int) 0x08004e61   Thumb Code   104  lib.o(.text._ZN9EmbSysLib2Hw8Uart_Mcu11setBaudrateEj)
    EmbSysLib::Hw::Uart_Mcu::getByte()       0x08004ec9   Thumb Code     8  lib.o(.text._ZN9EmbSysLib2Hw8Uart_Mcu7getByteEv)
    EmbSysLib::Hw::Uart_Mcu::setByte(unsigned char) 0x08004ed1   Thumb Code     6  lib.o(.text._ZN9EmbSysLib2Hw8Uart_Mcu7setByteEh)
    EmbSysLib::Hw::Uart_Mcu::Uart_Mcu(EmbSysLib::Hw::Uart_Mcu::USART_Id, unsigned int, unsigned char, unsigned short, unsigned short) 0x08004ed9   Thumb Code   840  lib.o(.text._ZN9EmbSysLib2Hw8Uart_McuC2ENS1_8USART_IdEjhtt)
    EmbSysLib::Hw::Uart_Mcu::Uart_Mcu__sub_object(EmbSysLib::Hw::Uart_Mcu::USART_Id, unsigned int, unsigned char, unsigned short, unsigned short) 0x08004ed9   Thumb Code   840  lib.o(.text._ZN9EmbSysLib2Hw8Uart_McuC2ENS1_8USART_IdEjhtt)
    EmbSysLib::Hw::I2Cmaster::read(unsigned char, unsigned char*, unsigned char, unsigned char*, unsigned char) 0x08005221   Thumb Code   172  lib.o(.text._ZN9EmbSysLib2Hw9I2Cmaster4readEhPhhS2_h)
    EmbSysLib::Hw::I2Cmaster::write(unsigned char, unsigned char*, unsigned char, unsigned char*, unsigned char) 0x080052d1   Thumb Code   116  lib.o(.text._ZN9EmbSysLib2Hw9I2Cmaster5writeEhPhhS2_h)
    EmbSysLib::Hw::I2Cmaster::Device::isError() 0x08005349   Thumb Code    10  main.o(.text._ZN9EmbSysLib2Hw9I2Cmaster6Device7isErrorEv)
    EmbSysLib::Hw::PinConfig::set(EmbSysLib::Hw::PinConfig::Function, unsigned int) 0x08005359   Thumb Code   380  lib.o(.text._ZN9EmbSysLib2Hw9PinConfig3setENS1_8FunctionEj)
    EmbSysLib::Hw::PinConfig::set(GPIO_TypeDef*, unsigned char, unsigned int, unsigned char) 0x080054d9   Thumb Code   190  lib.o(.text._ZN9EmbSysLib2Hw9PinConfig3setEP12GPIO_TypeDefhjh)
    EmbSysLib::Hw::Timer_Mcu::setPWM(unsigned char, unsigned short) 0x08005599   Thumb Code   148  lib.o(.text._ZN9EmbSysLib2Hw9Timer_Mcu6setPWMEht)
    EmbSysLib::Hw::Timer_Mcu::enablePWM(unsigned char, EmbSysLib::Hw::Timer::Mode) 0x08005631   Thumb Code   912  lib.o(.text._ZN9EmbSysLib2Hw9Timer_Mcu9enablePWMEhNS0_5Timer4ModeE)
    EmbSysLib::Hw::Timer_Mcu::Timer_Mcu(EmbSysLib::Hw::Timer_Mcu::TimerId, unsigned int) 0x080059c1   Thumb Code  1100  lib.o(.text._ZN9EmbSysLib2Hw9Timer_McuC2ENS1_7TimerIdEj)
    EmbSysLib::Hw::Timer_Mcu::Timer_Mcu__sub_object(EmbSysLib::Hw::Timer_Mcu::TimerId, unsigned int) 0x080059c1   Thumb Code  1100  lib.o(.text._ZN9EmbSysLib2Hw9Timer_McuC2ENS1_7TimerIdEj)
    EmbSysLib::Dev::ScreenChar::clear()      0x08005e11   Thumb Code     8  lib.o(.text._ZN9EmbSysLib3Dev10ScreenChar5clearEv)
    EmbSysLib::Dev::ScreenChar::printf(unsigned char, unsigned char, char const*, ...) 0x08005e19   Thumb Code    54  lib.o(.text._ZN9EmbSysLib3Dev10ScreenChar6printfEhhPKcz)
    EmbSysLib::Dev::ScreenChar::refresh()    0x08005e51   Thumb Code     8  lib.o(.text._ZN9EmbSysLib3Dev10ScreenChar7refreshEv)
    EmbSysLib::Dev::ScreenChar::ScreenChar(EmbSysLib::Hw::DisplayChar&) 0x08005e59   Thumb Code    50  lib.o(.text._ZN9EmbSysLib3Dev10ScreenCharC2ERNS_2Hw11DisplayCharE)
    EmbSysLib::Dev::ScreenChar::ScreenChar__sub_object(EmbSysLib::Hw::DisplayChar&) 0x08005e59   Thumb Code    50  lib.o(.text._ZN9EmbSysLib3Dev10ScreenCharC2ERNS_2Hw11DisplayCharE)
    EmbSysLib::Dev::TaskManager::getCycleTime() 0x08005e91   Thumb Code     4  main.o(.text._ZN9EmbSysLib3Dev11TaskManager12getCycleTimeEv)
    EmbSysLib::Dev::TaskManager::add(EmbSysLib::Dev::TaskManager::Task*) 0x08005e99   Thumb Code     8  main.o(.text._ZN9EmbSysLib3Dev11TaskManager3addEPNS1_4TaskE)
    EmbSysLib::Dev::TaskManager::update()    0x08005ea1   Thumb Code    16  main.o(.text._ZN9EmbSysLib3Dev11TaskManager6updateEv)
    EmbSysLib::Dev::TaskManager::getTics()   0x08005eb1   Thumb Code     6  main.o(.text._ZN9EmbSysLib3Dev11TaskManager7getTicsEv)
    EmbSysLib::Dev::ScreenGraphic::drawBitmap(unsigned short, unsigned short, EmbSysLib::Hw::Bitmap&) 0x08005eb9   Thumb Code    28  lib.o(.text._ZN9EmbSysLib3Dev13ScreenGraphic10drawBitmapEttRNS_2Hw6BitmapE)
    EmbSysLib::Dev::ScreenGraphic::drawCircle(unsigned short, unsigned short, unsigned short, unsigned short) 0x08005ed9   Thumb Code   236  lib.o(.text._ZN9EmbSysLib3Dev13ScreenGraphic10drawCircleEtttt)
    EmbSysLib::Dev::ScreenGraphic::drawCircle(unsigned short, unsigned short, unsigned short, unsigned short, unsigned short) 0x08005fc9   Thumb Code   474  lib.o(.text._ZN9EmbSysLib3Dev13ScreenGraphic10drawCircleEttttt)
    EmbSysLib::Dev::ScreenGraphic::setBackColor(unsigned short) 0x080061a9   Thumb Code     8  lib.o(.text._ZN9EmbSysLib3Dev13ScreenGraphic12setBackColorEt)
    EmbSysLib::Dev::ScreenGraphic::setTextColor(unsigned short) 0x080061b1   Thumb Code     8  lib.o(.text._ZN9EmbSysLib3Dev13ScreenGraphic12setTextColorEt)
    EmbSysLib::Dev::ScreenGraphic::drawRectangle(unsigned short, unsigned short, unsigned short, unsigned short, unsigned short) 0x080061b9   Thumb Code    50  lib.o(.text._ZN9EmbSysLib3Dev13ScreenGraphic13drawRectangleEttttt)
    EmbSysLib::Dev::ScreenGraphic::drawRectangle(unsigned short, unsigned short, unsigned short, unsigned short, unsigned short, unsigned short) 0x080061f1   Thumb Code   134  lib.o(.text._ZN9EmbSysLib3Dev13ScreenGraphic13drawRectangleEtttttt)
    EmbSysLib::Dev::ScreenGraphic::clear()   0x08006279   Thumb Code     8  lib.o(.text._ZN9EmbSysLib3Dev13ScreenGraphic5clearEv)
    EmbSysLib::Dev::ScreenGraphic::printf(unsigned char, unsigned char, char const*, ...) 0x08006281   Thumb Code    54  lib.o(.text._ZN9EmbSysLib3Dev13ScreenGraphic6printfEhhPKcz)
    EmbSysLib::Dev::ScreenGraphic::refresh() 0x080062b9   Thumb Code     8  lib.o(.text._ZN9EmbSysLib3Dev13ScreenGraphic7refreshEv)
    EmbSysLib::Dev::ScreenGraphic::setFont(EmbSysLib::Hw::Font, unsigned char) 0x080062c1   Thumb Code    28  lib.o(.text._ZN9EmbSysLib3Dev13ScreenGraphic7setFontENS_2Hw4FontEh)
    EmbSysLib::Dev::ScreenGraphic::setZoom(unsigned char) 0x080062e1   Thumb Code     8  lib.o(.text._ZN9EmbSysLib3Dev13ScreenGraphic7setZoomEh)
    EmbSysLib::Dev::ScreenGraphic::drawLine(unsigned short, unsigned short, unsigned short, unsigned short, unsigned short, unsigned short) 0x080062e9   Thumb Code   350  lib.o(.text._ZN9EmbSysLib3Dev13ScreenGraphic8drawLineEtttttt)
    EmbSysLib::Dev::ScreenGraphic::drawText(unsigned short, unsigned short, char const*, ...) 0x08006449   Thumb Code    54  lib.o(.text._ZN9EmbSysLib3Dev13ScreenGraphic8drawTextEttPKcz)
    EmbSysLib::Dev::ScreenGraphic::drawPixel(unsigned short, unsigned short, unsigned short) 0x08006481   Thumb Code    38  lib.o(.text._ZN9EmbSysLib3Dev13ScreenGraphic9drawPixelEttt)
    EmbSysLib::Dev::ScreenGraphic::ScreenGraphic(EmbSysLib::Hw::DisplayGraphic&) 0x080064a9   Thumb Code    48  lib.o(.text._ZN9EmbSysLib3Dev13ScreenGraphicC2ERNS_2Hw14DisplayGraphicE)
    EmbSysLib::Dev::ScreenGraphic::ScreenGraphic__sub_object(EmbSysLib::Hw::DisplayGraphic&) 0x080064a9   Thumb Code    48  lib.o(.text._ZN9EmbSysLib3Dev13ScreenGraphicC2ERNS_2Hw14DisplayGraphicE)
    EmbSysLib::Dev::Digital::clr()           0x080064d9   Thumb Code     8  lib.o(.text._ZN9EmbSysLib3Dev7Digital3clrEv)
    EmbSysLib::Dev::Digital::get()           0x080064e1   Thumb Code    30  lib.o(.text._ZN9EmbSysLib3Dev7Digital3getEv)
    EmbSysLib::Dev::Digital::set(bool)       0x08006501   Thumb Code    30  lib.o(.text._ZN9EmbSysLib3Dev7Digital3setEb)
    EmbSysLib::Dev::Digital::set()           0x08006521   Thumb Code     8  lib.o(.text._ZN9EmbSysLib3Dev7Digital3setEv)
    EmbSysLib::Dev::Digital::toggle()        0x08006529   Thumb Code    14  lib.o(.text._ZN9EmbSysLib3Dev7Digital6toggleEv)
    EmbSysLib::Dev::Digital::setMode(EmbSysLib::Dev::Digital::Mode) 0x08006539   Thumb Code    26  lib.o(.text._ZN9EmbSysLib3Dev7Digital7setModeENS1_4ModeE)
    EmbSysLib::Dev::Digital::getEvent()      0x08006559   Thumb Code    34  lib.o(.text._ZN9EmbSysLib3Dev7Digital8getEventEv)
    EmbSysLib::Dev::Digital::Digital(EmbSysLib::Hw::Port&, unsigned char, EmbSysLib::Dev::Digital::Mode, bool) 0x08006581   Thumb Code    94  lib.o(.text._ZN9EmbSysLib3Dev7DigitalC2ERNS_2Hw4PortEhNS1_4ModeEb)
    EmbSysLib::Dev::Digital::Digital__sub_object(EmbSysLib::Hw::Port&, unsigned char, EmbSysLib::Dev::Digital::Mode, bool) 0x08006581   Thumb Code    94  lib.o(.text._ZN9EmbSysLib3Dev7DigitalC2ERNS_2Hw4PortEhNS1_4ModeEb)
    EmbSysLib::Dev::Digital::operator=(EmbSysLib::Dev::Digital&) 0x080065e1   Thumb Code    26  lib.o(.text._ZN9EmbSysLib3Dev7DigitalaSERS1_)
    EmbSysLib::Dev::Digital::operator=(bool) 0x08006601   Thumb Code    14  lib.o(.text._ZN9EmbSysLib3Dev7DigitalaSEb)
    EmbSysLib::Dev::Digital::operator bool() 0x08006611   Thumb Code     6  lib.o(.text._ZN9EmbSysLib3Dev7DigitalcvbEv)
    EmbSysLib::Dev::Pointer::get()           0x08006619   Thumb Code   236  lib.o(.text._ZN9EmbSysLib3Dev7Pointer3getEv)
    EmbSysLib::Dev::Pointer::Pointer(EmbSysLib::Hw::Touch&) 0x08006709   Thumb Code    24  lib.o(.text._ZN9EmbSysLib3Dev7PointerC2ERNS_2Hw5TouchE)
    EmbSysLib::Dev::Pointer::Pointer__sub_object(EmbSysLib::Hw::Touch&) 0x08006709   Thumb Code    24  lib.o(.text._ZN9EmbSysLib3Dev7PointerC2ERNS_2Hw5TouchE)
    EmbSysLib::Dev::Terminal::printf(char const*, ...) 0x08006721   Thumb Code    58  lib.o(.text._ZN9EmbSysLib3Dev8Terminal6printfEPKcz)
    EmbSysLib::Dev::Terminal::Terminal(EmbSysLib::Hw::Uart&, unsigned short, unsigned short, char const*, char const*) 0x08006761   Thumb Code    66  lib.o(.text._ZN9EmbSysLib3Dev8TerminalC2ERNS_2Hw4UartEttPKcS6_)
    EmbSysLib::Dev::Terminal::Terminal__sub_object(EmbSysLib::Hw::Uart&, unsigned short, unsigned short, char const*, char const*) 0x08006761   Thumb Code    66  lib.o(.text._ZN9EmbSysLib3Dev8TerminalC2ERNS_2Hw4UartEttPKcS6_)
    EmbSysLib::Std::Report::error(unsigned short) 0x080067a9   Thumb Code   102  lib.o(.text._ZN9EmbSysLib3Std6Report5errorEt)
    EmbSysLib::Std::Report::Handler::Handler__sub_object() 0x08006811   Thumb Code    24  lib.o(.text._ZN9EmbSysLib3Std6Report7HandlerC2Ev)
    EmbSysLib::Std::Report::Handler::~Handler() 0x08006829   Thumb Code    36  lib.o(.text._ZN9EmbSysLib3Std6Report7HandlerD2Ev)
    EmbSysLib::Std::Report::Handler::~Handler__sub_object() 0x08006829   Thumb Code    36  lib.o(.text._ZN9EmbSysLib3Std6Report7HandlerD2Ev)
    EmbSysLib::Ctrl::DigitalButton::update() 0x08006851   Thumb Code    94  lib.o(.text._ZN9EmbSysLib4Ctrl13DigitalButton6updateEv)
    EmbSysLib::Ctrl::DigitalButton::DigitalButton(EmbSysLib::Dev::Digital&, EmbSysLib::Dev::TaskManager&, unsigned short, unsigned short) 0x080068b1   Thumb Code    96  lib.o(.text._ZN9EmbSysLib4Ctrl13DigitalButtonC2ERNS_3Dev7DigitalERNS2_11TaskManagerEtt)
    EmbSysLib::Ctrl::DigitalButton::DigitalButton__sub_object(EmbSysLib::Dev::Digital&, EmbSysLib::Dev::TaskManager&, unsigned short, unsigned short) 0x080068b1   Thumb Code    96  lib.o(.text._ZN9EmbSysLib4Ctrl13DigitalButtonC2ERNS_3Dev7DigitalERNS2_11TaskManagerEtt)
    EmbSysLib::Ctrl::DigitalEncoder::update() 0x08006911   Thumb Code   390  lib.o(.text._ZN9EmbSysLib4Ctrl14DigitalEncoder6updateEv)
    EmbSysLib::Ctrl::DigitalEncoder::getCtrl() 0x08006a99   Thumb Code    40  lib.o(.text._ZN9EmbSysLib4Ctrl14DigitalEncoder7getCtrlEv)
    EmbSysLib::Ctrl::DigitalIndicator::clr() 0x08006ac1   Thumb Code    18  lib.o(.text._ZN9EmbSysLib4Ctrl16DigitalIndicator3clrEv)
    EmbSysLib::Ctrl::DigitalIndicator::update() 0x08006ad9   Thumb Code    80  lib.o(.text._ZN9EmbSysLib4Ctrl16DigitalIndicator6updateEv)
    EmbSysLib::Ctrl::DigitalIndicator::trigger(unsigned short) 0x08006b29   Thumb Code    24  lib.o(.text._ZN9EmbSysLib4Ctrl16DigitalIndicator7triggerEt)
    EmbSysLib::Ctrl::DigitalIndicator::DigitalIndicator(EmbSysLib::Dev::Digital&, EmbSysLib::Dev::TaskManager&) 0x08006b41   Thumb Code    62  lib.o(.text._ZN9EmbSysLib4Ctrl16DigitalIndicatorC2ERNS_3Dev7DigitalERNS2_11TaskManagerE)
    EmbSysLib::Ctrl::DigitalIndicator::DigitalIndicator__sub_object(EmbSysLib::Dev::Digital&, EmbSysLib::Dev::TaskManager&) 0x08006b41   Thumb Code    62  lib.o(.text._ZN9EmbSysLib4Ctrl16DigitalIndicatorC2ERNS_3Dev7DigitalERNS2_11TaskManagerE)
    EmbSysLib::Ctrl::DigitalEncoderJoystick::getIncrement() 0x08006b81   Thumb Code   106  lib.o(.text._ZN9EmbSysLib4Ctrl22DigitalEncoderJoystick12getIncrementEv)
    EmbSysLib::Ctrl::DigitalEncoderJoystick::DigitalEncoderJoystick(EmbSysLib::Dev::Digital*, EmbSysLib::Dev::Digital*, EmbSysLib::Dev::Digital*, EmbSysLib::Dev::TaskManager&, unsigned short) 0x08006bf1   Thumb Code   110  lib.o(.text._ZN9EmbSysLib4Ctrl22DigitalEncoderJoystickC2EPNS_3Dev7DigitalES4_S4_RNS2_11TaskManagerEt)
    EmbSysLib::Ctrl::DigitalEncoderJoystick::DigitalEncoderJoystick__sub_object(EmbSysLib::Dev::Digital*, EmbSysLib::Dev::Digital*, EmbSysLib::Dev::Digital*, EmbSysLib::Dev::TaskManager&, unsigned short) 0x08006bf1   Thumb Code   110  lib.o(.text._ZN9EmbSysLib4Ctrl22DigitalEncoderJoystickC2EPNS_3Dev7DigitalES4_S4_RNS2_11TaskManagerEt)
    EmbSysLib::Hw::Bitmap::getWidth() const  0x08006c61   Thumb Code     6  lib.o(.text._ZNK9EmbSysLib2Hw6Bitmap8getWidthEv)
    EmbSysLib::Hw::Memory::getSize() const   0x08006c69   Thumb Code     4  lib.o(.text._ZNK9EmbSysLib2Hw6Memory7getSizeEv)
    EmbSysLib::Hw::Memory::isFlash() const   0x08006c71   Thumb Code     4  lib.o(.text._ZNK9EmbSysLib2Hw6Memory7isFlashEv)
    std::get_new_handler()                   0x08006c75   Thumb Code    12  cxa_handlers.cpp.o(.text._ZSt15get_new_handlerv)
    operator new[](unsigned int)             0x08006c81   Thumb Code     4  new.cpp.o(.text._Znaj)
    operator new(unsigned int)               0x08006c85   Thumb Code    38  new.cpp.o(.text._Znwj)
    __cxa_pure_virtual                       0x08006cad   Thumb Code     8  cxa_virtual.cpp.o(.text.__cxa_pure_virtual)
    abort_message                            0x08006cd5   Thumb Code     4  abort_message.cpp.o(.text.abort_message)
    main                                     0x08006cd9   Thumb Code   660  main.o(.text.main)
    _btod_d2e                                0x08006f9d   Thumb Code    62  btod.o(CL$$btod_d2e)
    _d2e_denorm_low                          0x08006fdb   Thumb Code    70  btod.o(CL$$btod_d2e_denorm_low)
    _d2e_norm_op1                            0x08007021   Thumb Code    96  btod.o(CL$$btod_d2e_norm_op1)
    __btod_div_common                        0x08007081   Thumb Code   696  btod.o(CL$$btod_div_common)
    _e2e                                     0x080073b9   Thumb Code   220  btod.o(CL$$btod_e2e)
    _btod_ediv                               0x08007495   Thumb Code    42  btod.o(CL$$btod_ediv)
    _btod_emul                               0x080074bf   Thumb Code    42  btod.o(CL$$btod_emul)
    __btod_mult_common                       0x080074e9   Thumb Code   580  btod.o(CL$$btod_mult_common)
    __ARM_fpclassify                         0x0800772d   Thumb Code    48  fpclassify.o(i.__ARM_fpclassify)
    _is_digit                                0x0800775d   Thumb Code    14  __printf_wp.o(i._is_digit)
    _get_lc_numeric                          0x0800776d   Thumb Code    44  lc_numeric_c.o(locale$$code)
    _get_lc_ctype                            0x08007799   Thumb Code    44  lc_ctype_c.o(locale$$code)
    __aeabi_d2f                              0x080077c5   Thumb Code     0  d2f.o(x$fpl$d2f)
    _d2f                                     0x080077c5   Thumb Code    98  d2f.o(x$fpl$d2f)
    __aeabi_ddiv                             0x08007829   Thumb Code     0  ddiv.o(x$fpl$ddiv)
    _ddiv                                    0x08007829   Thumb Code   556  ddiv.o(x$fpl$ddiv)
    __aeabi_d2iz                             0x08007add   Thumb Code     0  dfix.o(x$fpl$dfix)
    _dfix                                    0x08007add   Thumb Code    94  dfix.o(x$fpl$dfix)
    __aeabi_d2uiz                            0x08007b3d   Thumb Code     0  dfixu.o(x$fpl$dfixu)
    _dfixu                                   0x08007b3d   Thumb Code    90  dfixu.o(x$fpl$dfixu)
    __aeabi_ui2d                             0x08007b97   Thumb Code     0  dflt_clz.o(x$fpl$dfltu)
    _dfltu                                   0x08007b97   Thumb Code    38  dflt_clz.o(x$fpl$dfltu)
    __aeabi_dmul                             0x08007bbd   Thumb Code     0  dmul.o(x$fpl$dmul)
    _dmul                                    0x08007bbd   Thumb Code   332  dmul.o(x$fpl$dmul)
    __fpl_dnaninf                            0x08007d11   Thumb Code   156  dnaninf.o(x$fpl$dnaninf)
    __fpl_dretinf                            0x08007dad   Thumb Code    12  dretinf.o(x$fpl$dretinf)
    _fp_init                                 0x08007db9   Thumb Code    26  fpinit.o(x$fpl$fpinit)
    __fplib_config_fpu_vfp                   0x08007dd1   Thumb Code     0  fpinit.o(x$fpl$fpinit)
    __fplib_config_pureend_doubles           0x08007dd1   Thumb Code     0  fpinit.o(x$fpl$fpinit)
    __fpl_fretinf                            0x08007dd3   Thumb Code    10  fretinf.o(x$fpl$fretinf)
    _printf_fp_dec                           0x08007ddd   Thumb Code     4  printf1.o(x$fpl$printf1)
    _printf_fp_hex                           0x08007de1   Thumb Code     4  printf2.o(x$fpl$printf2)
    __I$use$fp                               0x08007de4   Number         0  usenofp.o(x$fpl$usenofp)
    vtable for myReportHandler               0x08007f10   Data          12  main.o(.rodata._ZTV15myReportHandler)
    vtable for EmbSysLib::Hw::MemoryImage    0x08007f1c   Data          48  main.o(.rodata._ZTVN9EmbSysLib2Hw11MemoryImageE)
    vtable for EmbSysLib::Hw::Memory_Flash   0x08007f4c   Data          48  lib.o(.rodata._ZTVN9EmbSysLib2Hw12Memory_FlashE)
    vtable for EmbSysLib::Hw::Touch_FT6206   0x08007f7c   Data          24  main.o(.rodata._ZTVN9EmbSysLib2Hw12Touch_FT6206E)
    vtable for EmbSysLib::Hw::I2Cmaster_Mcu  0x08007f94   Data          44  lib.o(.rodata._ZTVN9EmbSysLib2Hw13I2Cmaster_McuE)
    vtable for EmbSysLib::Hw::DisplayGraphic 0x08007fc0   Data          92  lib.o(.rodata._ZTVN9EmbSysLib2Hw14DisplayGraphicE)
    vtable for EmbSysLib::Hw::DisplayGraphic_OTM8009A 0x0800801c   Data          92  main.o(.rodata._ZTVN9EmbSysLib2Hw23DisplayGraphic_OTM8009AE)
    vtable for EmbSysLib::Hw::DisplayGraphic_OTM8009Aram 0x08008078   Data          92  main.o(.rodata._ZTVN9EmbSysLib2Hw26DisplayGraphic_OTM8009AramE)
    vtable for EmbSysLib::Hw::Port::Pin      0x080080d4   Data          28  lib.o(.rodata._ZTVN9EmbSysLib2Hw4Port3PinE)
    vtable for EmbSysLib::Hw::Uart           0x080080f0   Data          56  lib.o(.rodata._ZTVN9EmbSysLib2Hw4UartE)
    vtable for EmbSysLib::Hw::Touch          0x08008128   Data          24  lib.o(.rodata._ZTVN9EmbSysLib2Hw5TouchE)
    vtable for EmbSysLib::Hw::Memory         0x08008140   Data          48  lib.o(.rodata._ZTVN9EmbSysLib2Hw6MemoryE)
    vtable for EmbSysLib::Hw::Dsi_Mcu        0x08008170   Data          16  main.o(.rodata._ZTVN9EmbSysLib2Hw7Dsi_McuE)
    vtable for EmbSysLib::Hw::Port_Mcu       0x08008180   Data          32  lib.o(.rodata._ZTVN9EmbSysLib2Hw8Port_McuE)
    vtable for EmbSysLib::Hw::Uart_Mcu       0x080081a0   Data          60  lib.o(.rodata._ZTVN9EmbSysLib2Hw8Uart_McuE)
    vtable for EmbSysLib::Hw::I2Cmaster::Device 0x080081dc   Data          12  main.o(.rodata._ZTVN9EmbSysLib2Hw9I2Cmaster6DeviceE)
    vtable for EmbSysLib::Hw::Timer_Mcu      0x080081e8   Data          28  lib.o(.rodata._ZTVN9EmbSysLib2Hw9Timer_McuE)
    vtable for EmbSysLib::Dev::ScreenChar    0x08008204   Data          20  lib.o(.rodata._ZTVN9EmbSysLib3Dev10ScreenCharE)
    vtable for EmbSysLib::Dev::TaskManager   0x08008218   Data          24  main.o(.rodata._ZTVN9EmbSysLib3Dev11TaskManagerE)
    vtable for EmbSysLib::Dev::ScreenGraphic 0x08008230   Data          68  lib.o(.rodata._ZTVN9EmbSysLib3Dev13ScreenGraphicE)
    vtable for EmbSysLib::Dev::Digital       0x08008274   Data          48  lib.o(.rodata._ZTVN9EmbSysLib3Dev7DigitalE)
    vtable for EmbSysLib::Dev::Pointer       0x080082a4   Data          12  lib.o(.rodata._ZTVN9EmbSysLib3Dev7PointerE)
    vtable for EmbSysLib::Dev::Terminal      0x080082b0   Data          12  lib.o(.rodata._ZTVN9EmbSysLib3Dev8TerminalE)
    vtable for EmbSysLib::Std::Report::Handler 0x080082bc   Data          12  lib.o(.rodata._ZTVN9EmbSysLib3Std6Report7HandlerE)
    vtable for EmbSysLib::Ctrl::DigitalButton 0x080082c8   Data          12  lib.o(.rodata._ZTVN9EmbSysLib4Ctrl13DigitalButtonE)
    vtable for EmbSysLib::Ctrl::DigitalEncoder 0x080082d4   Data          20  lib.o(.rodata._ZTVN9EmbSysLib4Ctrl14DigitalEncoderE)
    vtable for EmbSysLib::Ctrl::DigitalIndicator 0x080082e8   Data          20  lib.o(.rodata._ZTVN9EmbSysLib4Ctrl16DigitalIndicatorE)
    vtable for EmbSysLib::Ctrl::DigitalEncoderJoystick 0x080082fc   Data          20  lib.o(.rodata._ZTVN9EmbSysLib4Ctrl22DigitalEncoderJoystickE)
    Region$$Table$$Base                      0x08008310   Number         0  anon$$obj.o(Region$$Table)
    Region$$Table$$Limit                     0x08008330   Number         0  anon$$obj.o(Region$$Table)
    __ctype                                  0x08008359   Data           0  lc_ctype_c.o(locale$$data)
    SHT$$INIT_ARRAY$$Base                    0x0800845c   Number         0  main.o(.init_array)
    SHT$$INIT_ARRAY$$Limit                   0x08008460   Number         0  init_aeabi.o(.init_array)
    EmbSysLib::Hw::PinConfig::table          0x20020000   Data         260  main.o(.data._ZN9EmbSysLib2Hw9PinConfig5tableE)
    EmbSysLib::Hw::PinConfig::report         0x20020104   Data           4  lib.o(.data._ZN9EmbSysLib2Hw9PinConfig6reportE)
    __libspace_start                         0x20020108   Data          96  libspace.o(.bss)
    EmbSysLib::Hw::USBdevice_Mcu::usbPtr     0x20020168   Data           4  lib.o(.bss._ZN9EmbSysLib2Hw13USBdevice_Mcu6usbPtrE)
    __temporary_stack_top$libspace           0x20020168   Data           0  libspace.o(.bss)
    EmbSysLib::Hw::System::cntInterrupt      0x2002016c   Data           1  lib.o(.bss._ZN9EmbSysLib2Hw6System12cntInterruptE)
    EmbSysLib::Hw::Adc_Mcu::adc1             0x20020170   Data           4  lib.o(.bss._ZN9EmbSysLib2Hw7Adc_Mcu4adc1E)
    EmbSysLib::Hw::Adc_Mcu::adc2             0x20020174   Data           4  lib.o(.bss._ZN9EmbSysLib2Hw7Adc_Mcu4adc2E)
    EmbSysLib::Hw::Adc_Mcu::adc3             0x20020178   Data           4  lib.o(.bss._ZN9EmbSysLib2Hw7Adc_Mcu4adc3E)
    EmbSysLib::Hw::Rtos_Mcu::sysTic          0x2002017c   Data           4  lib.o(.bss._ZN9EmbSysLib2Hw8Rtos_Mcu6sysTicE)
    EmbSysLib::Hw::Rtos_Mcu::schedule        0x20020180   Data           4  lib.o(.bss._ZN9EmbSysLib2Hw8Rtos_Mcu8scheduleE)
    EmbSysLib::Hw::Uart_Mcu::uartPtr_1       0x20020184   Data           4  lib.o(.bss._ZN9EmbSysLib2Hw8Uart_Mcu9uartPtr_1E)
    EmbSysLib::Hw::Uart_Mcu::uartPtr_2       0x20020188   Data           4  lib.o(.bss._ZN9EmbSysLib2Hw8Uart_Mcu9uartPtr_2E)
    EmbSysLib::Hw::Uart_Mcu::uartPtr_3       0x2002018c   Data           4  lib.o(.bss._ZN9EmbSysLib2Hw8Uart_Mcu9uartPtr_3E)
    EmbSysLib::Hw::Uart_Mcu::uartPtr_4       0x20020190   Data           4  lib.o(.bss._ZN9EmbSysLib2Hw8Uart_Mcu9uartPtr_4E)
    EmbSysLib::Hw::Uart_Mcu::uartPtr_5       0x20020194   Data           4  lib.o(.bss._ZN9EmbSysLib2Hw8Uart_Mcu9uartPtr_5E)
    EmbSysLib::Hw::Uart_Mcu::uartPtr_6       0x20020198   Data           4  lib.o(.bss._ZN9EmbSysLib2Hw8Uart_Mcu9uartPtr_6E)
    EmbSysLib::Hw::Timer_Mcu::timerPtr_1     0x2002019c   Data           4  lib.o(.bss._ZN9EmbSysLib2Hw9Timer_Mcu10timerPtr_1E)
    EmbSysLib::Hw::Timer_Mcu::timerPtr_2     0x200201a0   Data           4  lib.o(.bss._ZN9EmbSysLib2Hw9Timer_Mcu10timerPtr_2E)
    EmbSysLib::Hw::Timer_Mcu::timerPtr_3     0x200201a4   Data           4  lib.o(.bss._ZN9EmbSysLib2Hw9Timer_Mcu10timerPtr_3E)
    EmbSysLib::Hw::Timer_Mcu::timerPtr_4     0x200201a8   Data           4  lib.o(.bss._ZN9EmbSysLib2Hw9Timer_Mcu10timerPtr_4E)
    EmbSysLib::Hw::Timer_Mcu::timerPtr_5     0x200201ac   Data           4  lib.o(.bss._ZN9EmbSysLib2Hw9Timer_Mcu10timerPtr_5E)
    EmbSysLib::Hw::Timer_Mcu::timerPtr_7     0x200201b0   Data           4  lib.o(.bss._ZN9EmbSysLib2Hw9Timer_Mcu10timerPtr_7E)
    EmbSysLib::Hw::Timer_Mcu::timerPtr_8     0x200201b4   Data           4  lib.o(.bss._ZN9EmbSysLib2Hw9Timer_Mcu10timerPtr_8E)
    EmbSysLib::Hw::Timer_Mcu::timerPtr_9     0x200201b8   Data           4  lib.o(.bss._ZN9EmbSysLib2Hw9Timer_Mcu10timerPtr_9E)
    EmbSysLib::Hw::Timer_Mcu::timerPtr_10    0x200201bc   Data           4  lib.o(.bss._ZN9EmbSysLib2Hw9Timer_Mcu11timerPtr_10E)
    EmbSysLib::Hw::Timer_Mcu::timerPtr_11    0x200201c0   Data           4  lib.o(.bss._ZN9EmbSysLib2Hw9Timer_Mcu11timerPtr_11E)
    EmbSysLib::Hw::Timer_Mcu::timerPtr_14    0x200201c4   Data           4  lib.o(.bss._ZN9EmbSysLib2Hw9Timer_Mcu11timerPtr_14E)
    EmbSysLib::Std::Report::globalCode       0x200201c8   Data           2  lib.o(.bss._ZN9EmbSysLib3Std6Report10globalCodeE)
    EmbSysLib::Std::Report::msgHandler       0x200201cc   Data           4  lib.o(.bss._ZN9EmbSysLib3Std6Report10msgHandlerE)
    EmbSysLib::Std::Report::globalModule     0x200201d0   Data           2  lib.o(.bss._ZN9EmbSysLib3Std6Report12globalModuleE)
    __cxa_new_handler                        0x200201dc   Data           4  cxa_default_handlers.cpp.o(.bss.__cxa_new_handler)
    bitmapBitmap_320x240                     0x200201e0   Data           8  main.o(.bss.bitmapBitmap_320x240)
    bitmapBitmap_32x32                       0x200201e8   Data           8  main.o(.bss.bitmapBitmap_32x32)
    btnCtrl                                  0x200201f0   Data          24  main.o(.bss.btnCtrl)
    btnLeft                                  0x20020208   Data          24  main.o(.bss.btnLeft)
    btnRight                                 0x20020220   Data          24  main.o(.bss.btnRight)
    btn_A                                    0x20020238   Data          24  main.o(.bss.btn_A)
    button                                   0x20020250   Data          32  main.o(.bss.button)
    dispGraphic                              0x20020270   Data          76  main.o(.bss.dispGraphic)
    encoder                                  0x200202bc   Data          40  main.o(.bss.encoder)
    fmc                                      0x200202e4   Data           3  main.o(.bss.fmc)
    fontFont_10x20                           0x200202e8   Data          12  main.o(.bss.fontFont_10x20)
    fontFont_16x24                           0x200202f4   Data          12  main.o(.bss.fontFont_16x24)
    fontFont_8x12                            0x20020300   Data          12  main.o(.bss.fontFont_8x12)
    fontFont_8x8                             0x2002030c   Data          12  main.o(.bss.fontFont_8x8)
    hwDSI                                    0x20020318   Data           8  main.o(.bss.hwDSI)
    i2cBusTouch                              0x20020320   Data          16  main.o(.bss.i2cBusTouch)
    image                                    0x20020330   Data          28  main.o(.bss.image)
    indicator                                0x2002034c   Data          24  main.o(.bss.indicator)
    lcdResetPin                              0x20020364   Data          16  main.o(.bss.lcdResetPin)
    led_A                                    0x20020374   Data          24  main.o(.bss.led_A)
    pointer                                  0x2002038c   Data          32  main.o(.bss.pointer)
    portA                                    0x200203ac   Data          12  main.o(.bss.portA)
    portC                                    0x200203b8   Data          12  main.o(.bss.portC)
    portF                                    0x200203c4   Data          12  main.o(.bss.portF)
    portJ                                    0x200203d0   Data          12  main.o(.bss.portJ)
    report                                   0x200203dc   Data           4  main.o(.bss.report)
    screenChar                               0x200203e0   Data          16  main.o(.bss.screenChar)
    screenGraphic                            0x200203f0   Data          16  main.o(.bss.screenGraphic)
    taskManager                              0x20020400   Data          32  main.o(.bss.taskManager)
    terminal                                 0x20020420   Data          40  main.o(.bss.terminal)
    timer                                    0x20020448   Data          28  main.o(.bss.timer)
    touch                                    0x20020464   Data          36  main.o(.bss.touch)
    uart                                     0x20020488   Data          40  main.o(.bss.uart)



==============================================================================

Memory Map of the image

  Image Entry point : 0x080001f9

  Load Region LR_IROM1 (Base: 0x08000000, Size: 0x00008568, Max: 0x00200000, ABSOLUTE)

    Execution Region ER_IROM1 (Exec base: 0x08000000, Load base: 0x08000000, Size: 0x00008460, Max: 0x00200000, ABSOLUTE)

    Exec Addr    Load Addr    Size         Type   Attr      Idx    E Section Name        Object

    0x08000000   0x08000000   0x000001f8   Data   RO         1216    RESET               startup.o
    0x080001f8   0x080001f8   0x00000008   Code   RO         1248  * !!!main             c_wu.l(__main.o)
    0x08000200   0x08000200   0x00000034   Code   RO         1844    !!!scatter          c_wu.l(__scatter.o)
    0x08000234   0x08000234   0x0000001a   Code   RO         1846    !!handler_copy      c_wu.l(__scatter_copy.o)
    0x0800024e   0x0800024e   0x00000002   PAD
    0x08000250   0x08000250   0x0000001c   Code   RO         1848    !!handler_zi        c_wu.l(__scatter_zi.o)
    0x0800026c   0x0800026c   0x00000000   Code   RO         1481    .ARM.Collect$$_printf_percent$$00000000  c_wu.l(_printf_percent.o)
    0x0800026c   0x0800026c   0x00000006   Code   RO         1470    .ARM.Collect$$_printf_percent$$00000001  c_wu.l(_printf_n.o)
    0x08000272   0x08000272   0x00000006   Code   RO         1472    .ARM.Collect$$_printf_percent$$00000002  c_wu.l(_printf_p.o)
    0x08000278   0x08000278   0x00000006   Code   RO         1477    .ARM.Collect$$_printf_percent$$00000003  c_wu.l(_printf_f.o)
    0x0800027e   0x0800027e   0x00000006   Code   RO         1478    .ARM.Collect$$_printf_percent$$00000004  c_wu.l(_printf_e.o)
    0x08000284   0x08000284   0x00000006   Code   RO         1479    .ARM.Collect$$_printf_percent$$00000005  c_wu.l(_printf_g.o)
    0x0800028a   0x0800028a   0x00000006   Code   RO         1480    .ARM.Collect$$_printf_percent$$00000006  c_wu.l(_printf_a.o)
    0x08000290   0x08000290   0x0000000a   Code   RO         1485    .ARM.Collect$$_printf_percent$$00000007  c_wu.l(_printf_ll.o)
    0x0800029a   0x0800029a   0x00000006   Code   RO         1474    .ARM.Collect$$_printf_percent$$00000008  c_wu.l(_printf_i.o)
    0x080002a0   0x080002a0   0x00000006   Code   RO         1475    .ARM.Collect$$_printf_percent$$00000009  c_wu.l(_printf_d.o)
    0x080002a6   0x080002a6   0x00000006   Code   RO         1476    .ARM.Collect$$_printf_percent$$0000000A  c_wu.l(_printf_u.o)
    0x080002ac   0x080002ac   0x00000006   Code   RO         1473    .ARM.Collect$$_printf_percent$$0000000B  c_wu.l(_printf_o.o)
    0x080002b2   0x080002b2   0x00000006   Code   RO         1471    .ARM.Collect$$_printf_percent$$0000000C  c_wu.l(_printf_x.o)
    0x080002b8   0x080002b8   0x00000006   Code   RO         1482    .ARM.Collect$$_printf_percent$$0000000D  c_wu.l(_printf_lli.o)
    0x080002be   0x080002be   0x00000006   Code   RO         1483    .ARM.Collect$$_printf_percent$$0000000E  c_wu.l(_printf_lld.o)
    0x080002c4   0x080002c4   0x00000006   Code   RO         1484    .ARM.Collect$$_printf_percent$$0000000F  c_wu.l(_printf_llu.o)
    0x080002ca   0x080002ca   0x00000006   Code   RO         1489    .ARM.Collect$$_printf_percent$$00000010  c_wu.l(_printf_llo.o)
    0x080002d0   0x080002d0   0x00000006   Code   RO         1490    .ARM.Collect$$_printf_percent$$00000011  c_wu.l(_printf_llx.o)
    0x080002d6   0x080002d6   0x0000000a   Code   RO         1486    .ARM.Collect$$_printf_percent$$00000012  c_wu.l(_printf_l.o)
    0x080002e0   0x080002e0   0x00000006   Code   RO         1468    .ARM.Collect$$_printf_percent$$00000013  c_wu.l(_printf_c.o)
    0x080002e6   0x080002e6   0x00000006   Code   RO         1469    .ARM.Collect$$_printf_percent$$00000014  c_wu.l(_printf_s.o)
    0x080002ec   0x080002ec   0x00000006   Code   RO         1487    .ARM.Collect$$_printf_percent$$00000015  c_wu.l(_printf_lc.o)
    0x080002f2   0x080002f2   0x00000006   Code   RO         1488    .ARM.Collect$$_printf_percent$$00000016  c_wu.l(_printf_ls.o)
    0x080002f8   0x080002f8   0x00000004   Code   RO         1657    .ARM.Collect$$_printf_percent$$00000017  c_wu.l(_printf_percent_end.o)
    0x080002fc   0x080002fc   0x00000002   Code   RO         1771    .ARM.Collect$$libinit$$00000000  c_wu.l(libinit.o)
    0x080002fe   0x080002fe   0x00000004   Code   RO         1503    .ARM.Collect$$libinit$$00000001  c_wu.l(libinit2.o)
    0x08000302   0x08000302   0x00000000   Code   RO         1506    .ARM.Collect$$libinit$$00000004  c_wu.l(libinit2.o)
    0x08000302   0x08000302   0x00000000   Code   RO         1508    .ARM.Collect$$libinit$$00000006  c_wu.l(libinit2.o)
    0x08000302   0x08000302   0x00000008   Code   RO         1509    .ARM.Collect$$libinit$$00000007  c_wu.l(libinit2.o)
    0x0800030a   0x0800030a   0x00000000   Code   RO         1511    .ARM.Collect$$libinit$$0000000C  c_wu.l(libinit2.o)
    0x0800030a   0x0800030a   0x00000000   Code   RO         1513    .ARM.Collect$$libinit$$0000000E  c_wu.l(libinit2.o)
    0x0800030a   0x0800030a   0x00000000   Code   RO         1515    .ARM.Collect$$libinit$$00000010  c_wu.l(libinit2.o)
    0x0800030a   0x0800030a   0x00000006   Code   RO         1516    .ARM.Collect$$libinit$$00000011  c_wu.l(libinit2.o)
    0x08000310   0x08000310   0x00000000   Code   RO         1518    .ARM.Collect$$libinit$$00000013  c_wu.l(libinit2.o)
    0x08000310   0x08000310   0x0000000c   Code   RO         1519    .ARM.Collect$$libinit$$00000014  c_wu.l(libinit2.o)
    0x0800031c   0x0800031c   0x00000000   Code   RO         1520    .ARM.Collect$$libinit$$00000015  c_wu.l(libinit2.o)
    0x0800031c   0x0800031c   0x00000000   Code   RO         1522    .ARM.Collect$$libinit$$00000017  c_wu.l(libinit2.o)
    0x0800031c   0x0800031c   0x0000000a   Code   RO         1523    .ARM.Collect$$libinit$$00000018  c_wu.l(libinit2.o)
    0x08000326   0x08000326   0x00000000   Code   RO         1524    .ARM.Collect$$libinit$$00000019  c_wu.l(libinit2.o)
    0x08000326   0x08000326   0x00000000   Code   RO         1526    .ARM.Collect$$libinit$$0000001B  c_wu.l(libinit2.o)
    0x08000326   0x08000326   0x00000000   Code   RO         1528    .ARM.Collect$$libinit$$0000001D  c_wu.l(libinit2.o)
    0x08000326   0x08000326   0x00000000   Code   RO         1530    .ARM.Collect$$libinit$$0000001F  c_wu.l(libinit2.o)
    0x08000326   0x08000326   0x00000000   Code   RO         1532    .ARM.Collect$$libinit$$00000021  c_wu.l(libinit2.o)
    0x08000326   0x08000326   0x00000000   Code   RO         1534    .ARM.Collect$$libinit$$00000023  c_wu.l(libinit2.o)
    0x08000326   0x08000326   0x00000000   Code   RO         1536    .ARM.Collect$$libinit$$00000025  c_wu.l(libinit2.o)
    0x08000326   0x08000326   0x00000000   Code   RO         1538    .ARM.Collect$$libinit$$00000027  c_wu.l(libinit2.o)
    0x08000326   0x08000326   0x00000000   Code   RO         1542    .ARM.Collect$$libinit$$0000002E  c_wu.l(libinit2.o)
    0x08000326   0x08000326   0x00000000   Code   RO         1544    .ARM.Collect$$libinit$$00000030  c_wu.l(libinit2.o)
    0x08000326   0x08000326   0x00000000   Code   RO         1546    .ARM.Collect$$libinit$$00000032  c_wu.l(libinit2.o)
    0x08000326   0x08000326   0x00000004   Code   RO         1547    .ARM.Collect$$libinit$$00000033  c_wu.l(libinit2.o)
    0x0800032a   0x0800032a   0x00000000   Code   RO         1548    .ARM.Collect$$libinit$$00000034  c_wu.l(libinit2.o)
    0x0800032a   0x0800032a   0x00000002   Code   RO         1549    .ARM.Collect$$libinit$$00000035  c_wu.l(libinit2.o)
    0x0800032c   0x0800032c   0x00000002   Code   RO         1842    .ARM.Collect$$libshutdown$$00000000  c_wu.l(libshutdown.o)
    0x0800032e   0x0800032e   0x00000006   Code   RO         1772    .ARM.Collect$$libshutdown$$00000001  c_wu.l(libshutdown2.o)
    0x08000334   0x08000334   0x00000000   Code   RO         1773    .ARM.Collect$$libshutdown$$00000002  c_wu.l(libshutdown2.o)
    0x08000334   0x08000334   0x00000000   Code   RO         1775    .ARM.Collect$$libshutdown$$00000004  c_wu.l(libshutdown2.o)
    0x08000334   0x08000334   0x00000000   Code   RO         1778    .ARM.Collect$$libshutdown$$00000007  c_wu.l(libshutdown2.o)
    0x08000334   0x08000334   0x00000000   Code   RO         1781    .ARM.Collect$$libshutdown$$0000000A  c_wu.l(libshutdown2.o)
    0x08000334   0x08000334   0x00000000   Code   RO         1783    .ARM.Collect$$libshutdown$$0000000C  c_wu.l(libshutdown2.o)
    0x08000334   0x08000334   0x00000000   Code   RO         1786    .ARM.Collect$$libshutdown$$0000000F  c_wu.l(libshutdown2.o)
    0x08000334   0x08000334   0x00000002   Code   RO         1787    .ARM.Collect$$libshutdown$$00000010  c_wu.l(libshutdown2.o)
    0x08000336   0x08000336   0x00000000   Code   RO         1329    .ARM.Collect$$rtentry$$00000000  c_wu.l(__rtentry.o)
    0x08000336   0x08000336   0x00000000   Code   RO         1596    .ARM.Collect$$rtentry$$00000002  c_wu.l(__rtentry2.o)
    0x08000336   0x08000336   0x00000006   Code   RO         1608    .ARM.Collect$$rtentry$$00000004  c_wu.l(__rtentry4.o)
    0x0800033c   0x0800033c   0x00000000   Code   RO         1598    .ARM.Collect$$rtentry$$00000009  c_wu.l(__rtentry2.o)
    0x0800033c   0x0800033c   0x00000004   Code   RO         1599    .ARM.Collect$$rtentry$$0000000A  c_wu.l(__rtentry2.o)
    0x08000340   0x08000340   0x00000000   Code   RO         1601    .ARM.Collect$$rtentry$$0000000C  c_wu.l(__rtentry2.o)
    0x08000340   0x08000340   0x00000008   Code   RO         1602    .ARM.Collect$$rtentry$$0000000D  c_wu.l(__rtentry2.o)
    0x08000348   0x08000348   0x00000002   Code   RO         1792    .ARM.Collect$$rtexit$$00000000  c_wu.l(rtexit.o)
    0x0800034a   0x0800034a   0x00000000   Code   RO         1814    .ARM.Collect$$rtexit$$00000002  c_wu.l(rtexit2.o)
    0x0800034a   0x0800034a   0x00000004   Code   RO         1815    .ARM.Collect$$rtexit$$00000003  c_wu.l(rtexit2.o)
    0x0800034e   0x0800034e   0x00000006   Code   RO         1816    .ARM.Collect$$rtexit$$00000004  c_wu.l(rtexit2.o)
    0x08000354   0x08000354   0x0000006c   Code   RO         1217    .text               startup.o
    0x080003c0   0x080003c0   0x0000003c   Code   RO         1226    .text               c_wu.l(vsnprintf.o)
    0x080003fc   0x080003fc   0x0000000a   Code   RO         1231    .text               c_wu.l(cxa_atexit.o)
    0x08000406   0x08000406   0x0000003e   Code   RO         1238    .text               c_wu.l(strlen.o)
    0x08000444   0x08000444   0x00000004   PAD
    0x08000448   0x08000448   0x0000007c   Code   RO         1244    .text               c_wu.l(strcmpv7m_pel.o)
    0x080004c4   0x080004c4   0x00000006   Code   RO         1246    .text               c_wu.l(heapauxi.o)
    0x080004ca   0x080004ca   0x00000002   PAD
    0x080004cc   0x080004cc   0x00000024   Code   RO         1253    .text               c_wu.l(init_aeabi.o)
    0x080004f0   0x080004f0   0x0000005e   Code   RO         1338    .text               c_wu.l(h1_alloc.o)
    0x0800054e   0x0800054e   0x0000004e   Code   RO         1340    .text               c_wu.l(h1_free.o)
    0x0800059c   0x0800059c   0x0000004e   Code   RO         1402    .text               c_wu.l(_printf_pad.o)
    0x080005ea   0x080005ea   0x00000024   Code   RO         1404    .text               c_wu.l(_printf_truncate.o)
    0x0800060e   0x0800060e   0x00000052   Code   RO         1406    .text               c_wu.l(_printf_str.o)
    0x08000660   0x08000660   0x00000078   Code   RO         1408    .text               c_wu.l(_printf_dec.o)
    0x080006d8   0x080006d8   0x00000028   Code   RO         1410    .text               c_wu.l(_printf_charcount.o)
    0x08000700   0x08000700   0x00000030   Code   RO         1412    .text               c_wu.l(_printf_char_common.o)
    0x08000730   0x08000730   0x00000010   Code   RO         1414    .text               c_wu.l(_snputc.o)
    0x08000740   0x08000740   0x000000bc   Code   RO         1416    .text               c_wu.l(_printf_wctomb.o)
    0x080007fc   0x080007fc   0x0000007c   Code   RO         1419    .text               c_wu.l(_printf_longlong_dec.o)
    0x08000878   0x08000878   0x00000070   Code   RO         1425    .text               c_wu.l(_printf_oct_int_ll.o)
    0x080008e8   0x080008e8   0x00000094   Code   RO         1445    .text               c_wu.l(_printf_hex_int_ll_ptr.o)
    0x0800097c   0x0800097c   0x00000188   Code   RO         1465    .text               c_wu.l(__printf_flags_ss_wp.o)
    0x08000b04   0x08000b04   0x00000016   Code   RO         1491    .text               c_wu.l(abort.o)
    0x08000b1a   0x08000b1a   0x0000002e   Code   RO         1496    .text               c_wu.l(aeabi_atexit.o)
    0x08000b48   0x08000b48   0x0000000c   Code   RO         1589    .text               c_wu.l(sys_exit.o)
    0x08000b54   0x08000b54   0x00000008   Code   RO         1615    .text               c_wu.l(rt_heap_descriptor_intlibspace.o)
    0x08000b5c   0x08000b5c   0x00000008   Code   RO         1620    .text               c_wu.l(rt_ddtor_pointer_addr_intlibspace.o)
    0x08000b64   0x08000b64   0x00000004   Code   RO         1622    .text               c_wu.l(hguard.o)
    0x08000b68   0x08000b68   0x0000008a   Code   RO         1624    .text               c_wu.l(init_alloc.o)
    0x08000bf2   0x08000bf2   0x0000000e   Code   RO         1628    .text               c_wu.l(h1_init.o)
    0x08000c00   0x08000c00   0x0000008a   Code   RO         1640    .text               c_wu.l(lludiv10.o)
    0x08000c8a   0x08000c8a   0x000000b2   Code   RO         1642    .text               c_wu.l(_printf_intcommon.o)
    0x08000d3c   0x08000d3c   0x0000041c   Code   RO         1644    .text               c_wu.l(_printf_fp_dec.o)
    0x08001158   0x08001158   0x000002fc   Code   RO         1648    .text               c_wu.l(_printf_fp_hex.o)
    0x08001454   0x08001454   0x0000002c   Code   RO         1653    .text               c_wu.l(_printf_char.o)
    0x08001480   0x08001480   0x0000002c   Code   RO         1655    .text               c_wu.l(_printf_wchar.o)
    0x080014ac   0x080014ac   0x00000048   Code   RO         1658    .text               c_wu.l(_c32rtomb.o)
    0x080014f4   0x080014f4   0x00000042   Code   RO         1660    .text               c_wu.l(cxa_finalize.o)
    0x08001536   0x08001536   0x0000000e   Code   RO         1663    .text               c_wu.l(defsig_abrt_outer.o)
    0x08001544   0x08001544   0x00000008   Code   RO         1688    .text               c_wu.l(libspace.o)
    0x0800154c   0x0800154c   0x00000002   Code   RO         1691    .text               c_wu.l(use_no_semi.o)
    0x0800154e   0x0800154e   0x00000000   Code   RO         1693    .text               c_wu.l(indicate_semi.o)
    0x0800154e   0x0800154e   0x0000004a   Code   RO         1694    .text               c_wu.l(sys_stackheap_outer.o)
    0x08001598   0x08001598   0x00000010   Code   RO         1696    .text               c_wu.l(rt_ctype_table.o)
    0x080015a8   0x080015a8   0x00000008   Code   RO         1703    .text               c_wu.l(rt_locale_intlibspace.o)
    0x080015b0   0x080015b0   0x00000000   Code   RO         1707    .text               c_wu.l(maybetermalloc1.o)
    0x080015b0   0x080015b0   0x00000034   Code   RO         1709    .text               c_wu.l(h1_extend.o)
    0x080015e4   0x080015e4   0x00000080   Code   RO         1713    .text               c_wu.l(_printf_fp_infnan.o)
    0x08001664   0x08001664   0x000000e4   Code   RO         1715    .text               c_wu.l(bigflt0.o)
    0x08001748   0x08001748   0x00000012   Code   RO         1745    .text               c_wu.l(exit.o)
    0x0800175a   0x0800175a   0x0000000a   Code   RO         1747    .text               c_wu.l(defsig_exit.o)
    0x08001764   0x08001764   0x00000030   Code   RO         1749    .text               c_wu.l(defsig_abrt_inner.o)
    0x08001794   0x08001794   0x0000000e   Code   RO         1755    .text               c_wu.l(defsig_rtmem_outer.o)
    0x080017a2   0x080017a2   0x00000032   Code   RO         1803    .text               c_wu.l(defsig_general.o)
    0x080017d4   0x080017d4   0x00000050   Code   RO         1807    .text               c_wu.l(defsig_rtmem_inner.o)
    0x08001824   0x08001824   0x0000000e   Code   RO         1809    .text               c_wu.l(sys_wrch.o)
    0x08001832   0x08001832   0x00000006   PAD
    0x08001838   0x08001838   0x00000076   Code   RO          183    .text.ADC_IRQHandler  lib.o
    0x080018ae   0x080018ae   0x00000002   PAD
    0x080018b0   0x080018b0   0x0000000e   Code   RO          417    .text.OTG_FS_IRQHandler  lib.o
    0x080018be   0x080018be   0x00000002   PAD
    0x080018c0   0x080018c0   0x0000002c   Code   RO          267    .text.PendSV_Handler  lib.o
    0x080018ec   0x080018ec   0x00000004   PAD
    0x080018f0   0x080018f0   0x0000003a   Code   RO          265    .text.SysTick_Handler  lib.o
    0x0800192a   0x0800192a   0x00000006   PAD
    0x08001930   0x08001930   0x000002e8   Code   RO          159    .text.SystemInit    lib.o
    0x08001c18   0x08001c18   0x00000028   Code   RO          281    .text.TIM1_TRG_COM_TIM11_IRQHandler  lib.o
    0x08001c40   0x08001c40   0x00000072   Code   RO          279    .text.TIM1_UP_TIM10_IRQHandler  lib.o
    0x08001cb2   0x08001cb2   0x00000006   PAD
    0x08001cb8   0x08001cb8   0x00000016   Code   RO          285    .text.TIM2_IRQHandler  lib.o
    0x08001cce   0x08001cce   0x00000002   PAD
    0x08001cd0   0x08001cd0   0x00000016   Code   RO          287    .text.TIM3_IRQHandler  lib.o
    0x08001ce6   0x08001ce6   0x00000002   PAD
    0x08001ce8   0x08001ce8   0x00000016   Code   RO          289    .text.TIM4_IRQHandler  lib.o
    0x08001cfe   0x08001cfe   0x00000002   PAD
    0x08001d00   0x08001d00   0x00000016   Code   RO          291    .text.TIM5_IRQHandler  lib.o
    0x08001d16   0x08001d16   0x00000002   PAD
    0x08001d18   0x08001d18   0x00000016   Code   RO          293    .text.TIM7_IRQHandler  lib.o
    0x08001d2e   0x08001d2e   0x00000002   PAD
    0x08001d30   0x08001d30   0x00000016   Code   RO          295    .text.TIM8_CC_IRQHandler  lib.o
    0x08001d46   0x08001d46   0x00000002   PAD
    0x08001d48   0x08001d48   0x00000028   Code   RO          283    .text.TIM8_TRG_COM_TIM14_IRQHandler  lib.o
    0x08001d70   0x08001d70   0x0000003a   Code   RO          311    .text.UART4_IRQHandler  lib.o
    0x08001daa   0x08001daa   0x00000006   PAD
    0x08001db0   0x08001db0   0x0000003a   Code   RO          313    .text.UART5_IRQHandler  lib.o
    0x08001dea   0x08001dea   0x00000006   PAD
    0x08001df0   0x08001df0   0x0000003a   Code   RO          305    .text.USART1_IRQHandler  lib.o
    0x08001e2a   0x08001e2a   0x00000006   PAD
    0x08001e30   0x08001e30   0x0000003a   Code   RO          307    .text.USART2_IRQHandler  lib.o
    0x08001e6a   0x08001e6a   0x00000006   PAD
    0x08001e70   0x08001e70   0x0000003a   Code   RO          309    .text.USART3_IRQHandler  lib.o
    0x08001eaa   0x08001eaa   0x00000006   PAD
    0x08001eb0   0x08001eb0   0x0000003a   Code   RO          315    .text.USART6_IRQHandler  lib.o
    0x08001eea   0x08001eea   0x00000006   PAD
    0x08001ef0   0x08001ef0   0x000003d4   Code   RO           34    .text._GLOBAL__sub_I_main.cpp  main.o
    0x080022c4   0x080022c4   0x00000004   PAD
    0x080022c8   0x080022c8   0x00000006   Code   RO          161    .text._Z18System_GetDSIclockv  lib.o
    0x080022ce   0x080022ce   0x00000002   PAD
    0x080022d0   0x080022d0   0x0000002a   Code   RO          153    .text._ZL18__NVIC_SystemResetv  lib.o
    0x080022fa   0x080022fa   0x00000006   PAD
    0x08002300   0x08002300   0x00000002   Code   RO          104    .text._ZN15myReportHandler8onReportEttb  main.o
    0x08002302   0x08002302   0x00000006   PAD
    0x08002308   0x08002308   0x00000004   Code   RO         1095    .text._ZN9EmbSysLib2Hw11DisplayChar16getNumberOfLinesEv  lib.o
    0x0800230c   0x0800230c   0x00000004   PAD
    0x08002310   0x08002310   0x00000004   Code   RO         1097    .text._ZN9EmbSysLib2Hw11DisplayChar18getNumberOfColumnsEv  lib.o
    0x08002314   0x08002314   0x00000004   PAD
    0x08002318   0x08002318   0x00000024   Code   RO          481    .text._ZN9EmbSysLib2Hw11DisplayChar9putStringEPKc  lib.o
    0x0800233c   0x0800233c   0x00000004   PAD
    0x08002340   0x08002340   0x00000002   Code   RO          118    .text._ZN9EmbSysLib2Hw11MemoryImage4lockEv  main.o
    0x08002342   0x08002342   0x00000006   PAD
    0x08002348   0x08002348   0x00000004   Code   RO           96    .text._ZN9EmbSysLib2Hw11MemoryImage6getPtrEv  main.o
    0x0800234c   0x0800234c   0x00000004   PAD
    0x08002350   0x08002350   0x00000002   Code   RO          116    .text._ZN9EmbSysLib2Hw11MemoryImage6unlockEv  main.o
    0x08002352   0x08002352   0x00000006   PAD
    0x08002358   0x08002358   0x00000006   Code   RO          122    .text._ZN9EmbSysLib2Hw11MemoryImage8readByteEj  main.o
    0x0800235e   0x0800235e   0x00000002   PAD
    0x08002360   0x08002360   0x00000008   Code   RO          120    .text._ZN9EmbSysLib2Hw11MemoryImage9writeByteEjh  main.o
    0x08002368   0x08002368   0x000000fc   Code   RO           94    .text._ZN9EmbSysLib2Hw11MemoryImageC2ERNS0_6MemoryEPKc  main.o
    0x08002464   0x08002464   0x00000004   PAD
    0x08002468   0x08002468   0x0000002c   Code   RO          239    .text._ZN9EmbSysLib2Hw12Memory_Flash4lockEv  lib.o
    0x08002494   0x08002494   0x00000004   PAD
    0x08002498   0x08002498   0x00000084   Code   RO          241    .text._ZN9EmbSysLib2Hw12Memory_Flash5eraseEv  lib.o
    0x0800251c   0x0800251c   0x00000004   PAD
    0x08002520   0x08002520   0x00000004   Code   RO         1073    .text._ZN9EmbSysLib2Hw12Memory_Flash6getPtrEv  lib.o
    0x08002524   0x08002524   0x00000004   PAD
    0x08002528   0x08002528   0x00000056   Code   RO          237    .text._ZN9EmbSysLib2Hw12Memory_Flash6unlockEv  lib.o
    0x0800257e   0x0800257e   0x00000002   PAD
    0x08002580   0x08002580   0x00000006   Code   RO          247    .text._ZN9EmbSysLib2Hw12Memory_Flash8readByteEj  lib.o
    0x08002586   0x08002586   0x00000002   PAD
    0x08002588   0x08002588   0x000000fe   Code   RO          245    .text._ZN9EmbSysLib2Hw12Memory_Flash9writeByteEjh  lib.o
    0x08002686   0x08002686   0x00000002   PAD
    0x08002688   0x08002688   0x0000020a   Code   RO          233    .text._ZN9EmbSysLib2Hw12Memory_FlashC2Ehh  lib.o
    0x08002892   0x08002892   0x00000006   PAD
    0x08002898   0x08002898   0x00000074   Code   RO           30    .text._ZN9EmbSysLib2Hw12Touch_FT62066updateEv  main.o
    0x0800290c   0x0800290c   0x00000004   PAD
    0x08002910   0x08002910   0x00000020   Code   RO         1181    .text._ZN9EmbSysLib2Hw13I2Cmaster_Mcu11readByteAckEv  lib.o
    0x08002930   0x08002930   0x0000008a   Code   RO         1185    .text._ZN9EmbSysLib2Hw13I2Cmaster_Mcu11waitForAcknEj  lib.o
    0x080029ba   0x080029ba   0x00000006   PAD
    0x080029c0   0x080029c0   0x00000020   Code   RO         1183    .text._ZN9EmbSysLib2Hw13I2Cmaster_Mcu12readByteNackEv  lib.o
    0x080029e0   0x080029e0   0x0000000c   Code   RO         1175    .text._ZN9EmbSysLib2Hw13I2Cmaster_Mcu4stopEv  lib.o
    0x080029ec   0x080029ec   0x00000004   PAD
    0x080029f0   0x080029f0   0x00000018   Code   RO         1173    .text._ZN9EmbSysLib2Hw13I2Cmaster_Mcu5startEh  lib.o
    0x08002a08   0x08002a08   0x0000002c   Code   RO         1177    .text._ZN9EmbSysLib2Hw13I2Cmaster_Mcu8sendAddrEh  lib.o
    0x08002a34   0x08002a34   0x00000004   PAD
    0x08002a38   0x08002a38   0x00000014   Code   RO         1179    .text._ZN9EmbSysLib2Hw13I2Cmaster_Mcu9writeByteEh  lib.o
    0x08002a4c   0x08002a4c   0x00000004   PAD
    0x08002a50   0x08002a50   0x000001aa   Code   RO          221    .text._ZN9EmbSysLib2Hw13I2Cmaster_McuC2ENS1_6I2C_IDEt  lib.o
    0x08002bfa   0x08002bfa   0x00000006   PAD
    0x08002c00   0x08002c00   0x0000072c   Code   RO         1031    .text._ZN9EmbSysLib2Hw13USBdevice_Mcu3isrEv  lib.o
    0x0800332c   0x0800332c   0x00000004   PAD
    0x08003330   0x08003330   0x00000020   Code   RO          497    .text._ZN9EmbSysLib2Hw14DisplayGraphic11gotoTextPosEhh  lib.o
    0x08003350   0x08003350   0x00000006   Code   RO          495    .text._ZN9EmbSysLib2Hw14DisplayGraphic12gotoPixelPosEtt  lib.o
    0x08003356   0x08003356   0x00000002   PAD
    0x08003358   0x08003358   0x0000003c   Code   RO          503    .text._ZN9EmbSysLib2Hw14DisplayGraphic12putRectangleEtttt  lib.o
    0x08003394   0x08003394   0x00000004   PAD
    0x08003398   0x08003398   0x00000004   Code   RO          489    .text._ZN9EmbSysLib2Hw14DisplayGraphic12setBackColorEt  lib.o
    0x0800339c   0x0800339c   0x00000004   PAD
    0x080033a0   0x080033a0   0x00000004   Code   RO          493    .text._ZN9EmbSysLib2Hw14DisplayGraphic12setTextColorEt  lib.o
    0x080033a4   0x080033a4   0x00000004   PAD
    0x080033a8   0x080033a8   0x00000004   Code   RO          491    .text._ZN9EmbSysLib2Hw14DisplayGraphic13setPaintColorEt  lib.o
    0x080033ac   0x080033ac   0x00000004   PAD
    0x080033b0   0x080033b0   0x000000f4   Code   RO          499    .text._ZN9EmbSysLib2Hw14DisplayGraphic7putCharEc  lib.o
    0x080034a4   0x080034a4   0x00000004   PAD
    0x080034a8   0x080034a8   0x00000002   Code   RO          106    .text._ZN9EmbSysLib2Hw14DisplayGraphic7refreshEv  main.o
    0x080034aa   0x080034aa   0x00000006   PAD
    0x080034b0   0x080034b0   0x00000010   Code   RO          485    .text._ZN9EmbSysLib2Hw14DisplayGraphic7setFontENS0_4FontEh  lib.o
    0x080034c0   0x080034c0   0x00000006   Code   RO          487    .text._ZN9EmbSysLib2Hw14DisplayGraphic7setZoomEh  lib.o
    0x080034c6   0x080034c6   0x00000002   PAD
    0x080034c8   0x080034c8   0x00000004   Code   RO          100    .text._ZN9EmbSysLib2Hw14DisplayGraphic8getWidthEv  main.o
    0x080034cc   0x080034cc   0x00000004   PAD
    0x080034d0   0x080034d0   0x0000001a   Code   RO          501    .text._ZN9EmbSysLib2Hw14DisplayGraphic8putPixelEtt  lib.o
    0x080034ea   0x080034ea   0x00000006   PAD
    0x080034f0   0x080034f0   0x00000004   Code   RO          102    .text._ZN9EmbSysLib2Hw14DisplayGraphic9getHeightEv  main.o
    0x080034f4   0x080034f4   0x00000004   PAD
    0x080034f8   0x080034f8   0x0000005a   Code   RO          505    .text._ZN9EmbSysLib2Hw14DisplayGraphic9putBitmapEttNS0_6BitmapE  lib.o
    0x08003552   0x08003552   0x00000006   PAD
    0x08003558   0x08003558   0x00000068   Code   RO          483    .text._ZN9EmbSysLib2Hw14DisplayGraphicC2EtttNS0_4FontEh  lib.o
    0x080035c0   0x080035c0   0x00000774   Code   RO            2    .text._ZN9EmbSysLib2Hw23DisplayGraphic_OTM8009A4initEv  main.o
    0x08003d34   0x08003d34   0x00000004   PAD
    0x08003d38   0x08003d38   0x00000056   Code   RO           20    .text._ZN9EmbSysLib2Hw26DisplayGraphic_OTM8009Aram5clearEv  main.o
    0x08003d8e   0x08003d8e   0x00000002   PAD
    0x08003d90   0x08003d90   0x00000012   Code   RO           18    .text._ZN9EmbSysLib2Hw26DisplayGraphic_OTM8009Aram7refreshEv  main.o
    0x08003da2   0x08003da2   0x00000006   PAD
    0x08003da8   0x08003da8   0x0000002a   Code   RO           22    .text._ZN9EmbSysLib2Hw26DisplayGraphic_OTM8009Aram7setAreaEtttt  main.o
    0x08003dd2   0x08003dd2   0x00000006   PAD
    0x08003dd8   0x08003dd8   0x00000042   Code   RO           26    .text._ZN9EmbSysLib2Hw26DisplayGraphic_OTM8009Aram8setPixelEt  main.o
    0x08003e1a   0x08003e1a   0x00000006   PAD
    0x08003e20   0x08003e20   0x0000001a   Code   RO           24    .text._ZN9EmbSysLib2Hw26DisplayGraphic_OTM8009Aram8setPixelEttt  main.o
    0x08003e3a   0x08003e3a   0x00000006   PAD
    0x08003e40   0x08003e40   0x0000015c   Code   RO           16    .text._ZN9EmbSysLib2Hw26DisplayGraphic_OTM8009AramC2ERNS0_7Dsi_McuERNS0_4Port3PinENS0_23DisplayGraphic_OTM8009A11OrientationENS0_4FontEh  main.o
    0x08003f9c   0x08003f9c   0x00000004   PAD
    0x08003fa0   0x08003fa0   0x00000008   Code   RO          459    .text._ZN9EmbSysLib2Hw4FontC2EPKh  lib.o
    0x08003fa8   0x08003fa8   0x0000000c   Code   RO         1189    .text._ZN9EmbSysLib2Hw4Port3Pin3clrEv  lib.o
    0x08003fb4   0x08003fb4   0x00000004   PAD
    0x08003fb8   0x08003fb8   0x00000016   Code   RO         1041    .text._ZN9EmbSysLib2Hw4Port3Pin3getEv  lib.o
    0x08003fce   0x08003fce   0x00000002   PAD
    0x08003fd0   0x08003fd0   0x00000018   Code   RO         1037    .text._ZN9EmbSysLib2Hw4Port3Pin3setEb  lib.o
    0x08003fe8   0x08003fe8   0x0000000c   Code   RO         1187    .text._ZN9EmbSysLib2Hw4Port3Pin3setEv  lib.o
    0x08003ff4   0x08003ff4   0x00000004   PAD
    0x08003ff8   0x08003ff8   0x0000001a   Code   RO         1039    .text._ZN9EmbSysLib2Hw4Port3Pin7setModeENS1_4ModeE  lib.o
    0x08004012   0x08004012   0x00000006   PAD
    0x08004018   0x08004018   0x0000001a   Code   RO          647    .text._ZN9EmbSysLib2Hw4Port3PinC2ERS1_h  lib.o
    0x08004032   0x08004032   0x00000006   PAD
    0x08004038   0x08004038   0x00000098   Code   RO          669    .text._ZN9EmbSysLib2Hw4Uart12transmitByteEh  lib.o
    0x080040d0   0x080040d0   0x00000038   Code   RO         1085    .text._ZN9EmbSysLib2Hw4Uart14isTxBufferFullEv  lib.o
    0x08004108   0x08004108   0x00000036   Code   RO         1087    .text._ZN9EmbSysLib2Hw4Uart20getFifoRemainingSizeEv  lib.o
    0x0800413e   0x0800413e   0x00000002   PAD
    0x08004140   0x08004140   0x0000005a   Code   RO          677    .text._ZN9EmbSysLib2Hw4Uart3getERh  lib.o
    0x0800419a   0x0800419a   0x00000006   PAD
    0x080041a0   0x080041a0   0x00000024   Code   RO          679    .text._ZN9EmbSysLib2Hw4Uart3getEv  lib.o
    0x080041c4   0x080041c4   0x00000004   PAD
    0x080041c8   0x080041c8   0x00000024   Code   RO          675    .text._ZN9EmbSysLib2Hw4Uart3setEPKc  lib.o
    0x080041ec   0x080041ec   0x00000004   PAD
    0x080041f0   0x080041f0   0x00000024   Code   RO          673    .text._ZN9EmbSysLib2Hw4Uart3setEPKht  lib.o
    0x08004214   0x08004214   0x00000004   PAD
    0x08004218   0x08004218   0x00000006   Code   RO          671    .text._ZN9EmbSysLib2Hw4Uart3setEh  lib.o
    0x0800421e   0x0800421e   0x00000002   PAD
    0x08004220   0x08004220   0x00000062   Code   RO          667    .text._ZN9EmbSysLib2Hw4Uart5isrRxEv  lib.o
    0x08004282   0x08004282   0x00000006   PAD
    0x08004288   0x08004288   0x0000008c   Code   RO         1089    .text._ZN9EmbSysLib2Hw4Uart5isrTxEv  lib.o
    0x08004314   0x08004314   0x00000004   PAD
    0x08004318   0x08004318   0x0000001c   Code   RO         1083    .text._ZN9EmbSysLib2Hw5Timer10isrHandlerEv  lib.o
    0x08004334   0x08004334   0x00000004   PAD
    0x08004338   0x08004338   0x00000004   Code   RO          661    .text._ZN9EmbSysLib2Hw5Timer12getCycleTimeEv  lib.o
    0x0800433c   0x0800433c   0x00000004   PAD
    0x08004340   0x08004340   0x00000018   Code   RO          663    .text._ZN9EmbSysLib2Hw5Timer3addEPNS1_4TaskE  lib.o
    0x08004358   0x08004358   0x0000002a   Code   RO         1191    .text._ZN9EmbSysLib2Hw5Touch7getPosXEv  lib.o
    0x08004382   0x08004382   0x00000006   PAD
    0x08004388   0x08004388   0x0000002a   Code   RO         1193    .text._ZN9EmbSysLib2Hw5Touch7getPosYEv  lib.o
    0x080043b2   0x080043b2   0x00000006   PAD
    0x080043b8   0x080043b8   0x00000004   Code   RO         1195    .text._ZN9EmbSysLib2Hw5Touch9isTouchedEv  lib.o
    0x080043bc   0x080043bc   0x00000004   PAD
    0x080043c0   0x080043c0   0x00000022   Code   RO          665    .text._ZN9EmbSysLib2Hw5TouchC2EtttNS1_11OrientationE  lib.o
    0x080043e2   0x080043e2   0x00000006   PAD
    0x080043e8   0x080043e8   0x00000008   Code   RO          471    .text._ZN9EmbSysLib2Hw6BitmapC2EPKh  lib.o
    0x080043f0   0x080043f0   0x00000072   Code   RO         1061    .text._ZN9EmbSysLib2Hw6Memory4readEj  lib.o
    0x08004462   0x08004462   0x00000006   PAD
    0x08004468   0x08004468   0x00000034   Code   RO         1063    .text._ZN9EmbSysLib2Hw6Memory5eraseEv  lib.o
    0x0800449c   0x0800449c   0x00000004   PAD
    0x080044a0   0x080044a0   0x0000007a   Code   RO         1059    .text._ZN9EmbSysLib2Hw6Memory5writeEjh  lib.o
    0x0800451a   0x0800451a   0x00000006   PAD
    0x08004520   0x08004520   0x00000020   Code   RO          227    .text._ZN9EmbSysLib2Hw6MemoryC2Etjhb  lib.o
    0x08004540   0x08004540   0x00000022   Code   RO          157    .text._ZN9EmbSysLib2Hw6System13delayMilliSecEt  lib.o
    0x08004562   0x08004562   0x00000006   PAD
    0x08004568   0x08004568   0x00000030   Code   RO          126    .text._ZN9EmbSysLib2Hw7Dsi_Mcu10writeShortEhh  main.o
    0x08004598   0x08004598   0x00000200   Code   RO           90    .text._ZN9EmbSysLib2Hw7Dsi_Mcu4InitEttb  main.o
    0x08004798   0x08004798   0x0000007a   Code   RO          128    .text._ZN9EmbSysLib2Hw7Dsi_Mcu9writeLongEPhj  main.o
    0x08004812   0x08004812   0x00000006   PAD
    0x08004818   0x08004818   0x00000128   Code   RO          124    .text._ZN9EmbSysLib2Hw7Fmc_Mcu10SDRAM_InitEv  main.o
    0x08004940   0x08004940   0x00000276   Code   RO           98    .text._ZN9EmbSysLib2Hw7Fmc_McuC2ENS1_7FMCtypeEb  main.o
    0x08004bb6   0x08004bb6   0x00000002   PAD
    0x08004bb8   0x08004bb8   0x000000a2   Code   RO          255    .text._ZN9EmbSysLib2Hw8Port_Mcu10setPinModeEhNS0_4Port4ModeE  lib.o
    0x08004c5a   0x08004c5a   0x00000006   PAD
    0x08004c60   0x08004c60   0x00000008   Code   RO         1079    .text._ZN9EmbSysLib2Hw8Port_Mcu3clrEj  lib.o
    0x08004c68   0x08004c68   0x00000006   Code   RO         1081    .text._ZN9EmbSysLib2Hw8Port_Mcu3getEv  lib.o
    0x08004c6e   0x08004c6e   0x00000002   PAD
    0x08004c70   0x08004c70   0x00000006   Code   RO         1075    .text._ZN9EmbSysLib2Hw8Port_Mcu3setEj  lib.o
    0x08004c76   0x08004c76   0x00000002   PAD
    0x08004c78   0x08004c78   0x00000010   Code   RO         1077    .text._ZN9EmbSysLib2Hw8Port_Mcu3setEjj  lib.o
    0x08004c88   0x08004c88   0x00000032   Code   RO          253    .text._ZN9EmbSysLib2Hw8Port_Mcu7setModeEjNS0_4Port4ModeE  lib.o
    0x08004cba   0x08004cba   0x00000006   PAD
    0x08004cc0   0x08004cc0   0x0000019e   Code   RO          249    .text._ZN9EmbSysLib2Hw8Port_McuC2ENS1_6PortIdE  lib.o
    0x08004e5e   0x08004e5e   0x00000002   PAD
    0x08004e60   0x08004e60   0x00000068   Code   RO          301    .text._ZN9EmbSysLib2Hw8Uart_Mcu11setBaudrateEj  lib.o
    0x08004ec8   0x08004ec8   0x00000008   Code   RO         1093    .text._ZN9EmbSysLib2Hw8Uart_Mcu7getByteEv  lib.o
    0x08004ed0   0x08004ed0   0x00000006   Code   RO         1091    .text._ZN9EmbSysLib2Hw8Uart_Mcu7setByteEh  lib.o
    0x08004ed6   0x08004ed6   0x00000002   PAD
    0x08004ed8   0x08004ed8   0x00000348   Code   RO          297    .text._ZN9EmbSysLib2Hw8Uart_McuC2ENS1_8USART_IdEjhtt  lib.o
    0x08005220   0x08005220   0x000000ac   Code   RO          525    .text._ZN9EmbSysLib2Hw9I2Cmaster4readEhPhhS2_h  lib.o
    0x080052cc   0x080052cc   0x00000004   PAD
    0x080052d0   0x080052d0   0x00000074   Code   RO          523    .text._ZN9EmbSysLib2Hw9I2Cmaster5writeEhPhhS2_h  lib.o
    0x08005344   0x08005344   0x00000004   PAD
    0x08005348   0x08005348   0x0000000a   Code   RO           92    .text._ZN9EmbSysLib2Hw9I2Cmaster6Device7isErrorEv  main.o
    0x08005352   0x08005352   0x00000006   PAD
    0x08005358   0x08005358   0x0000017c   Code   RO          173    .text._ZN9EmbSysLib2Hw9PinConfig3setENS1_8FunctionEj  lib.o
    0x080054d4   0x080054d4   0x00000004   PAD
    0x080054d8   0x080054d8   0x000000be   Code   RO          171    .text._ZN9EmbSysLib2Hw9PinConfig3setEP12GPIO_TypeDefhjh  lib.o
    0x08005596   0x08005596   0x00000002   PAD
    0x08005598   0x08005598   0x00000094   Code   RO          275    .text._ZN9EmbSysLib2Hw9Timer_Mcu6setPWMEht  lib.o
    0x0800562c   0x0800562c   0x00000004   PAD
    0x08005630   0x08005630   0x00000390   Code   RO          273    .text._ZN9EmbSysLib2Hw9Timer_Mcu9enablePWMEhNS0_5Timer4ModeE  lib.o
    0x080059c0   0x080059c0   0x0000044c   Code   RO          269    .text._ZN9EmbSysLib2Hw9Timer_McuC2ENS1_7TimerIdEj  lib.o
    0x08005e0c   0x08005e0c   0x00000004   PAD
    0x08005e10   0x08005e10   0x00000008   Code   RO          819    .text._ZN9EmbSysLib3Dev10ScreenChar5clearEv  lib.o
    0x08005e18   0x08005e18   0x00000036   Code   RO          823    .text._ZN9EmbSysLib3Dev10ScreenChar6printfEhhPKcz  lib.o
    0x08005e4e   0x08005e4e   0x00000002   PAD
    0x08005e50   0x08005e50   0x00000008   Code   RO          821    .text._ZN9EmbSysLib3Dev10ScreenChar7refreshEv  lib.o
    0x08005e58   0x08005e58   0x00000032   Code   RO          817    .text._ZN9EmbSysLib3Dev10ScreenCharC2ERNS_2Hw11DisplayCharE  lib.o
    0x08005e8a   0x08005e8a   0x00000006   PAD
    0x08005e90   0x08005e90   0x00000004   Code   RO          112    .text._ZN9EmbSysLib3Dev11TaskManager12getCycleTimeEv  main.o
    0x08005e94   0x08005e94   0x00000004   PAD
    0x08005e98   0x08005e98   0x00000008   Code   RO          110    .text._ZN9EmbSysLib3Dev11TaskManager3addEPNS1_4TaskE  main.o
    0x08005ea0   0x08005ea0   0x00000010   Code   RO          108    .text._ZN9EmbSysLib3Dev11TaskManager6updateEv  main.o
    0x08005eb0   0x08005eb0   0x00000006   Code   RO          114    .text._ZN9EmbSysLib3Dev11TaskManager7getTicsEv  main.o
    0x08005eb6   0x08005eb6   0x00000002   PAD
    0x08005eb8   0x08005eb8   0x0000001c   Code   RO          855    .text._ZN9EmbSysLib3Dev13ScreenGraphic10drawBitmapEttRNS_2Hw6BitmapE  lib.o
    0x08005ed4   0x08005ed4   0x00000004   PAD
    0x08005ed8   0x08005ed8   0x000000ec   Code   RO          851    .text._ZN9EmbSysLib3Dev13ScreenGraphic10drawCircleEtttt  lib.o
    0x08005fc4   0x08005fc4   0x00000004   PAD
    0x08005fc8   0x08005fc8   0x000001da   Code   RO          849    .text._ZN9EmbSysLib3Dev13ScreenGraphic10drawCircleEttttt  lib.o
    0x080061a2   0x080061a2   0x00000006   PAD
    0x080061a8   0x080061a8   0x00000008   Code   RO          837    .text._ZN9EmbSysLib3Dev13ScreenGraphic12setBackColorEt  lib.o
    0x080061b0   0x080061b0   0x00000008   Code   RO          839    .text._ZN9EmbSysLib3Dev13ScreenGraphic12setTextColorEt  lib.o
    0x080061b8   0x080061b8   0x00000032   Code   RO          845    .text._ZN9EmbSysLib3Dev13ScreenGraphic13drawRectangleEttttt  lib.o
    0x080061ea   0x080061ea   0x00000006   PAD
    0x080061f0   0x080061f0   0x00000086   Code   RO          847    .text._ZN9EmbSysLib3Dev13ScreenGraphic13drawRectangleEtttttt  lib.o
    0x08006276   0x08006276   0x00000002   PAD
    0x08006278   0x08006278   0x00000008   Code   RO          827    .text._ZN9EmbSysLib3Dev13ScreenGraphic5clearEv  lib.o
    0x08006280   0x08006280   0x00000036   Code   RO          831    .text._ZN9EmbSysLib3Dev13ScreenGraphic6printfEhhPKcz  lib.o
    0x080062b6   0x080062b6   0x00000002   PAD
    0x080062b8   0x080062b8   0x00000008   Code   RO          829    .text._ZN9EmbSysLib3Dev13ScreenGraphic7refreshEv  lib.o
    0x080062c0   0x080062c0   0x0000001c   Code   RO          833    .text._ZN9EmbSysLib3Dev13ScreenGraphic7setFontENS_2Hw4FontEh  lib.o
    0x080062dc   0x080062dc   0x00000004   PAD
    0x080062e0   0x080062e0   0x00000008   Code   RO          835    .text._ZN9EmbSysLib3Dev13ScreenGraphic7setZoomEh  lib.o
    0x080062e8   0x080062e8   0x0000015e   Code   RO          853    .text._ZN9EmbSysLib3Dev13ScreenGraphic8drawLineEtttttt  lib.o
    0x08006446   0x08006446   0x00000002   PAD
    0x08006448   0x08006448   0x00000036   Code   RO          841    .text._ZN9EmbSysLib3Dev13ScreenGraphic8drawTextEttPKcz  lib.o
    0x0800647e   0x0800647e   0x00000002   PAD
    0x08006480   0x08006480   0x00000026   Code   RO          843    .text._ZN9EmbSysLib3Dev13ScreenGraphic9drawPixelEttt  lib.o
    0x080064a6   0x080064a6   0x00000002   PAD
    0x080064a8   0x080064a8   0x00000030   Code   RO          825    .text._ZN9EmbSysLib3Dev13ScreenGraphicC2ERNS_2Hw14DisplayGraphicE  lib.o
    0x080064d8   0x080064d8   0x00000008   Code   RO         1145    .text._ZN9EmbSysLib3Dev7Digital3clrEv  lib.o
    0x080064e0   0x080064e0   0x0000001e   Code   RO          815    .text._ZN9EmbSysLib3Dev7Digital3getEv  lib.o
    0x080064fe   0x080064fe   0x00000002   PAD
    0x08006500   0x08006500   0x0000001e   Code   RO          813    .text._ZN9EmbSysLib3Dev7Digital3setEb  lib.o
    0x0800651e   0x0800651e   0x00000002   PAD
    0x08006520   0x08006520   0x00000008   Code   RO         1143    .text._ZN9EmbSysLib3Dev7Digital3setEv  lib.o
    0x08006528   0x08006528   0x0000000e   Code   RO         1147    .text._ZN9EmbSysLib3Dev7Digital6toggleEv  lib.o
    0x08006536   0x08006536   0x00000002   PAD
    0x08006538   0x08006538   0x0000001a   Code   RO          811    .text._ZN9EmbSysLib3Dev7Digital7setModeENS1_4ModeE  lib.o
    0x08006552   0x08006552   0x00000006   PAD
    0x08006558   0x08006558   0x00000022   Code   RO         1149    .text._ZN9EmbSysLib3Dev7Digital8getEventEv  lib.o
    0x0800657a   0x0800657a   0x00000006   PAD
    0x08006580   0x08006580   0x0000005e   Code   RO          809    .text._ZN9EmbSysLib3Dev7DigitalC2ERNS_2Hw4PortEhNS1_4ModeEb  lib.o
    0x080065de   0x080065de   0x00000002   PAD
    0x080065e0   0x080065e0   0x0000001a   Code   RO         1153    .text._ZN9EmbSysLib3Dev7DigitalaSERS1_  lib.o
    0x080065fa   0x080065fa   0x00000006   PAD
    0x08006600   0x08006600   0x0000000e   Code   RO         1151    .text._ZN9EmbSysLib3Dev7DigitalaSEb  lib.o
    0x0800660e   0x0800660e   0x00000002   PAD
    0x08006610   0x08006610   0x00000006   Code   RO         1155    .text._ZN9EmbSysLib3Dev7DigitalcvbEv  lib.o
    0x08006616   0x08006616   0x00000002   PAD
    0x08006618   0x08006618   0x000000ec   Code   RO          859    .text._ZN9EmbSysLib3Dev7Pointer3getEv  lib.o
    0x08006704   0x08006704   0x00000004   PAD
    0x08006708   0x08006708   0x00000018   Code   RO          857    .text._ZN9EmbSysLib3Dev7PointerC2ERNS_2Hw5TouchE  lib.o
    0x08006720   0x08006720   0x0000003a   Code   RO          873    .text._ZN9EmbSysLib3Dev8Terminal6printfEPKcz  lib.o
    0x0800675a   0x0800675a   0x00000006   PAD
    0x08006760   0x08006760   0x00000042   Code   RO          867    .text._ZN9EmbSysLib3Dev8TerminalC2ERNS_2Hw4UartEttPKcS6_  lib.o
    0x080067a2   0x080067a2   0x00000006   PAD
    0x080067a8   0x080067a8   0x00000066   Code   RO          175    .text._ZN9EmbSysLib3Std6Report5errorEt  lib.o
    0x0800680e   0x0800680e   0x00000002   PAD
    0x08006810   0x08006810   0x00000018   Code   RO          451    .text._ZN9EmbSysLib3Std6Report7HandlerC2Ev  lib.o
    0x08006828   0x08006828   0x00000024   Code   RO          453    .text._ZN9EmbSysLib3Std6Report7HandlerD2Ev  lib.o
    0x0800684c   0x0800684c   0x00000004   PAD
    0x08006850   0x08006850   0x0000005e   Code   RO          877    .text._ZN9EmbSysLib4Ctrl13DigitalButton6updateEv  lib.o
    0x080068ae   0x080068ae   0x00000002   PAD
    0x080068b0   0x080068b0   0x00000060   Code   RO          875    .text._ZN9EmbSysLib4Ctrl13DigitalButtonC2ERNS_3Dev7DigitalERNS2_11TaskManagerEtt  lib.o
    0x08006910   0x08006910   0x00000186   Code   RO          885    .text._ZN9EmbSysLib4Ctrl14DigitalEncoder6updateEv  lib.o
    0x08006a96   0x08006a96   0x00000002   PAD
    0x08006a98   0x08006a98   0x00000028   Code   RO          887    .text._ZN9EmbSysLib4Ctrl14DigitalEncoder7getCtrlEv  lib.o
    0x08006ac0   0x08006ac0   0x00000012   Code   RO          901    .text._ZN9EmbSysLib4Ctrl16DigitalIndicator3clrEv  lib.o
    0x08006ad2   0x08006ad2   0x00000006   PAD
    0x08006ad8   0x08006ad8   0x00000050   Code   RO          899    .text._ZN9EmbSysLib4Ctrl16DigitalIndicator6updateEv  lib.o
    0x08006b28   0x08006b28   0x00000018   Code   RO          903    .text._ZN9EmbSysLib4Ctrl16DigitalIndicator7triggerEt  lib.o
    0x08006b40   0x08006b40   0x0000003e   Code   RO          897    .text._ZN9EmbSysLib4Ctrl16DigitalIndicatorC2ERNS_3Dev7DigitalERNS2_11TaskManagerE  lib.o
    0x08006b7e   0x08006b7e   0x00000002   PAD
    0x08006b80   0x08006b80   0x0000006a   Code   RO          891    .text._ZN9EmbSysLib4Ctrl22DigitalEncoderJoystick12getIncrementEv  lib.o
    0x08006bea   0x08006bea   0x00000006   PAD
    0x08006bf0   0x08006bf0   0x0000006e   Code   RO          889    .text._ZN9EmbSysLib4Ctrl22DigitalEncoderJoystickC2EPNS_3Dev7DigitalES4_S4_RNS2_11TaskManagerEt  lib.o
    0x08006c5e   0x08006c5e   0x00000002   PAD
    0x08006c60   0x08006c60   0x00000006   Code   RO          473    .text._ZNK9EmbSysLib2Hw6Bitmap8getWidthEv  lib.o
    0x08006c66   0x08006c66   0x00000002   PAD
    0x08006c68   0x08006c68   0x00000004   Code   RO         1065    .text._ZNK9EmbSysLib2Hw6Memory7getSizeEv  lib.o
    0x08006c6c   0x08006c6c   0x00000004   PAD
    0x08006c70   0x08006c70   0x00000004   Code   RO         1067    .text._ZNK9EmbSysLib2Hw6Memory7isFlashEv  lib.o
    0x08006c74   0x08006c74   0x0000000c   Code   RO         1586    .text._ZSt15get_new_handlerv  libcppabi_wnu.l(cxa_handlers.cpp.o)
    0x08006c80   0x08006c80   0x00000004   Code   RO         1285    .text._Znaj         libcpp_wnu.l(new.cpp.o)
    0x08006c84   0x08006c84   0x00000026   Code   RO         1281    .text._Znwj         libcpp_wnu.l(new.cpp.o)
    0x08006caa   0x08006caa   0x00000002   PAD
    0x08006cac   0x08006cac   0x00000028   Code   RO         1324    .text.__cxa_pure_virtual  libcppabi_wnu.l(cxa_virtual.cpp.o)
    0x08006cd4   0x08006cd4   0x00000004   Code   RO         1570    .text.abort_message  libcppabi_wnu.l(abort_message.cpp.o)
    0x08006cd8   0x08006cd8   0x000002c4   Code   RO           32    .text.main          main.o
    0x08006f9c   0x08006f9c   0x0000003e   Code   RO         1718    CL$$btod_d2e        c_wu.l(btod.o)
    0x08006fda   0x08006fda   0x00000046   Code   RO         1720    CL$$btod_d2e_denorm_low  c_wu.l(btod.o)
    0x08007020   0x08007020   0x00000060   Code   RO         1719    CL$$btod_d2e_norm_op1  c_wu.l(btod.o)
    0x08007080   0x08007080   0x00000338   Code   RO         1728    CL$$btod_div_common  c_wu.l(btod.o)
    0x080073b8   0x080073b8   0x000000dc   Code   RO         1725    CL$$btod_e2e        c_wu.l(btod.o)
    0x08007494   0x08007494   0x0000002a   Code   RO         1722    CL$$btod_ediv       c_wu.l(btod.o)
    0x080074be   0x080074be   0x0000002a   Code   RO         1721    CL$$btod_emul       c_wu.l(btod.o)
    0x080074e8   0x080074e8   0x00000244   Code   RO         1727    CL$$btod_mult_common  c_wu.l(btod.o)
    0x0800772c   0x0800772c   0x00000030   Code   RO         1790    i.__ARM_fpclassify  m_wm.l(fpclassify.o)
    0x0800775c   0x0800775c   0x0000000e   Code   RO         1458    i._is_digit         c_wu.l(__printf_wp.o)
    0x0800776a   0x0800776a   0x00000002   PAD
    0x0800776c   0x0800776c   0x0000002c   Code   RO         1743    locale$$code        c_wu.l(lc_numeric_c.o)
    0x08007798   0x08007798   0x0000002c   Code   RO         1799    locale$$code        c_wu.l(lc_ctype_c.o)
    0x080077c4   0x080077c4   0x00000062   Code   RO         1256    x$fpl$d2f           fz_wm.l(d2f.o)
    0x08007826   0x08007826   0x00000002   PAD
    0x08007828   0x08007828   0x000002b4   Code   RO         1259    x$fpl$ddiv          fz_wm.l(ddiv.o)
    0x08007adc   0x08007adc   0x0000005e   Code   RO         1262    x$fpl$dfix          fz_wm.l(dfix.o)
    0x08007b3a   0x08007b3a   0x00000002   PAD
    0x08007b3c   0x08007b3c   0x0000005a   Code   RO         1266    x$fpl$dfixu         fz_wm.l(dfixu.o)
    0x08007b96   0x08007b96   0x00000026   Code   RO         1270    x$fpl$dfltu         fz_wm.l(dflt_clz.o)
    0x08007bbc   0x08007bbc   0x00000154   Code   RO         1276    x$fpl$dmul          fz_wm.l(dmul.o)
    0x08007d10   0x08007d10   0x0000009c   Code   RO         1554    x$fpl$dnaninf       fz_wm.l(dnaninf.o)
    0x08007dac   0x08007dac   0x0000000c   Code   RO         1556    x$fpl$dretinf       fz_wm.l(dretinf.o)
    0x08007db8   0x08007db8   0x0000001a   Code   RO         1671    x$fpl$fpinit        fz_wm.l(fpinit.o)
    0x08007dd2   0x08007dd2   0x0000000a   Code   RO         1558    x$fpl$fretinf       fz_wm.l(fretinf.o)
    0x08007ddc   0x08007ddc   0x00000004   Code   RO         1560    x$fpl$printf1       fz_wm.l(printf1.o)
    0x08007de0   0x08007de0   0x00000004   Code   RO         1562    x$fpl$printf2       fz_wm.l(printf2.o)
    0x08007de4   0x08007de4   0x00000000   Code   RO         1568    x$fpl$usenofp       fz_wm.l(usenofp.o)
    0x08007de4   0x08007de4   0x00000008   Data   RO         1417    .constdata          c_wu.l(_printf_wctomb.o)
    0x08007dec   0x08007dec   0x00000028   Data   RO         1446    .constdata          c_wu.l(_printf_hex_int_ll_ptr.o)
    0x08007e14   0x08007e14   0x00000011   Data   RO         1466    .constdata          c_wu.l(__printf_flags_ss_wp.o)
    0x08007e25   0x08007e25   0x00000026   Data   RO         1649    .constdata          c_wu.l(_printf_fp_hex.o)
    0x08007e4b   0x08007e4b   0x00000001   PAD
    0x08007e4c   0x08007e4c   0x00000094   Data   RO         1716    .constdata          c_wu.l(bigflt0.o)
    0x08007ee0   0x08007ee0   0x00000030   Data   RO         1023    .rodata..Lswitch.table._ZN9EmbSysLib2Hw12Memory_FlashC2Ehh  lib.o
    0x08007f10   0x08007f10   0x0000000c   Data   RO          130    .rodata._ZTV15myReportHandler  main.o
    0x08007f1c   0x08007f1c   0x00000030   Data   RO          134    .rodata._ZTVN9EmbSysLib2Hw11MemoryImageE  main.o
    0x08007f4c   0x08007f4c   0x00000030   Data   RO          950    .rodata._ZTVN9EmbSysLib2Hw12Memory_FlashE  lib.o
    0x08007f7c   0x08007f7c   0x00000018   Data   RO           41    .rodata._ZTVN9EmbSysLib2Hw12Touch_FT6206E  main.o
    0x08007f94   0x08007f94   0x0000002c   Data   RO         1200    .rodata._ZTVN9EmbSysLib2Hw13I2Cmaster_McuE  lib.o
    0x08007fc0   0x08007fc0   0x0000005c   Data   RO          984    .rodata._ZTVN9EmbSysLib2Hw14DisplayGraphicE  lib.o
    0x0800801c   0x0800801c   0x0000005c   Data   RO          131    .rodata._ZTVN9EmbSysLib2Hw23DisplayGraphic_OTM8009AE  main.o
    0x08008078   0x08008078   0x0000005c   Data   RO           40    .rodata._ZTVN9EmbSysLib2Hw26DisplayGraphic_OTM8009AramE  main.o
    0x080080d4   0x080080d4   0x0000001c   Data   RO         1206    .rodata._ZTVN9EmbSysLib2Hw4Port3PinE  lib.o
    0x080080f0   0x080080f0   0x00000038   Data   RO          998    .rodata._ZTVN9EmbSysLib2Hw4UartE  lib.o
    0x08008128   0x08008128   0x00000018   Data   RO         1209    .rodata._ZTVN9EmbSysLib2Hw5TouchE  lib.o
    0x08008140   0x08008140   0x00000030   Data   RO         1204    .rodata._ZTVN9EmbSysLib2Hw6MemoryE  lib.o
    0x08008170   0x08008170   0x00000010   Data   RO          135    .rodata._ZTVN9EmbSysLib2Hw7Dsi_McuE  main.o
    0x08008180   0x08008180   0x00000020   Data   RO          951    .rodata._ZTVN9EmbSysLib2Hw8Port_McuE  lib.o
    0x080081a0   0x080081a0   0x0000003c   Data   RO          976    .rodata._ZTVN9EmbSysLib2Hw8Uart_McuE  lib.o
    0x080081dc   0x080081dc   0x0000000c   Data   RO          132    .rodata._ZTVN9EmbSysLib2Hw9I2Cmaster6DeviceE  main.o
    0x080081e8   0x080081e8   0x0000001c   Data   RO          969    .rodata._ZTVN9EmbSysLib2Hw9Timer_McuE  lib.o
    0x08008204   0x08008204   0x00000014   Data   RO         1007    .rodata._ZTVN9EmbSysLib3Dev10ScreenCharE  lib.o
    0x08008218   0x08008218   0x00000018   Data   RO          133    .rodata._ZTVN9EmbSysLib3Dev11TaskManagerE  main.o
    0x08008230   0x08008230   0x00000044   Data   RO         1008    .rodata._ZTVN9EmbSysLib3Dev13ScreenGraphicE  lib.o
    0x08008274   0x08008274   0x00000030   Data   RO         1006    .rodata._ZTVN9EmbSysLib3Dev7DigitalE  lib.o
    0x080082a4   0x080082a4   0x0000000c   Data   RO         1009    .rodata._ZTVN9EmbSysLib3Dev7PointerE  lib.o
    0x080082b0   0x080082b0   0x0000000c   Data   RO         1011    .rodata._ZTVN9EmbSysLib3Dev8TerminalE  lib.o
    0x080082bc   0x080082bc   0x0000000c   Data   RO         1202    .rodata._ZTVN9EmbSysLib3Std6Report7HandlerE  lib.o
    0x080082c8   0x080082c8   0x0000000c   Data   RO         1012    .rodata._ZTVN9EmbSysLib4Ctrl13DigitalButtonE  lib.o
    0x080082d4   0x080082d4   0x00000014   Data   RO         1013    .rodata._ZTVN9EmbSysLib4Ctrl14DigitalEncoderE  lib.o
    0x080082e8   0x080082e8   0x00000014   Data   RO         1016    .rodata._ZTVN9EmbSysLib4Ctrl16DigitalIndicatorE  lib.o
    0x080082fc   0x080082fc   0x00000014   Data   RO         1014    .rodata._ZTVN9EmbSysLib4Ctrl22DigitalEncoderJoystickE  lib.o
    0x08008310   0x08008310   0x00000020   Data   RO         1843    Region$$Table       anon$$obj.o
    0x08008330   0x08008330   0x0000001c   Data   RO         1742    locale$$data        c_wu.l(lc_numeric_c.o)
    0x0800834c   0x0800834c   0x00000110   Data   RO         1798    locale$$data        c_wu.l(lc_ctype_c.o)
    0x0800845c   0x0800845c   0x00000004   Data   RO           76    .init_array         main.o
    0x08008460   0x0800845c   0x00000000   Data   RO         1251    .init_array         c_wu.l(init_aeabi.o)


    Execution Region RW_IRAM2 (Exec base: 0x20000000, Load base: 0x08008568, Size: 0x00000000, Max: 0x00020000, ABSOLUTE)

    **** No section assigned to this execution region ****


    Execution Region RW_IRAM1 (Exec base: 0x20020000, Load base: 0x08008460, Size: 0x000044b0, Max: 0x00060000, ABSOLUTE)

    Exec Addr    Load Addr    Size         Type   Attr      Idx    E Section Name        Object

    0x20020000   0x08008460   0x00000104   Data   RW           42    .data._ZN9EmbSysLib2Hw9PinConfig5tableE  main.o
    0x20020104   0x08008564   0x00000004   Data   RW          942    .data._ZN9EmbSysLib2Hw9PinConfig6reportE  lib.o
    0x20020108        -       0x00000060   Zero   RW         1689    .bss                c_wu.l(libspace.o)
    0x20020168        -       0x00000004   Zero   RW          977    .bss._ZN9EmbSysLib2Hw13USBdevice_Mcu6usbPtrE  lib.o
    0x2002016c        -       0x00000001   Zero   RW          941    .bss._ZN9EmbSysLib2Hw6System12cntInterruptE  lib.o
    0x2002016d   0x08008568   0x00000003   PAD
    0x20020170        -       0x00000004   Zero   RW          943    .bss._ZN9EmbSysLib2Hw7Adc_Mcu4adc1E  lib.o
    0x20020174        -       0x00000004   Zero   RW          944    .bss._ZN9EmbSysLib2Hw7Adc_Mcu4adc2E  lib.o
    0x20020178        -       0x00000004   Zero   RW          945    .bss._ZN9EmbSysLib2Hw7Adc_Mcu4adc3E  lib.o
    0x2002017c        -       0x00000004   Zero   RW          954    .bss._ZN9EmbSysLib2Hw8Rtos_Mcu6sysTicE  lib.o
    0x20020180        -       0x00000004   Zero   RW          953    .bss._ZN9EmbSysLib2Hw8Rtos_Mcu8scheduleE  lib.o
    0x20020184        -       0x00000004   Zero   RW          970    .bss._ZN9EmbSysLib2Hw8Uart_Mcu9uartPtr_1E  lib.o
    0x20020188        -       0x00000004   Zero   RW          971    .bss._ZN9EmbSysLib2Hw8Uart_Mcu9uartPtr_2E  lib.o
    0x2002018c        -       0x00000004   Zero   RW          972    .bss._ZN9EmbSysLib2Hw8Uart_Mcu9uartPtr_3E  lib.o
    0x20020190        -       0x00000004   Zero   RW          973    .bss._ZN9EmbSysLib2Hw8Uart_Mcu9uartPtr_4E  lib.o
    0x20020194        -       0x00000004   Zero   RW          974    .bss._ZN9EmbSysLib2Hw8Uart_Mcu9uartPtr_5E  lib.o
    0x20020198        -       0x00000004   Zero   RW          975    .bss._ZN9EmbSysLib2Hw8Uart_Mcu9uartPtr_6E  lib.o
    0x2002019c        -       0x00000004   Zero   RW          958    .bss._ZN9EmbSysLib2Hw9Timer_Mcu10timerPtr_1E  lib.o
    0x200201a0        -       0x00000004   Zero   RW          959    .bss._ZN9EmbSysLib2Hw9Timer_Mcu10timerPtr_2E  lib.o
    0x200201a4        -       0x00000004   Zero   RW          960    .bss._ZN9EmbSysLib2Hw9Timer_Mcu10timerPtr_3E  lib.o
    0x200201a8        -       0x00000004   Zero   RW          961    .bss._ZN9EmbSysLib2Hw9Timer_Mcu10timerPtr_4E  lib.o
    0x200201ac        -       0x00000004   Zero   RW          962    .bss._ZN9EmbSysLib2Hw9Timer_Mcu10timerPtr_5E  lib.o
    0x200201b0        -       0x00000004   Zero   RW          963    .bss._ZN9EmbSysLib2Hw9Timer_Mcu10timerPtr_7E  lib.o
    0x200201b4        -       0x00000004   Zero   RW          964    .bss._ZN9EmbSysLib2Hw9Timer_Mcu10timerPtr_8E  lib.o
    0x200201b8        -       0x00000004   Zero   RW          965    .bss._ZN9EmbSysLib2Hw9Timer_Mcu10timerPtr_9E  lib.o
    0x200201bc        -       0x00000004   Zero   RW          966    .bss._ZN9EmbSysLib2Hw9Timer_Mcu11timerPtr_10E  lib.o
    0x200201c0        -       0x00000004   Zero   RW          967    .bss._ZN9EmbSysLib2Hw9Timer_Mcu11timerPtr_11E  lib.o
    0x200201c4        -       0x00000004   Zero   RW          968    .bss._ZN9EmbSysLib2Hw9Timer_Mcu11timerPtr_14E  lib.o
    0x200201c8        -       0x00000002   Zero   RW          980    .bss._ZN9EmbSysLib3Std6Report10globalCodeE  lib.o
    0x200201ca   0x08008568   0x00000002   PAD
    0x200201cc        -       0x00000004   Zero   RW          979    .bss._ZN9EmbSysLib3Std6Report10msgHandlerE  lib.o
    0x200201d0        -       0x00000002   Zero   RW          981    .bss._ZN9EmbSysLib3Std6Report12globalModuleE  lib.o
    0x200201d2   0x08008568   0x00000002   PAD
    0x200201d4        -       0x00000004   Zero   RW          957    .bss._ZZ14PendSV_HandlerE12stackPointer  lib.o
    0x200201d8        -       0x00000004   Zero   RW          956    .bss._ZZ15SysTick_HandlerE12stackPointer  lib.o
    0x200201dc        -       0x00000004   Zero   RW         1682    .bss.__cxa_new_handler  libcppabi_wnu.l(cxa_default_handlers.cpp.o)
    0x200201e0        -       0x00000008   Zero   RW           57    .bss.bitmapBitmap_320x240  main.o
    0x200201e8        -       0x00000008   Zero   RW           58    .bss.bitmapBitmap_32x32  main.o
    0x200201f0        -       0x00000018   Zero   RW           70    .bss.btnCtrl        main.o
    0x20020208        -       0x00000018   Zero   RW           69    .bss.btnLeft        main.o
    0x20020220        -       0x00000018   Zero   RW           71    .bss.btnRight       main.o
    0x20020238        -       0x00000018   Zero   RW           68    .bss.btn_A          main.o
    0x20020250        -       0x00000020   Zero   RW           73    .bss.button         main.o
    0x20020270        -       0x0000004c   Zero   RW           62    .bss.dispGraphic    main.o
    0x200202bc        -       0x00000028   Zero   RW           74    .bss.encoder        main.o
    0x200202e4        -       0x00000003   Zero   RW           60    .bss.fmc            main.o
    0x200202e7   0x08008568   0x00000001   PAD
    0x200202e8        -       0x0000000c   Zero   RW           53    .bss.fontFont_10x20  main.o
    0x200202f4        -       0x0000000c   Zero   RW           54    .bss.fontFont_16x24  main.o
    0x20020300        -       0x0000000c   Zero   RW           55    .bss.fontFont_8x12  main.o
    0x2002030c        -       0x0000000c   Zero   RW           56    .bss.fontFont_8x8   main.o
    0x20020318        -       0x00000008   Zero   RW           61    .bss.hwDSI          main.o
    0x20020320        -       0x00000010   Zero   RW           49    .bss.i2cBusTouch    main.o
    0x20020330        -       0x0000001c   Zero   RW           52    .bss.image          main.o
    0x2002034c        -       0x00000018   Zero   RW           72    .bss.indicator      main.o
    0x20020364        -       0x00000010   Zero   RW           59    .bss.lcdResetPin    main.o
    0x20020374        -       0x00000018   Zero   RW           67    .bss.led_A          main.o
    0x2002038c        -       0x00000020   Zero   RW           66    .bss.pointer        main.o
    0x200203ac        -       0x0000000c   Zero   RW           43    .bss.portA          main.o
    0x200203b8        -       0x0000000c   Zero   RW           44    .bss.portC          main.o
    0x200203c4        -       0x0000000c   Zero   RW           45    .bss.portF          main.o
    0x200203d0        -       0x0000000c   Zero   RW           46    .bss.portJ          main.o
    0x200203dc        -       0x00000004   Zero   RW           36    .bss.report         main.o
    0x200203e0        -       0x00000010   Zero   RW           63    .bss.screenChar     main.o
    0x200203f0        -       0x00000010   Zero   RW           64    .bss.screenGraphic  main.o
    0x20020400        -       0x00000020   Zero   RW           48    .bss.taskManager    main.o
    0x20020420        -       0x00000028   Zero   RW           51    .bss.terminal       main.o
    0x20020448        -       0x0000001c   Zero   RW           47    .bss.timer          main.o
    0x20020464        -       0x00000024   Zero   RW           65    .bss.touch          main.o
    0x20020488        -       0x00000028   Zero   RW           50    .bss.uart           main.o
    0x200204b0        -       0x00002000   Zero   RW         1215    HEAP                startup.o
    0x200224b0        -       0x00002000   Zero   RW         1214    STACK               startup.o

