<!doctype html public "-//w3c//dtd html 4.0 transitional//en">
<html><head>
<title>Static Call Graph - [.\Bin\Keil\STM32F7xx\main.axf]</title></head>
<body><HR>
<H1>Static Call Graph for image .\Bin\Keil\STM32F7xx\main.axf</H1><HR>
<BR><P>#&#060CALLGRAPH&#062# ARM Linker, 6190004: Last Updated: Mon Apr 22 12:10:45 2024
<BR><P>
<H3>Maximum Stack Usage =        324 bytes + Unknown(Functions without stacksize, Cycles, Untraceable Function Pointers)</H3><H3>
Call chain for Maximum Stack Depth:</H3>
_printf_f &rArr; _printf_fp_dec &rArr; _printf_fp_dec_real &rArr; _fp_digits &rArr; _btod_etento &rArr; _btod_emul &rArr; _e2e
<P>
<H3>
Functions with no stack information
</H3><UL>
 <LI><a href="#[167]">__user_initial_stackheap</a>
</UL>
</UL>
<P>
<H3>
Mutually Recursive functions
</H3> <LI><a href="#[1]">NMI_Handler</a>&nbsp;&nbsp;&nbsp;&rArr;&nbsp;&nbsp;&nbsp;<a href="#[1]">NMI_Handler</a><BR>
 <LI><a href="#[2]">HardFault_Handler</a>&nbsp;&nbsp;&nbsp;&rArr;&nbsp;&nbsp;&nbsp;<a href="#[2]">HardFault_Handler</a><BR>
 <LI><a href="#[3]">MemManage_Handler</a>&nbsp;&nbsp;&nbsp;&rArr;&nbsp;&nbsp;&nbsp;<a href="#[3]">MemManage_Handler</a><BR>
 <LI><a href="#[4]">BusFault_Handler</a>&nbsp;&nbsp;&nbsp;&rArr;&nbsp;&nbsp;&nbsp;<a href="#[4]">BusFault_Handler</a><BR>
 <LI><a href="#[5]">UsageFault_Handler</a>&nbsp;&nbsp;&nbsp;&rArr;&nbsp;&nbsp;&nbsp;<a href="#[5]">UsageFault_Handler</a><BR>
 <LI><a href="#[6]">SVC_Handler</a>&nbsp;&nbsp;&nbsp;&rArr;&nbsp;&nbsp;&nbsp;<a href="#[6]">SVC_Handler</a><BR>
 <LI><a href="#[7]">DebugMon_Handler</a>&nbsp;&nbsp;&nbsp;&rArr;&nbsp;&nbsp;&nbsp;<a href="#[7]">DebugMon_Handler</a><BR>
 <LI><a href="#[1e]">CAN1_RX0_IRQHandler</a>&nbsp;&nbsp;&nbsp;&rArr;&nbsp;&nbsp;&nbsp;<a href="#[1e]">CAN1_RX0_IRQHandler</a><BR>
</UL>
<P>
<H3>
Function Pointers
</H3><UL>
 <LI><a href="#[1c]">ADC_IRQHandler</a> from lib.o(.text.ADC_IRQHandler) referenced from startup.o(RESET)
 <LI><a href="#[4]">BusFault_Handler</a> from startup.o(.text) referenced from startup.o(RESET)
 <LI><a href="#[1e]">CAN1_RX0_IRQHandler</a> from startup.o(.text) referenced from startup.o(RESET)
 <LI><a href="#[1f]">CAN1_RX1_IRQHandler</a> from startup.o(.text) referenced from startup.o(RESET)
 <LI><a href="#[20]">CAN1_SCE_IRQHandler</a> from startup.o(.text) referenced from startup.o(RESET)
 <LI><a href="#[1d]">CAN1_TX_IRQHandler</a> from startup.o(.text) referenced from startup.o(RESET)
 <LI><a href="#[4a]">CAN2_RX0_IRQHandler</a> from startup.o(.text) referenced from startup.o(RESET)
 <LI><a href="#[4b]">CAN2_RX1_IRQHandler</a> from startup.o(.text) referenced from startup.o(RESET)
 <LI><a href="#[4c]">CAN2_SCE_IRQHandler</a> from startup.o(.text) referenced from startup.o(RESET)
 <LI><a href="#[49]">CAN2_TX_IRQHandler</a> from startup.o(.text) referenced from startup.o(RESET)
 <LI><a href="#[72]">CAN3_RX0_IRQHandler</a> from startup.o(.text) referenced from startup.o(RESET)
 <LI><a href="#[73]">CAN3_RX1_IRQHandler</a> from startup.o(.text) referenced from startup.o(RESET)
 <LI><a href="#[74]">CAN3_SCE_IRQHandler</a> from startup.o(.text) referenced from startup.o(RESET)
 <LI><a href="#[71]">CAN3_TX_IRQHandler</a> from startup.o(.text) referenced from startup.o(RESET)
 <LI><a href="#[67]">CEC_IRQHandler</a> from startup.o(.text) referenced from startup.o(RESET)
 <LI><a href="#[58]">DCMI_IRQHandler</a> from startup.o(.text) referenced from startup.o(RESET)
 <LI><a href="#[6c]">DFSDM1_FLT0_IRQHandler</a> from startup.o(.text) referenced from startup.o(RESET)
 <LI><a href="#[6d]">DFSDM1_FLT1_IRQHandler</a> from startup.o(.text) referenced from startup.o(RESET)
 <LI><a href="#[6e]">DFSDM1_FLT2_IRQHandler</a> from startup.o(.text) referenced from startup.o(RESET)
 <LI><a href="#[6f]">DFSDM1_FLT3_IRQHandler</a> from startup.o(.text) referenced from startup.o(RESET)
 <LI><a href="#[15]">DMA1_Stream0_IRQHandler</a> from startup.o(.text) referenced from startup.o(RESET)
 <LI><a href="#[16]">DMA1_Stream1_IRQHandler</a> from startup.o(.text) referenced from startup.o(RESET)
 <LI><a href="#[17]">DMA1_Stream2_IRQHandler</a> from startup.o(.text) referenced from startup.o(RESET)
 <LI><a href="#[18]">DMA1_Stream3_IRQHandler</a> from startup.o(.text) referenced from startup.o(RESET)
 <LI><a href="#[19]">DMA1_Stream4_IRQHandler</a> from startup.o(.text) referenced from startup.o(RESET)
 <LI><a href="#[1a]">DMA1_Stream5_IRQHandler</a> from startup.o(.text) referenced from startup.o(RESET)
 <LI><a href="#[1b]">DMA1_Stream6_IRQHandler</a> from startup.o(.text) referenced from startup.o(RESET)
 <LI><a href="#[39]">DMA1_Stream7_IRQHandler</a> from startup.o(.text) referenced from startup.o(RESET)
 <LI><a href="#[63]">DMA2D_IRQHandler</a> from startup.o(.text) referenced from startup.o(RESET)
 <LI><a href="#[42]">DMA2_Stream0_IRQHandler</a> from startup.o(.text) referenced from startup.o(RESET)
 <LI><a href="#[43]">DMA2_Stream1_IRQHandler</a> from startup.o(.text) referenced from startup.o(RESET)
 <LI><a href="#[44]">DMA2_Stream2_IRQHandler</a> from startup.o(.text) referenced from startup.o(RESET)
 <LI><a href="#[45]">DMA2_Stream3_IRQHandler</a> from startup.o(.text) referenced from startup.o(RESET)
 <LI><a href="#[46]">DMA2_Stream4_IRQHandler</a> from startup.o(.text) referenced from startup.o(RESET)
 <LI><a href="#[4e]">DMA2_Stream5_IRQHandler</a> from startup.o(.text) referenced from startup.o(RESET)
 <LI><a href="#[4f]">DMA2_Stream6_IRQHandler</a> from startup.o(.text) referenced from startup.o(RESET)
 <LI><a href="#[50]">DMA2_Stream7_IRQHandler</a> from startup.o(.text) referenced from startup.o(RESET)
 <LI><a href="#[6b]">DSI_IRQHandler</a> from startup.o(.text) referenced from startup.o(RESET)
 <LI><a href="#[7]">DebugMon_Handler</a> from startup.o(.text) referenced from startup.o(RESET)
 <LI><a href="#[47]">ETH_IRQHandler</a> from startup.o(.text) referenced from startup.o(RESET)
 <LI><a href="#[48]">ETH_WKUP_IRQHandler</a> from startup.o(.text) referenced from startup.o(RESET)
 <LI><a href="#[10]">EXTI0_IRQHandler</a> from startup.o(.text) referenced from startup.o(RESET)
 <LI><a href="#[32]">EXTI15_10_IRQHandler</a> from startup.o(.text) referenced from startup.o(RESET)
 <LI><a href="#[11]">EXTI1_IRQHandler</a> from startup.o(.text) referenced from startup.o(RESET)
 <LI><a href="#[12]">EXTI2_IRQHandler</a> from startup.o(.text) referenced from startup.o(RESET)
 <LI><a href="#[13]">EXTI3_IRQHandler</a> from startup.o(.text) referenced from startup.o(RESET)
 <LI><a href="#[14]">EXTI4_IRQHandler</a> from startup.o(.text) referenced from startup.o(RESET)
 <LI><a href="#[21]">EXTI9_5_IRQHandler</a> from startup.o(.text) referenced from startup.o(RESET)
 <LI><a href="#[e]">FLASH_IRQHandler</a> from startup.o(.text) referenced from startup.o(RESET)
 <LI><a href="#[3a]">FMC_IRQHandler</a> from startup.o(.text) referenced from startup.o(RESET)
 <LI><a href="#[5a]">FPU_IRQHandler</a> from startup.o(.text) referenced from startup.o(RESET)
 <LI><a href="#[2]">HardFault_Handler</a> from startup.o(.text) referenced from startup.o(RESET)
 <LI><a href="#[2a]">I2C1_ER_IRQHandler</a> from startup.o(.text) referenced from startup.o(RESET)
 <LI><a href="#[29]">I2C1_EV_IRQHandler</a> from startup.o(.text) referenced from startup.o(RESET)
 <LI><a href="#[2c]">I2C2_ER_IRQHandler</a> from startup.o(.text) referenced from startup.o(RESET)
 <LI><a href="#[2b]">I2C2_EV_IRQHandler</a> from startup.o(.text) referenced from startup.o(RESET)
 <LI><a href="#[53]">I2C3_ER_IRQHandler</a> from startup.o(.text) referenced from startup.o(RESET)
 <LI><a href="#[52]">I2C3_EV_IRQHandler</a> from startup.o(.text) referenced from startup.o(RESET)
 <LI><a href="#[69]">I2C4_ER_IRQHandler</a> from startup.o(.text) referenced from startup.o(RESET)
 <LI><a href="#[68]">I2C4_EV_IRQHandler</a> from startup.o(.text) referenced from startup.o(RESET)
 <LI><a href="#[75]">JPEG_IRQHandler</a> from startup.o(.text) referenced from startup.o(RESET)
 <LI><a href="#[66]">LPTIM1_IRQHandler</a> from startup.o(.text) referenced from startup.o(RESET)
 <LI><a href="#[62]">LTDC_ER_IRQHandler</a> from startup.o(.text) referenced from startup.o(RESET)
 <LI><a href="#[61]">LTDC_IRQHandler</a> from startup.o(.text) referenced from startup.o(RESET)
 <LI><a href="#[76]">MDIOS_IRQHandler</a> from startup.o(.text) referenced from startup.o(RESET)
 <LI><a href="#[3]">MemManage_Handler</a> from startup.o(.text) referenced from startup.o(RESET)
 <LI><a href="#[1]">NMI_Handler</a> from startup.o(.text) referenced from startup.o(RESET)
 <LI><a href="#[4d]">OTG_FS_IRQHandler</a> from lib.o(.text.OTG_FS_IRQHandler) referenced from startup.o(RESET)
 <LI><a href="#[34]">OTG_FS_WKUP_IRQHandler</a> from startup.o(.text) referenced from startup.o(RESET)
 <LI><a href="#[55]">OTG_HS_EP1_IN_IRQHandler</a> from startup.o(.text) referenced from startup.o(RESET)
 <LI><a href="#[54]">OTG_HS_EP1_OUT_IRQHandler</a> from startup.o(.text) referenced from startup.o(RESET)
 <LI><a href="#[57]">OTG_HS_IRQHandler</a> from startup.o(.text) referenced from startup.o(RESET)
 <LI><a href="#[56]">OTG_HS_WKUP_IRQHandler</a> from startup.o(.text) referenced from startup.o(RESET)
 <LI><a href="#[b]">PVD_IRQHandler</a> from startup.o(.text) referenced from startup.o(RESET)
 <LI><a href="#[8]">PendSV_Handler</a> from lib.o(.text.PendSV_Handler) referenced from startup.o(RESET)
 <LI><a href="#[65]">QUADSPI_IRQHandler</a> from startup.o(.text) referenced from startup.o(RESET)
 <LI><a href="#[f]">RCC_IRQHandler</a> from startup.o(.text) referenced from startup.o(RESET)
 <LI><a href="#[59]">RNG_IRQHandler</a> from startup.o(.text) referenced from startup.o(RESET)
 <LI><a href="#[33]">RTC_Alarm_IRQHandler</a> from startup.o(.text) referenced from startup.o(RESET)
 <LI><a href="#[d]">RTC_WKUP_IRQHandler</a> from startup.o(.text) referenced from startup.o(RESET)
 <LI><a href="#[0]">Reset_Handler</a> from startup.o(.text) referenced from startup.o(RESET)
 <LI><a href="#[60]">SAI1_IRQHandler</a> from startup.o(.text) referenced from startup.o(RESET)
 <LI><a href="#[64]">SAI2_IRQHandler</a> from startup.o(.text) referenced from startup.o(RESET)
 <LI><a href="#[3b]">SDMMC1_IRQHandler</a> from startup.o(.text) referenced from startup.o(RESET)
 <LI><a href="#[70]">SDMMC2_IRQHandler</a> from startup.o(.text) referenced from startup.o(RESET)
 <LI><a href="#[6a]">SPDIF_RX_IRQHandler</a> from startup.o(.text) referenced from startup.o(RESET)
 <LI><a href="#[2d]">SPI1_IRQHandler</a> from startup.o(.text) referenced from startup.o(RESET)
 <LI><a href="#[2e]">SPI2_IRQHandler</a> from startup.o(.text) referenced from startup.o(RESET)
 <LI><a href="#[3d]">SPI3_IRQHandler</a> from startup.o(.text) referenced from startup.o(RESET)
 <LI><a href="#[5d]">SPI4_IRQHandler</a> from startup.o(.text) referenced from startup.o(RESET)
 <LI><a href="#[5e]">SPI5_IRQHandler</a> from startup.o(.text) referenced from startup.o(RESET)
 <LI><a href="#[5f]">SPI6_IRQHandler</a> from startup.o(.text) referenced from startup.o(RESET)
 <LI><a href="#[6]">SVC_Handler</a> from startup.o(.text) referenced from startup.o(RESET)
 <LI><a href="#[9]">SysTick_Handler</a> from lib.o(.text.SysTick_Handler) referenced from startup.o(RESET)
 <LI><a href="#[77]">SystemInit</a> from lib.o(.text.SystemInit) referenced from startup.o(.text)
 <LI><a href="#[c]">TAMP_STAMP_IRQHandler</a> from startup.o(.text) referenced from startup.o(RESET)
 <LI><a href="#[22]">TIM1_BRK_TIM9_IRQHandler</a> from startup.o(.text) referenced from startup.o(RESET)
 <LI><a href="#[25]">TIM1_CC_IRQHandler</a> from startup.o(.text) referenced from startup.o(RESET)
 <LI><a href="#[24]">TIM1_TRG_COM_TIM11_IRQHandler</a> from lib.o(.text.TIM1_TRG_COM_TIM11_IRQHandler) referenced from startup.o(RESET)
 <LI><a href="#[23]">TIM1_UP_TIM10_IRQHandler</a> from lib.o(.text.TIM1_UP_TIM10_IRQHandler) referenced from startup.o(RESET)
 <LI><a href="#[26]">TIM2_IRQHandler</a> from lib.o(.text.TIM2_IRQHandler) referenced from startup.o(RESET)
 <LI><a href="#[27]">TIM3_IRQHandler</a> from lib.o(.text.TIM3_IRQHandler) referenced from startup.o(RESET)
 <LI><a href="#[28]">TIM4_IRQHandler</a> from lib.o(.text.TIM4_IRQHandler) referenced from startup.o(RESET)
 <LI><a href="#[3c]">TIM5_IRQHandler</a> from lib.o(.text.TIM5_IRQHandler) referenced from startup.o(RESET)
 <LI><a href="#[40]">TIM6_DAC_IRQHandler</a> from startup.o(.text) referenced from startup.o(RESET)
 <LI><a href="#[41]">TIM7_IRQHandler</a> from lib.o(.text.TIM7_IRQHandler) referenced from startup.o(RESET)
 <LI><a href="#[35]">TIM8_BRK_TIM12_IRQHandler</a> from startup.o(.text) referenced from startup.o(RESET)
 <LI><a href="#[38]">TIM8_CC_IRQHandler</a> from lib.o(.text.TIM8_CC_IRQHandler) referenced from startup.o(RESET)
 <LI><a href="#[37]">TIM8_TRG_COM_TIM14_IRQHandler</a> from lib.o(.text.TIM8_TRG_COM_TIM14_IRQHandler) referenced from startup.o(RESET)
 <LI><a href="#[36]">TIM8_UP_TIM13_IRQHandler</a> from startup.o(.text) referenced from startup.o(RESET)
 <LI><a href="#[3e]">UART4_IRQHandler</a> from lib.o(.text.UART4_IRQHandler) referenced from startup.o(RESET)
 <LI><a href="#[3f]">UART5_IRQHandler</a> from lib.o(.text.UART5_IRQHandler) referenced from startup.o(RESET)
 <LI><a href="#[5b]">UART7_IRQHandler</a> from startup.o(.text) referenced from startup.o(RESET)
 <LI><a href="#[5c]">UART8_IRQHandler</a> from startup.o(.text) referenced from startup.o(RESET)
 <LI><a href="#[2f]">USART1_IRQHandler</a> from lib.o(.text.USART1_IRQHandler) referenced from startup.o(RESET)
 <LI><a href="#[30]">USART2_IRQHandler</a> from lib.o(.text.USART2_IRQHandler) referenced from startup.o(RESET)
 <LI><a href="#[31]">USART3_IRQHandler</a> from lib.o(.text.USART3_IRQHandler) referenced from startup.o(RESET)
 <LI><a href="#[51]">USART6_IRQHandler</a> from lib.o(.text.USART6_IRQHandler) referenced from startup.o(RESET)
 <LI><a href="#[5]">UsageFault_Handler</a> from startup.o(.text) referenced from startup.o(RESET)
 <LI><a href="#[a]">WWDG_IRQHandler</a> from startup.o(.text) referenced from startup.o(RESET)
 <LI><a href="#[fb]">_GLOBAL__sub_I_main.cpp</a> from main.o(.text._GLOBAL__sub_I_main.cpp) referenced from main.o(.init_array)
 <LI><a href="#[7d]">myReportHandler::onReport(unsigned short, unsigned short, bool)</a> from main.o(.text._ZN15myReportHandler8onReportEttb) referenced from main.o(.rodata._ZTV15myReportHandler)
 <LI><a href="#[a0]">EmbSysLib::Hw::DisplayChar::getNumberOfLines()</a> from lib.o(.text._ZN9EmbSysLib2Hw11DisplayChar16getNumberOfLinesEv) referenced from lib.o(.rodata._ZTVN9EmbSysLib2Hw14DisplayGraphicE)
 <LI><a href="#[a0]">EmbSysLib::Hw::DisplayChar::getNumberOfLines()</a> from lib.o(.text._ZN9EmbSysLib2Hw11DisplayChar16getNumberOfLinesEv) referenced from main.o(.rodata._ZTVN9EmbSysLib2Hw23DisplayGraphic_OTM8009AE)
 <LI><a href="#[a0]">EmbSysLib::Hw::DisplayChar::getNumberOfLines()</a> from lib.o(.text._ZN9EmbSysLib2Hw11DisplayChar16getNumberOfLinesEv) referenced from main.o(.rodata._ZTVN9EmbSysLib2Hw26DisplayGraphic_OTM8009AramE)
 <LI><a href="#[a1]">EmbSysLib::Hw::DisplayChar::getNumberOfColumns()</a> from lib.o(.text._ZN9EmbSysLib2Hw11DisplayChar18getNumberOfColumnsEv) referenced from lib.o(.rodata._ZTVN9EmbSysLib2Hw14DisplayGraphicE)
 <LI><a href="#[a1]">EmbSysLib::Hw::DisplayChar::getNumberOfColumns()</a> from lib.o(.text._ZN9EmbSysLib2Hw11DisplayChar18getNumberOfColumnsEv) referenced from main.o(.rodata._ZTVN9EmbSysLib2Hw23DisplayGraphic_OTM8009AE)
 <LI><a href="#[a1]">EmbSysLib::Hw::DisplayChar::getNumberOfColumns()</a> from lib.o(.text._ZN9EmbSysLib2Hw11DisplayChar18getNumberOfColumnsEv) referenced from main.o(.rodata._ZTVN9EmbSysLib2Hw26DisplayGraphic_OTM8009AramE)
 <LI><a href="#[9f]">EmbSysLib::Hw::DisplayChar::putString(char const*)</a> from lib.o(.text._ZN9EmbSysLib2Hw11DisplayChar9putStringEPKc) referenced from lib.o(.rodata._ZTVN9EmbSysLib2Hw14DisplayGraphicE)
 <LI><a href="#[9f]">EmbSysLib::Hw::DisplayChar::putString(char const*)</a> from lib.o(.text._ZN9EmbSysLib2Hw11DisplayChar9putStringEPKc) referenced from main.o(.rodata._ZTVN9EmbSysLib2Hw23DisplayGraphic_OTM8009AE)
 <LI><a href="#[9f]">EmbSysLib::Hw::DisplayChar::putString(char const*)</a> from lib.o(.text._ZN9EmbSysLib2Hw11DisplayChar9putStringEPKc) referenced from main.o(.rodata._ZTVN9EmbSysLib2Hw26DisplayGraphic_OTM8009AramE)
 <LI><a href="#[7f]">EmbSysLib::Hw::MemoryImage::lock()</a> from main.o(.text._ZN9EmbSysLib2Hw11MemoryImage4lockEv) referenced from main.o(.rodata._ZTVN9EmbSysLib2Hw11MemoryImageE)
 <LI><a href="#[80]">EmbSysLib::Hw::MemoryImage::getPtr()</a> from main.o(.text._ZN9EmbSysLib2Hw11MemoryImage6getPtrEv) referenced from main.o(.rodata._ZTVN9EmbSysLib2Hw11MemoryImageE)
 <LI><a href="#[7e]">EmbSysLib::Hw::MemoryImage::unlock()</a> from main.o(.text._ZN9EmbSysLib2Hw11MemoryImage6unlockEv) referenced from main.o(.rodata._ZTVN9EmbSysLib2Hw11MemoryImageE)
 <LI><a href="#[87]">EmbSysLib::Hw::MemoryImage::readByte(unsigned int)</a> from main.o(.text._ZN9EmbSysLib2Hw11MemoryImage8readByteEj) referenced from main.o(.rodata._ZTVN9EmbSysLib2Hw11MemoryImageE)
 <LI><a href="#[86]">EmbSysLib::Hw::MemoryImage::writeByte(unsigned int, unsigned char)</a> from main.o(.text._ZN9EmbSysLib2Hw11MemoryImage9writeByteEjh) referenced from main.o(.rodata._ZTVN9EmbSysLib2Hw11MemoryImageE)
 <LI><a href="#[89]">EmbSysLib::Hw::Memory_Flash::lock()</a> from lib.o(.text._ZN9EmbSysLib2Hw12Memory_Flash4lockEv) referenced from lib.o(.rodata._ZTVN9EmbSysLib2Hw12Memory_FlashE)
 <LI><a href="#[8b]">EmbSysLib::Hw::Memory_Flash::erase()</a> from lib.o(.text._ZN9EmbSysLib2Hw12Memory_Flash5eraseEv) referenced from lib.o(.rodata._ZTVN9EmbSysLib2Hw12Memory_FlashE)
 <LI><a href="#[8a]">EmbSysLib::Hw::Memory_Flash::getPtr()</a> from lib.o(.text._ZN9EmbSysLib2Hw12Memory_Flash6getPtrEv) referenced from lib.o(.rodata._ZTVN9EmbSysLib2Hw12Memory_FlashE)
 <LI><a href="#[88]">EmbSysLib::Hw::Memory_Flash::unlock()</a> from lib.o(.text._ZN9EmbSysLib2Hw12Memory_Flash6unlockEv) referenced from lib.o(.rodata._ZTVN9EmbSysLib2Hw12Memory_FlashE)
 <LI><a href="#[8d]">EmbSysLib::Hw::Memory_Flash::readByte(unsigned int)</a> from lib.o(.text._ZN9EmbSysLib2Hw12Memory_Flash8readByteEj) referenced from lib.o(.rodata._ZTVN9EmbSysLib2Hw12Memory_FlashE)
 <LI><a href="#[8c]">EmbSysLib::Hw::Memory_Flash::writeByte(unsigned int, unsigned char)</a> from lib.o(.text._ZN9EmbSysLib2Hw12Memory_Flash9writeByteEjh) referenced from lib.o(.rodata._ZTVN9EmbSysLib2Hw12Memory_FlashE)
 <LI><a href="#[8e]">EmbSysLib::Hw::Touch_FT6206::update()</a> from main.o(.text._ZN9EmbSysLib2Hw12Touch_FT62066updateEv) referenced from main.o(.rodata._ZTVN9EmbSysLib2Hw12Touch_FT6206E)
 <LI><a href="#[98]">EmbSysLib::Hw::I2Cmaster_Mcu::readByteAck()</a> from lib.o(.text._ZN9EmbSysLib2Hw13I2Cmaster_Mcu11readByteAckEv) referenced from lib.o(.rodata._ZTVN9EmbSysLib2Hw13I2Cmaster_McuE)
 <LI><a href="#[9a]">EmbSysLib::Hw::I2Cmaster_Mcu::waitForAckn(unsigned int)</a> from lib.o(.text._ZN9EmbSysLib2Hw13I2Cmaster_Mcu11waitForAcknEj) referenced from lib.o(.rodata._ZTVN9EmbSysLib2Hw13I2Cmaster_McuE)
 <LI><a href="#[99]">EmbSysLib::Hw::I2Cmaster_Mcu::readByteNack()</a> from lib.o(.text._ZN9EmbSysLib2Hw13I2Cmaster_Mcu12readByteNackEv) referenced from lib.o(.rodata._ZTVN9EmbSysLib2Hw13I2Cmaster_McuE)
 <LI><a href="#[95]">EmbSysLib::Hw::I2Cmaster_Mcu::stop()</a> from lib.o(.text._ZN9EmbSysLib2Hw13I2Cmaster_Mcu4stopEv) referenced from lib.o(.rodata._ZTVN9EmbSysLib2Hw13I2Cmaster_McuE)
 <LI><a href="#[94]">EmbSysLib::Hw::I2Cmaster_Mcu::start(unsigned char)</a> from lib.o(.text._ZN9EmbSysLib2Hw13I2Cmaster_Mcu5startEh) referenced from lib.o(.rodata._ZTVN9EmbSysLib2Hw13I2Cmaster_McuE)
 <LI><a href="#[96]">EmbSysLib::Hw::I2Cmaster_Mcu::sendAddr(unsigned char)</a> from lib.o(.text._ZN9EmbSysLib2Hw13I2Cmaster_Mcu8sendAddrEh) referenced from lib.o(.rodata._ZTVN9EmbSysLib2Hw13I2Cmaster_McuE)
 <LI><a href="#[97]">EmbSysLib::Hw::I2Cmaster_Mcu::writeByte(unsigned char)</a> from lib.o(.text._ZN9EmbSysLib2Hw13I2Cmaster_Mcu9writeByteEh) referenced from lib.o(.rodata._ZTVN9EmbSysLib2Hw13I2Cmaster_McuE)
 <LI><a href="#[9d]">EmbSysLib::Hw::DisplayGraphic::gotoTextPos(unsigned char, unsigned char)</a> from lib.o(.text._ZN9EmbSysLib2Hw14DisplayGraphic11gotoTextPosEhh) referenced from lib.o(.rodata._ZTVN9EmbSysLib2Hw14DisplayGraphicE)
 <LI><a href="#[9d]">EmbSysLib::Hw::DisplayGraphic::gotoTextPos(unsigned char, unsigned char)</a> from lib.o(.text._ZN9EmbSysLib2Hw14DisplayGraphic11gotoTextPosEhh) referenced from main.o(.rodata._ZTVN9EmbSysLib2Hw23DisplayGraphic_OTM8009AE)
 <LI><a href="#[9d]">EmbSysLib::Hw::DisplayGraphic::gotoTextPos(unsigned char, unsigned char)</a> from lib.o(.text._ZN9EmbSysLib2Hw14DisplayGraphic11gotoTextPosEhh) referenced from main.o(.rodata._ZTVN9EmbSysLib2Hw26DisplayGraphic_OTM8009AramE)
 <LI><a href="#[a7]">EmbSysLib::Hw::DisplayGraphic::gotoPixelPos(unsigned short, unsigned short)</a> from lib.o(.text._ZN9EmbSysLib2Hw14DisplayGraphic12gotoPixelPosEtt) referenced from lib.o(.rodata._ZTVN9EmbSysLib2Hw14DisplayGraphicE)
 <LI><a href="#[a7]">EmbSysLib::Hw::DisplayGraphic::gotoPixelPos(unsigned short, unsigned short)</a> from lib.o(.text._ZN9EmbSysLib2Hw14DisplayGraphic12gotoPixelPosEtt) referenced from main.o(.rodata._ZTVN9EmbSysLib2Hw23DisplayGraphic_OTM8009AE)
 <LI><a href="#[a7]">EmbSysLib::Hw::DisplayGraphic::gotoPixelPos(unsigned short, unsigned short)</a> from lib.o(.text._ZN9EmbSysLib2Hw14DisplayGraphic12gotoPixelPosEtt) referenced from main.o(.rodata._ZTVN9EmbSysLib2Hw26DisplayGraphic_OTM8009AramE)
 <LI><a href="#[a9]">EmbSysLib::Hw::DisplayGraphic::putRectangle(unsigned short, unsigned short, unsigned short, unsigned short)</a> from lib.o(.text._ZN9EmbSysLib2Hw14DisplayGraphic12putRectangleEtttt) referenced from lib.o(.rodata._ZTVN9EmbSysLib2Hw14DisplayGraphicE)
 <LI><a href="#[a9]">EmbSysLib::Hw::DisplayGraphic::putRectangle(unsigned short, unsigned short, unsigned short, unsigned short)</a> from lib.o(.text._ZN9EmbSysLib2Hw14DisplayGraphic12putRectangleEtttt) referenced from main.o(.rodata._ZTVN9EmbSysLib2Hw23DisplayGraphic_OTM8009AE)
 <LI><a href="#[a9]">EmbSysLib::Hw::DisplayGraphic::putRectangle(unsigned short, unsigned short, unsigned short, unsigned short)</a> from lib.o(.text._ZN9EmbSysLib2Hw14DisplayGraphic12putRectangleEtttt) referenced from main.o(.rodata._ZTVN9EmbSysLib2Hw26DisplayGraphic_OTM8009AramE)
 <LI><a href="#[a4]">EmbSysLib::Hw::DisplayGraphic::setBackColor(unsigned short)</a> from lib.o(.text._ZN9EmbSysLib2Hw14DisplayGraphic12setBackColorEt) referenced from lib.o(.rodata._ZTVN9EmbSysLib2Hw14DisplayGraphicE)
 <LI><a href="#[a4]">EmbSysLib::Hw::DisplayGraphic::setBackColor(unsigned short)</a> from lib.o(.text._ZN9EmbSysLib2Hw14DisplayGraphic12setBackColorEt) referenced from main.o(.rodata._ZTVN9EmbSysLib2Hw23DisplayGraphic_OTM8009AE)
 <LI><a href="#[a4]">EmbSysLib::Hw::DisplayGraphic::setBackColor(unsigned short)</a> from lib.o(.text._ZN9EmbSysLib2Hw14DisplayGraphic12setBackColorEt) referenced from main.o(.rodata._ZTVN9EmbSysLib2Hw26DisplayGraphic_OTM8009AramE)
 <LI><a href="#[a6]">EmbSysLib::Hw::DisplayGraphic::setTextColor(unsigned short)</a> from lib.o(.text._ZN9EmbSysLib2Hw14DisplayGraphic12setTextColorEt) referenced from lib.o(.rodata._ZTVN9EmbSysLib2Hw14DisplayGraphicE)
 <LI><a href="#[a6]">EmbSysLib::Hw::DisplayGraphic::setTextColor(unsigned short)</a> from lib.o(.text._ZN9EmbSysLib2Hw14DisplayGraphic12setTextColorEt) referenced from main.o(.rodata._ZTVN9EmbSysLib2Hw23DisplayGraphic_OTM8009AE)
 <LI><a href="#[a6]">EmbSysLib::Hw::DisplayGraphic::setTextColor(unsigned short)</a> from lib.o(.text._ZN9EmbSysLib2Hw14DisplayGraphic12setTextColorEt) referenced from main.o(.rodata._ZTVN9EmbSysLib2Hw26DisplayGraphic_OTM8009AramE)
 <LI><a href="#[a5]">EmbSysLib::Hw::DisplayGraphic::setPaintColor(unsigned short)</a> from lib.o(.text._ZN9EmbSysLib2Hw14DisplayGraphic13setPaintColorEt) referenced from lib.o(.rodata._ZTVN9EmbSysLib2Hw14DisplayGraphicE)
 <LI><a href="#[a5]">EmbSysLib::Hw::DisplayGraphic::setPaintColor(unsigned short)</a> from lib.o(.text._ZN9EmbSysLib2Hw14DisplayGraphic13setPaintColorEt) referenced from main.o(.rodata._ZTVN9EmbSysLib2Hw23DisplayGraphic_OTM8009AE)
 <LI><a href="#[a5]">EmbSysLib::Hw::DisplayGraphic::setPaintColor(unsigned short)</a> from lib.o(.text._ZN9EmbSysLib2Hw14DisplayGraphic13setPaintColorEt) referenced from main.o(.rodata._ZTVN9EmbSysLib2Hw26DisplayGraphic_OTM8009AramE)
 <LI><a href="#[9e]">EmbSysLib::Hw::DisplayGraphic::putChar(char)</a> from lib.o(.text._ZN9EmbSysLib2Hw14DisplayGraphic7putCharEc) referenced from lib.o(.rodata._ZTVN9EmbSysLib2Hw14DisplayGraphicE)
 <LI><a href="#[9e]">EmbSysLib::Hw::DisplayGraphic::putChar(char)</a> from lib.o(.text._ZN9EmbSysLib2Hw14DisplayGraphic7putCharEc) referenced from main.o(.rodata._ZTVN9EmbSysLib2Hw23DisplayGraphic_OTM8009AE)
 <LI><a href="#[9e]">EmbSysLib::Hw::DisplayGraphic::putChar(char)</a> from lib.o(.text._ZN9EmbSysLib2Hw14DisplayGraphic7putCharEc) referenced from main.o(.rodata._ZTVN9EmbSysLib2Hw26DisplayGraphic_OTM8009AramE)
 <LI><a href="#[9c]">EmbSysLib::Hw::DisplayGraphic::refresh()</a> from main.o(.text._ZN9EmbSysLib2Hw14DisplayGraphic7refreshEv) referenced from lib.o(.rodata._ZTVN9EmbSysLib2Hw14DisplayGraphicE)
 <LI><a href="#[9c]">EmbSysLib::Hw::DisplayGraphic::refresh()</a> from main.o(.text._ZN9EmbSysLib2Hw14DisplayGraphic7refreshEv) referenced from main.o(.rodata._ZTVN9EmbSysLib2Hw23DisplayGraphic_OTM8009AE)
 <LI><a href="#[a2]">EmbSysLib::Hw::DisplayGraphic::setFont(EmbSysLib::Hw::Font, unsigned char)</a> from lib.o(.text._ZN9EmbSysLib2Hw14DisplayGraphic7setFontENS0_4FontEh) referenced from lib.o(.rodata._ZTVN9EmbSysLib2Hw14DisplayGraphicE)
 <LI><a href="#[a2]">EmbSysLib::Hw::DisplayGraphic::setFont(EmbSysLib::Hw::Font, unsigned char)</a> from lib.o(.text._ZN9EmbSysLib2Hw14DisplayGraphic7setFontENS0_4FontEh) referenced from main.o(.rodata._ZTVN9EmbSysLib2Hw23DisplayGraphic_OTM8009AE)
 <LI><a href="#[a2]">EmbSysLib::Hw::DisplayGraphic::setFont(EmbSysLib::Hw::Font, unsigned char)</a> from lib.o(.text._ZN9EmbSysLib2Hw14DisplayGraphic7setFontENS0_4FontEh) referenced from main.o(.rodata._ZTVN9EmbSysLib2Hw26DisplayGraphic_OTM8009AramE)
 <LI><a href="#[a3]">EmbSysLib::Hw::DisplayGraphic::setZoom(unsigned char)</a> from lib.o(.text._ZN9EmbSysLib2Hw14DisplayGraphic7setZoomEh) referenced from lib.o(.rodata._ZTVN9EmbSysLib2Hw14DisplayGraphicE)
 <LI><a href="#[a3]">EmbSysLib::Hw::DisplayGraphic::setZoom(unsigned char)</a> from lib.o(.text._ZN9EmbSysLib2Hw14DisplayGraphic7setZoomEh) referenced from main.o(.rodata._ZTVN9EmbSysLib2Hw23DisplayGraphic_OTM8009AE)
 <LI><a href="#[a3]">EmbSysLib::Hw::DisplayGraphic::setZoom(unsigned char)</a> from lib.o(.text._ZN9EmbSysLib2Hw14DisplayGraphic7setZoomEh) referenced from main.o(.rodata._ZTVN9EmbSysLib2Hw26DisplayGraphic_OTM8009AramE)
 <LI><a href="#[ab]">EmbSysLib::Hw::DisplayGraphic::getWidth()</a> from main.o(.text._ZN9EmbSysLib2Hw14DisplayGraphic8getWidthEv) referenced from lib.o(.rodata._ZTVN9EmbSysLib2Hw14DisplayGraphicE)
 <LI><a href="#[ab]">EmbSysLib::Hw::DisplayGraphic::getWidth()</a> from main.o(.text._ZN9EmbSysLib2Hw14DisplayGraphic8getWidthEv) referenced from main.o(.rodata._ZTVN9EmbSysLib2Hw23DisplayGraphic_OTM8009AE)
 <LI><a href="#[ab]">EmbSysLib::Hw::DisplayGraphic::getWidth()</a> from main.o(.text._ZN9EmbSysLib2Hw14DisplayGraphic8getWidthEv) referenced from main.o(.rodata._ZTVN9EmbSysLib2Hw26DisplayGraphic_OTM8009AramE)
 <LI><a href="#[a8]">EmbSysLib::Hw::DisplayGraphic::putPixel(unsigned short, unsigned short)</a> from lib.o(.text._ZN9EmbSysLib2Hw14DisplayGraphic8putPixelEtt) referenced from lib.o(.rodata._ZTVN9EmbSysLib2Hw14DisplayGraphicE)
 <LI><a href="#[a8]">EmbSysLib::Hw::DisplayGraphic::putPixel(unsigned short, unsigned short)</a> from lib.o(.text._ZN9EmbSysLib2Hw14DisplayGraphic8putPixelEtt) referenced from main.o(.rodata._ZTVN9EmbSysLib2Hw23DisplayGraphic_OTM8009AE)
 <LI><a href="#[a8]">EmbSysLib::Hw::DisplayGraphic::putPixel(unsigned short, unsigned short)</a> from lib.o(.text._ZN9EmbSysLib2Hw14DisplayGraphic8putPixelEtt) referenced from main.o(.rodata._ZTVN9EmbSysLib2Hw26DisplayGraphic_OTM8009AramE)
 <LI><a href="#[ac]">EmbSysLib::Hw::DisplayGraphic::getHeight()</a> from main.o(.text._ZN9EmbSysLib2Hw14DisplayGraphic9getHeightEv) referenced from lib.o(.rodata._ZTVN9EmbSysLib2Hw14DisplayGraphicE)
 <LI><a href="#[ac]">EmbSysLib::Hw::DisplayGraphic::getHeight()</a> from main.o(.text._ZN9EmbSysLib2Hw14DisplayGraphic9getHeightEv) referenced from main.o(.rodata._ZTVN9EmbSysLib2Hw23DisplayGraphic_OTM8009AE)
 <LI><a href="#[ac]">EmbSysLib::Hw::DisplayGraphic::getHeight()</a> from main.o(.text._ZN9EmbSysLib2Hw14DisplayGraphic9getHeightEv) referenced from main.o(.rodata._ZTVN9EmbSysLib2Hw26DisplayGraphic_OTM8009AramE)
 <LI><a href="#[aa]">EmbSysLib::Hw::DisplayGraphic::putBitmap(unsigned short, unsigned short, EmbSysLib::Hw::Bitmap)</a> from lib.o(.text._ZN9EmbSysLib2Hw14DisplayGraphic9putBitmapEttNS0_6BitmapE) referenced from lib.o(.rodata._ZTVN9EmbSysLib2Hw14DisplayGraphicE)
 <LI><a href="#[aa]">EmbSysLib::Hw::DisplayGraphic::putBitmap(unsigned short, unsigned short, EmbSysLib::Hw::Bitmap)</a> from lib.o(.text._ZN9EmbSysLib2Hw14DisplayGraphic9putBitmapEttNS0_6BitmapE) referenced from main.o(.rodata._ZTVN9EmbSysLib2Hw23DisplayGraphic_OTM8009AE)
 <LI><a href="#[aa]">EmbSysLib::Hw::DisplayGraphic::putBitmap(unsigned short, unsigned short, EmbSysLib::Hw::Bitmap)</a> from lib.o(.text._ZN9EmbSysLib2Hw14DisplayGraphic9putBitmapEttNS0_6BitmapE) referenced from main.o(.rodata._ZTVN9EmbSysLib2Hw26DisplayGraphic_OTM8009AramE)
 <LI><a href="#[ad]">EmbSysLib::Hw::DisplayGraphic_OTM8009Aram::clear()</a> from main.o(.text._ZN9EmbSysLib2Hw26DisplayGraphic_OTM8009Aram5clearEv) referenced from main.o(.rodata._ZTVN9EmbSysLib2Hw26DisplayGraphic_OTM8009AramE)
 <LI><a href="#[ae]">EmbSysLib::Hw::DisplayGraphic_OTM8009Aram::refresh()</a> from main.o(.text._ZN9EmbSysLib2Hw26DisplayGraphic_OTM8009Aram7refreshEv) referenced from main.o(.rodata._ZTVN9EmbSysLib2Hw26DisplayGraphic_OTM8009AramE)
 <LI><a href="#[af]">EmbSysLib::Hw::DisplayGraphic_OTM8009Aram::setArea(unsigned short, unsigned short, unsigned short, unsigned short)</a> from main.o(.text._ZN9EmbSysLib2Hw26DisplayGraphic_OTM8009Aram7setAreaEtttt) referenced from main.o(.rodata._ZTVN9EmbSysLib2Hw26DisplayGraphic_OTM8009AramE)
 <LI><a href="#[b1]">EmbSysLib::Hw::DisplayGraphic_OTM8009Aram::setPixel(unsigned short)</a> from main.o(.text._ZN9EmbSysLib2Hw26DisplayGraphic_OTM8009Aram8setPixelEt) referenced from main.o(.rodata._ZTVN9EmbSysLib2Hw26DisplayGraphic_OTM8009AramE)
 <LI><a href="#[b0]">EmbSysLib::Hw::DisplayGraphic_OTM8009Aram::setPixel(unsigned short, unsigned short, unsigned short)</a> from main.o(.text._ZN9EmbSysLib2Hw26DisplayGraphic_OTM8009Aram8setPixelEttt) referenced from main.o(.rodata._ZTVN9EmbSysLib2Hw26DisplayGraphic_OTM8009AramE)
 <LI><a href="#[b5]">EmbSysLib::Hw::Port::Pin::clr()</a> from lib.o(.text._ZN9EmbSysLib2Hw4Port3Pin3clrEv) referenced from lib.o(.rodata._ZTVN9EmbSysLib2Hw4Port3PinE)
 <LI><a href="#[b6]">EmbSysLib::Hw::Port::Pin::get()</a> from lib.o(.text._ZN9EmbSysLib2Hw4Port3Pin3getEv) referenced from lib.o(.rodata._ZTVN9EmbSysLib2Hw4Port3PinE)
 <LI><a href="#[b4]">EmbSysLib::Hw::Port::Pin::set(bool)</a> from lib.o(.text._ZN9EmbSysLib2Hw4Port3Pin3setEb) referenced from lib.o(.rodata._ZTVN9EmbSysLib2Hw4Port3PinE)
 <LI><a href="#[b3]">EmbSysLib::Hw::Port::Pin::set()</a> from lib.o(.text._ZN9EmbSysLib2Hw4Port3Pin3setEv) referenced from lib.o(.rodata._ZTVN9EmbSysLib2Hw4Port3PinE)
 <LI><a href="#[b2]">EmbSysLib::Hw::Port::Pin::setMode(EmbSysLib::Hw::Port::Mode)</a> from lib.o(.text._ZN9EmbSysLib2Hw4Port3Pin7setModeENS1_4ModeE) referenced from lib.o(.rodata._ZTVN9EmbSysLib2Hw4Port3PinE)
 <LI><a href="#[c0]">EmbSysLib::Hw::Uart::transmitByte(unsigned char)</a> from lib.o(.text._ZN9EmbSysLib2Hw4Uart12transmitByteEh) referenced from lib.o(.rodata._ZTVN9EmbSysLib2Hw4UartE)
 <LI><a href="#[c0]">EmbSysLib::Hw::Uart::transmitByte(unsigned char)</a> from lib.o(.text._ZN9EmbSysLib2Hw4Uart12transmitByteEh) referenced from lib.o(.rodata._ZTVN9EmbSysLib2Hw8Uart_McuE)
 <LI><a href="#[ba]">EmbSysLib::Hw::Uart::isTxBufferFull()</a> from lib.o(.text._ZN9EmbSysLib2Hw4Uart14isTxBufferFullEv) referenced from lib.o(.rodata._ZTVN9EmbSysLib2Hw4UartE)
 <LI><a href="#[ba]">EmbSysLib::Hw::Uart::isTxBufferFull()</a> from lib.o(.text._ZN9EmbSysLib2Hw4Uart14isTxBufferFullEv) referenced from lib.o(.rodata._ZTVN9EmbSysLib2Hw8Uart_McuE)
 <LI><a href="#[bb]">EmbSysLib::Hw::Uart::getFifoRemainingSize()</a> from lib.o(.text._ZN9EmbSysLib2Hw4Uart20getFifoRemainingSizeEv) referenced from lib.o(.rodata._ZTVN9EmbSysLib2Hw4UartE)
 <LI><a href="#[bb]">EmbSysLib::Hw::Uart::getFifoRemainingSize()</a> from lib.o(.text._ZN9EmbSysLib2Hw4Uart20getFifoRemainingSizeEv) referenced from lib.o(.rodata._ZTVN9EmbSysLib2Hw8Uart_McuE)
 <LI><a href="#[bc]">EmbSysLib::Hw::Uart::get(unsigned char&)</a> from lib.o(.text._ZN9EmbSysLib2Hw4Uart3getERh) referenced from lib.o(.rodata._ZTVN9EmbSysLib2Hw4UartE)
 <LI><a href="#[bc]">EmbSysLib::Hw::Uart::get(unsigned char&)</a> from lib.o(.text._ZN9EmbSysLib2Hw4Uart3getERh) referenced from lib.o(.rodata._ZTVN9EmbSysLib2Hw8Uart_McuE)
 <LI><a href="#[bd]">EmbSysLib::Hw::Uart::get()</a> from lib.o(.text._ZN9EmbSysLib2Hw4Uart3getEv) referenced from lib.o(.rodata._ZTVN9EmbSysLib2Hw4UartE)
 <LI><a href="#[bd]">EmbSysLib::Hw::Uart::get()</a> from lib.o(.text._ZN9EmbSysLib2Hw4Uart3getEv) referenced from lib.o(.rodata._ZTVN9EmbSysLib2Hw8Uart_McuE)
 <LI><a href="#[b9]">EmbSysLib::Hw::Uart::set(char const*)</a> from lib.o(.text._ZN9EmbSysLib2Hw4Uart3setEPKc) referenced from lib.o(.rodata._ZTVN9EmbSysLib2Hw4UartE)
 <LI><a href="#[b9]">EmbSysLib::Hw::Uart::set(char const*)</a> from lib.o(.text._ZN9EmbSysLib2Hw4Uart3setEPKc) referenced from lib.o(.rodata._ZTVN9EmbSysLib2Hw8Uart_McuE)
 <LI><a href="#[b8]">EmbSysLib::Hw::Uart::set(unsigned char const*, unsigned short)</a> from lib.o(.text._ZN9EmbSysLib2Hw4Uart3setEPKht) referenced from lib.o(.rodata._ZTVN9EmbSysLib2Hw4UartE)
 <LI><a href="#[b8]">EmbSysLib::Hw::Uart::set(unsigned char const*, unsigned short)</a> from lib.o(.text._ZN9EmbSysLib2Hw4Uart3setEPKht) referenced from lib.o(.rodata._ZTVN9EmbSysLib2Hw8Uart_McuE)
 <LI><a href="#[b7]">EmbSysLib::Hw::Uart::set(unsigned char)</a> from lib.o(.text._ZN9EmbSysLib2Hw4Uart3setEh) referenced from lib.o(.rodata._ZTVN9EmbSysLib2Hw4UartE)
 <LI><a href="#[b7]">EmbSysLib::Hw::Uart::set(unsigned char)</a> from lib.o(.text._ZN9EmbSysLib2Hw4Uart3setEh) referenced from lib.o(.rodata._ZTVN9EmbSysLib2Hw8Uart_McuE)
 <LI><a href="#[be]">EmbSysLib::Hw::Uart::isrRx()</a> from lib.o(.text._ZN9EmbSysLib2Hw4Uart5isrRxEv) referenced from lib.o(.rodata._ZTVN9EmbSysLib2Hw4UartE)
 <LI><a href="#[be]">EmbSysLib::Hw::Uart::isrRx()</a> from lib.o(.text._ZN9EmbSysLib2Hw4Uart5isrRxEv) referenced from lib.o(.rodata._ZTVN9EmbSysLib2Hw8Uart_McuE)
 <LI><a href="#[bf]">EmbSysLib::Hw::Uart::isrTx()</a> from lib.o(.text._ZN9EmbSysLib2Hw4Uart5isrTxEv) referenced from lib.o(.rodata._ZTVN9EmbSysLib2Hw4UartE)
 <LI><a href="#[bf]">EmbSysLib::Hw::Uart::isrTx()</a> from lib.o(.text._ZN9EmbSysLib2Hw4Uart5isrTxEv) referenced from lib.o(.rodata._ZTVN9EmbSysLib2Hw8Uart_McuE)
 <LI><a href="#[d1]">EmbSysLib::Hw::Timer::isrHandler()</a> from lib.o(.text._ZN9EmbSysLib2Hw5Timer10isrHandlerEv) referenced from lib.o(.rodata._ZTVN9EmbSysLib2Hw9Timer_McuE)
 <LI><a href="#[cd]">EmbSysLib::Hw::Timer::getCycleTime()</a> from lib.o(.text._ZN9EmbSysLib2Hw5Timer12getCycleTimeEv) referenced from lib.o(.rodata._ZTVN9EmbSysLib2Hw9Timer_McuE)
 <LI><a href="#[ce]">EmbSysLib::Hw::Timer::add(EmbSysLib::Hw::Timer::Task*)</a> from lib.o(.text._ZN9EmbSysLib2Hw5Timer3addEPNS1_4TaskE) referenced from lib.o(.rodata._ZTVN9EmbSysLib2Hw9Timer_McuE)
 <LI><a href="#[8f]">EmbSysLib::Hw::Touch::getPosX()</a> from lib.o(.text._ZN9EmbSysLib2Hw5Touch7getPosXEv) referenced from main.o(.rodata._ZTVN9EmbSysLib2Hw12Touch_FT6206E)
 <LI><a href="#[8f]">EmbSysLib::Hw::Touch::getPosX()</a> from lib.o(.text._ZN9EmbSysLib2Hw5Touch7getPosXEv) referenced from lib.o(.rodata._ZTVN9EmbSysLib2Hw5TouchE)
 <LI><a href="#[90]">EmbSysLib::Hw::Touch::getPosY()</a> from lib.o(.text._ZN9EmbSysLib2Hw5Touch7getPosYEv) referenced from main.o(.rodata._ZTVN9EmbSysLib2Hw12Touch_FT6206E)
 <LI><a href="#[90]">EmbSysLib::Hw::Touch::getPosY()</a> from lib.o(.text._ZN9EmbSysLib2Hw5Touch7getPosYEv) referenced from lib.o(.rodata._ZTVN9EmbSysLib2Hw5TouchE)
 <LI><a href="#[91]">EmbSysLib::Hw::Touch::isTouched()</a> from lib.o(.text._ZN9EmbSysLib2Hw5Touch9isTouchedEv) referenced from main.o(.rodata._ZTVN9EmbSysLib2Hw12Touch_FT6206E)
 <LI><a href="#[91]">EmbSysLib::Hw::Touch::isTouched()</a> from lib.o(.text._ZN9EmbSysLib2Hw5Touch9isTouchedEv) referenced from lib.o(.rodata._ZTVN9EmbSysLib2Hw5TouchE)
 <LI><a href="#[82]">EmbSysLib::Hw::Memory::read(unsigned int)</a> from lib.o(.text._ZN9EmbSysLib2Hw6Memory4readEj) referenced from main.o(.rodata._ZTVN9EmbSysLib2Hw11MemoryImageE)
 <LI><a href="#[82]">EmbSysLib::Hw::Memory::read(unsigned int)</a> from lib.o(.text._ZN9EmbSysLib2Hw6Memory4readEj) referenced from lib.o(.rodata._ZTVN9EmbSysLib2Hw12Memory_FlashE)
 <LI><a href="#[82]">EmbSysLib::Hw::Memory::read(unsigned int)</a> from lib.o(.text._ZN9EmbSysLib2Hw6Memory4readEj) referenced from lib.o(.rodata._ZTVN9EmbSysLib2Hw6MemoryE)
 <LI><a href="#[83]">EmbSysLib::Hw::Memory::erase()</a> from lib.o(.text._ZN9EmbSysLib2Hw6Memory5eraseEv) referenced from main.o(.rodata._ZTVN9EmbSysLib2Hw11MemoryImageE)
 <LI><a href="#[83]">EmbSysLib::Hw::Memory::erase()</a> from lib.o(.text._ZN9EmbSysLib2Hw6Memory5eraseEv) referenced from lib.o(.rodata._ZTVN9EmbSysLib2Hw6MemoryE)
 <LI><a href="#[81]">EmbSysLib::Hw::Memory::write(unsigned int, unsigned char)</a> from lib.o(.text._ZN9EmbSysLib2Hw6Memory5writeEjh) referenced from main.o(.rodata._ZTVN9EmbSysLib2Hw11MemoryImageE)
 <LI><a href="#[81]">EmbSysLib::Hw::Memory::write(unsigned int, unsigned char)</a> from lib.o(.text._ZN9EmbSysLib2Hw6Memory5writeEjh) referenced from lib.o(.rodata._ZTVN9EmbSysLib2Hw12Memory_FlashE)
 <LI><a href="#[81]">EmbSysLib::Hw::Memory::write(unsigned int, unsigned char)</a> from lib.o(.text._ZN9EmbSysLib2Hw6Memory5writeEjh) referenced from lib.o(.rodata._ZTVN9EmbSysLib2Hw6MemoryE)
 <LI><a href="#[c1]">EmbSysLib::Hw::Dsi_Mcu::writeShort(unsigned char, unsigned char)</a> from main.o(.text._ZN9EmbSysLib2Hw7Dsi_Mcu10writeShortEhh) referenced from main.o(.rodata._ZTVN9EmbSysLib2Hw7Dsi_McuE)
 <LI><a href="#[c2]">EmbSysLib::Hw::Dsi_Mcu::writeLong(unsigned char*, unsigned int)</a> from main.o(.text._ZN9EmbSysLib2Hw7Dsi_Mcu9writeLongEPhj) referenced from main.o(.rodata._ZTVN9EmbSysLib2Hw7Dsi_McuE)
 <LI><a href="#[c4]">EmbSysLib::Hw::Port_Mcu::setPinMode(unsigned char, EmbSysLib::Hw::Port::Mode)</a> from lib.o(.text._ZN9EmbSysLib2Hw8Port_Mcu10setPinModeEhNS0_4Port4ModeE) referenced from lib.o(.rodata._ZTVN9EmbSysLib2Hw8Port_McuE)
 <LI><a href="#[c7]">EmbSysLib::Hw::Port_Mcu::clr(unsigned int)</a> from lib.o(.text._ZN9EmbSysLib2Hw8Port_Mcu3clrEj) referenced from lib.o(.rodata._ZTVN9EmbSysLib2Hw8Port_McuE)
 <LI><a href="#[c8]">EmbSysLib::Hw::Port_Mcu::get()</a> from lib.o(.text._ZN9EmbSysLib2Hw8Port_Mcu3getEv) referenced from lib.o(.rodata._ZTVN9EmbSysLib2Hw8Port_McuE)
 <LI><a href="#[c5]">EmbSysLib::Hw::Port_Mcu::set(unsigned int)</a> from lib.o(.text._ZN9EmbSysLib2Hw8Port_Mcu3setEj) referenced from lib.o(.rodata._ZTVN9EmbSysLib2Hw8Port_McuE)
 <LI><a href="#[c6]">EmbSysLib::Hw::Port_Mcu::set(unsigned int, unsigned int)</a> from lib.o(.text._ZN9EmbSysLib2Hw8Port_Mcu3setEjj) referenced from lib.o(.rodata._ZTVN9EmbSysLib2Hw8Port_McuE)
 <LI><a href="#[c3]">EmbSysLib::Hw::Port_Mcu::setMode(unsigned int, EmbSysLib::Hw::Port::Mode)</a> from lib.o(.text._ZN9EmbSysLib2Hw8Port_Mcu7setModeEjNS0_4Port4ModeE) referenced from lib.o(.rodata._ZTVN9EmbSysLib2Hw8Port_McuE)
 <LI><a href="#[cb]">EmbSysLib::Hw::Uart_Mcu::setBaudrate(unsigned int)</a> from lib.o(.text._ZN9EmbSysLib2Hw8Uart_Mcu11setBaudrateEj) referenced from lib.o(.rodata._ZTVN9EmbSysLib2Hw8Uart_McuE)
 <LI><a href="#[ca]">EmbSysLib::Hw::Uart_Mcu::getByte()</a> from lib.o(.text._ZN9EmbSysLib2Hw8Uart_Mcu7getByteEv) referenced from lib.o(.rodata._ZTVN9EmbSysLib2Hw8Uart_McuE)
 <LI><a href="#[c9]">EmbSysLib::Hw::Uart_Mcu::setByte(unsigned char)</a> from lib.o(.text._ZN9EmbSysLib2Hw8Uart_Mcu7setByteEh) referenced from lib.o(.rodata._ZTVN9EmbSysLib2Hw8Uart_McuE)
 <LI><a href="#[93]">EmbSysLib::Hw::I2Cmaster::read(unsigned char, unsigned char*, unsigned char, unsigned char*, unsigned char)</a> from lib.o(.text._ZN9EmbSysLib2Hw9I2Cmaster4readEhPhhS2_h) referenced from lib.o(.rodata._ZTVN9EmbSysLib2Hw13I2Cmaster_McuE)
 <LI><a href="#[92]">EmbSysLib::Hw::I2Cmaster::write(unsigned char, unsigned char*, unsigned char, unsigned char*, unsigned char)</a> from lib.o(.text._ZN9EmbSysLib2Hw9I2Cmaster5writeEhPhhS2_h) referenced from lib.o(.rodata._ZTVN9EmbSysLib2Hw13I2Cmaster_McuE)
 <LI><a href="#[cc]">EmbSysLib::Hw::I2Cmaster::Device::isError()</a> from main.o(.text._ZN9EmbSysLib2Hw9I2Cmaster6Device7isErrorEv) referenced from main.o(.rodata._ZTVN9EmbSysLib2Hw9I2Cmaster6DeviceE)
 <LI><a href="#[d0]">EmbSysLib::Hw::Timer_Mcu::setPWM(unsigned char, unsigned short)</a> from lib.o(.text._ZN9EmbSysLib2Hw9Timer_Mcu6setPWMEht) referenced from lib.o(.rodata._ZTVN9EmbSysLib2Hw9Timer_McuE)
 <LI><a href="#[cf]">EmbSysLib::Hw::Timer_Mcu::enablePWM(unsigned char, EmbSysLib::Hw::Timer::Mode)</a> from lib.o(.text._ZN9EmbSysLib2Hw9Timer_Mcu9enablePWMEhNS0_5Timer4ModeE) referenced from lib.o(.rodata._ZTVN9EmbSysLib2Hw9Timer_McuE)
 <LI><a href="#[d2]">EmbSysLib::Dev::ScreenChar::clear()</a> from lib.o(.text._ZN9EmbSysLib3Dev10ScreenChar5clearEv) referenced from lib.o(.rodata._ZTVN9EmbSysLib3Dev10ScreenCharE)
 <LI><a href="#[d4]">EmbSysLib::Dev::ScreenChar::printf(unsigned char, unsigned char, char const*, ...)</a> from lib.o(.text._ZN9EmbSysLib3Dev10ScreenChar6printfEhhPKcz) referenced from lib.o(.rodata._ZTVN9EmbSysLib3Dev10ScreenCharE)
 <LI><a href="#[d3]">EmbSysLib::Dev::ScreenChar::refresh()</a> from lib.o(.text._ZN9EmbSysLib3Dev10ScreenChar7refreshEv) referenced from lib.o(.rodata._ZTVN9EmbSysLib3Dev10ScreenCharE)
 <LI><a href="#[d7]">EmbSysLib::Dev::TaskManager::getCycleTime()</a> from main.o(.text._ZN9EmbSysLib3Dev11TaskManager12getCycleTimeEv) referenced from main.o(.rodata._ZTVN9EmbSysLib3Dev11TaskManagerE)
 <LI><a href="#[d6]">EmbSysLib::Dev::TaskManager::add(EmbSysLib::Dev::TaskManager::Task*)</a> from main.o(.text._ZN9EmbSysLib3Dev11TaskManager3addEPNS1_4TaskE) referenced from main.o(.rodata._ZTVN9EmbSysLib3Dev11TaskManagerE)
 <LI><a href="#[d5]">EmbSysLib::Dev::TaskManager::update()</a> from main.o(.text._ZN9EmbSysLib3Dev11TaskManager6updateEv) referenced from main.o(.rodata._ZTVN9EmbSysLib3Dev11TaskManagerE)
 <LI><a href="#[d8]">EmbSysLib::Dev::TaskManager::getTics()</a> from main.o(.text._ZN9EmbSysLib3Dev11TaskManager7getTicsEv) referenced from main.o(.rodata._ZTVN9EmbSysLib3Dev11TaskManagerE)
 <LI><a href="#[e7]">EmbSysLib::Dev::ScreenGraphic::drawBitmap(unsigned short, unsigned short, EmbSysLib::Hw::Bitmap&)</a> from lib.o(.text._ZN9EmbSysLib3Dev13ScreenGraphic10drawBitmapEttRNS_2Hw6BitmapE) referenced from lib.o(.rodata._ZTVN9EmbSysLib3Dev13ScreenGraphicE)
 <LI><a href="#[e5]">EmbSysLib::Dev::ScreenGraphic::drawCircle(unsigned short, unsigned short, unsigned short, unsigned short)</a> from lib.o(.text._ZN9EmbSysLib3Dev13ScreenGraphic10drawCircleEtttt) referenced from lib.o(.rodata._ZTVN9EmbSysLib3Dev13ScreenGraphicE)
 <LI><a href="#[e4]">EmbSysLib::Dev::ScreenGraphic::drawCircle(unsigned short, unsigned short, unsigned short, unsigned short, unsigned short)</a> from lib.o(.text._ZN9EmbSysLib3Dev13ScreenGraphic10drawCircleEttttt) referenced from lib.o(.rodata._ZTVN9EmbSysLib3Dev13ScreenGraphicE)
 <LI><a href="#[de]">EmbSysLib::Dev::ScreenGraphic::setBackColor(unsigned short)</a> from lib.o(.text._ZN9EmbSysLib3Dev13ScreenGraphic12setBackColorEt) referenced from lib.o(.rodata._ZTVN9EmbSysLib3Dev13ScreenGraphicE)
 <LI><a href="#[df]">EmbSysLib::Dev::ScreenGraphic::setTextColor(unsigned short)</a> from lib.o(.text._ZN9EmbSysLib3Dev13ScreenGraphic12setTextColorEt) referenced from lib.o(.rodata._ZTVN9EmbSysLib3Dev13ScreenGraphicE)
 <LI><a href="#[e2]">EmbSysLib::Dev::ScreenGraphic::drawRectangle(unsigned short, unsigned short, unsigned short, unsigned short, unsigned short)</a> from lib.o(.text._ZN9EmbSysLib3Dev13ScreenGraphic13drawRectangleEttttt) referenced from lib.o(.rodata._ZTVN9EmbSysLib3Dev13ScreenGraphicE)
 <LI><a href="#[e3]">EmbSysLib::Dev::ScreenGraphic::drawRectangle(unsigned short, unsigned short, unsigned short, unsigned short, unsigned short, unsigned short)</a> from lib.o(.text._ZN9EmbSysLib3Dev13ScreenGraphic13drawRectangleEtttttt) referenced from lib.o(.rodata._ZTVN9EmbSysLib3Dev13ScreenGraphicE)
 <LI><a href="#[d9]">EmbSysLib::Dev::ScreenGraphic::clear()</a> from lib.o(.text._ZN9EmbSysLib3Dev13ScreenGraphic5clearEv) referenced from lib.o(.rodata._ZTVN9EmbSysLib3Dev13ScreenGraphicE)
 <LI><a href="#[db]">EmbSysLib::Dev::ScreenGraphic::printf(unsigned char, unsigned char, char const*, ...)</a> from lib.o(.text._ZN9EmbSysLib3Dev13ScreenGraphic6printfEhhPKcz) referenced from lib.o(.rodata._ZTVN9EmbSysLib3Dev13ScreenGraphicE)
 <LI><a href="#[da]">EmbSysLib::Dev::ScreenGraphic::refresh()</a> from lib.o(.text._ZN9EmbSysLib3Dev13ScreenGraphic7refreshEv) referenced from lib.o(.rodata._ZTVN9EmbSysLib3Dev13ScreenGraphicE)
 <LI><a href="#[dc]">EmbSysLib::Dev::ScreenGraphic::setFont(EmbSysLib::Hw::Font, unsigned char)</a> from lib.o(.text._ZN9EmbSysLib3Dev13ScreenGraphic7setFontENS_2Hw4FontEh) referenced from lib.o(.rodata._ZTVN9EmbSysLib3Dev13ScreenGraphicE)
 <LI><a href="#[dd]">EmbSysLib::Dev::ScreenGraphic::setZoom(unsigned char)</a> from lib.o(.text._ZN9EmbSysLib3Dev13ScreenGraphic7setZoomEh) referenced from lib.o(.rodata._ZTVN9EmbSysLib3Dev13ScreenGraphicE)
 <LI><a href="#[e6]">EmbSysLib::Dev::ScreenGraphic::drawLine(unsigned short, unsigned short, unsigned short, unsigned short, unsigned short, unsigned short)</a> from lib.o(.text._ZN9EmbSysLib3Dev13ScreenGraphic8drawLineEtttttt) referenced from lib.o(.rodata._ZTVN9EmbSysLib3Dev13ScreenGraphicE)
 <LI><a href="#[e0]">EmbSysLib::Dev::ScreenGraphic::drawText(unsigned short, unsigned short, char const*, ...)</a> from lib.o(.text._ZN9EmbSysLib3Dev13ScreenGraphic8drawTextEttPKcz) referenced from lib.o(.rodata._ZTVN9EmbSysLib3Dev13ScreenGraphicE)
 <LI><a href="#[e1]">EmbSysLib::Dev::ScreenGraphic::drawPixel(unsigned short, unsigned short, unsigned short)</a> from lib.o(.text._ZN9EmbSysLib3Dev13ScreenGraphic9drawPixelEttt) referenced from lib.o(.rodata._ZTVN9EmbSysLib3Dev13ScreenGraphicE)
 <LI><a href="#[eb]">EmbSysLib::Dev::Digital::clr()</a> from lib.o(.text._ZN9EmbSysLib3Dev7Digital3clrEv) referenced from lib.o(.rodata._ZTVN9EmbSysLib3Dev7DigitalE)
 <LI><a href="#[ed]">EmbSysLib::Dev::Digital::get()</a> from lib.o(.text._ZN9EmbSysLib3Dev7Digital3getEv) referenced from lib.o(.rodata._ZTVN9EmbSysLib3Dev7DigitalE)
 <LI><a href="#[e9]">EmbSysLib::Dev::Digital::set(bool)</a> from lib.o(.text._ZN9EmbSysLib3Dev7Digital3setEb) referenced from lib.o(.rodata._ZTVN9EmbSysLib3Dev7DigitalE)
 <LI><a href="#[ea]">EmbSysLib::Dev::Digital::set()</a> from lib.o(.text._ZN9EmbSysLib3Dev7Digital3setEv) referenced from lib.o(.rodata._ZTVN9EmbSysLib3Dev7DigitalE)
 <LI><a href="#[ec]">EmbSysLib::Dev::Digital::toggle()</a> from lib.o(.text._ZN9EmbSysLib3Dev7Digital6toggleEv) referenced from lib.o(.rodata._ZTVN9EmbSysLib3Dev7DigitalE)
 <LI><a href="#[e8]">EmbSysLib::Dev::Digital::setMode(EmbSysLib::Dev::Digital::Mode)</a> from lib.o(.text._ZN9EmbSysLib3Dev7Digital7setModeENS1_4ModeE) referenced from lib.o(.rodata._ZTVN9EmbSysLib3Dev7DigitalE)
 <LI><a href="#[ee]">EmbSysLib::Dev::Digital::getEvent()</a> from lib.o(.text._ZN9EmbSysLib3Dev7Digital8getEventEv) referenced from lib.o(.rodata._ZTVN9EmbSysLib3Dev7DigitalE)
 <LI><a href="#[f0]">EmbSysLib::Dev::Digital::operator=(EmbSysLib::Dev::Digital&)</a> from lib.o(.text._ZN9EmbSysLib3Dev7DigitalaSERS1_) referenced from lib.o(.rodata._ZTVN9EmbSysLib3Dev7DigitalE)
 <LI><a href="#[ef]">EmbSysLib::Dev::Digital::operator=(bool)</a> from lib.o(.text._ZN9EmbSysLib3Dev7DigitalaSEb) referenced from lib.o(.rodata._ZTVN9EmbSysLib3Dev7DigitalE)
 <LI><a href="#[f1]">EmbSysLib::Dev::Digital::operator bool()</a> from lib.o(.text._ZN9EmbSysLib3Dev7DigitalcvbEv) referenced from lib.o(.rodata._ZTVN9EmbSysLib3Dev7DigitalE)
 <LI><a href="#[f2]">EmbSysLib::Dev::Pointer::get()</a> from lib.o(.text._ZN9EmbSysLib3Dev7Pointer3getEv) referenced from lib.o(.rodata._ZTVN9EmbSysLib3Dev7PointerE)
 <LI><a href="#[f3]">EmbSysLib::Dev::Terminal::printf(char const*, ...)</a> from lib.o(.text._ZN9EmbSysLib3Dev8Terminal6printfEPKcz) referenced from lib.o(.rodata._ZTVN9EmbSysLib3Dev8TerminalE)
 <LI><a href="#[7c]">EmbSysLib::Std::Report::Handler::~Handler__sub_object()</a> from lib.o(.text._ZN9EmbSysLib3Std6Report7HandlerD2Ev) referenced 2 times from main.o(.text._GLOBAL__sub_I_main.cpp)
 <LI><a href="#[f4]">EmbSysLib::Ctrl::DigitalButton::update()</a> from lib.o(.text._ZN9EmbSysLib4Ctrl13DigitalButton6updateEv) referenced from lib.o(.rodata._ZTVN9EmbSysLib4Ctrl13DigitalButtonE)
 <LI><a href="#[f5]">EmbSysLib::Ctrl::DigitalEncoder::update()</a> from lib.o(.text._ZN9EmbSysLib4Ctrl14DigitalEncoder6updateEv) referenced from lib.o(.rodata._ZTVN9EmbSysLib4Ctrl14DigitalEncoderE)
 <LI><a href="#[f5]">EmbSysLib::Ctrl::DigitalEncoder::update()</a> from lib.o(.text._ZN9EmbSysLib4Ctrl14DigitalEncoder6updateEv) referenced from lib.o(.rodata._ZTVN9EmbSysLib4Ctrl22DigitalEncoderJoystickE)
 <LI><a href="#[f6]">EmbSysLib::Ctrl::DigitalEncoder::getCtrl()</a> from lib.o(.text._ZN9EmbSysLib4Ctrl14DigitalEncoder7getCtrlEv) referenced from lib.o(.rodata._ZTVN9EmbSysLib4Ctrl14DigitalEncoderE)
 <LI><a href="#[f6]">EmbSysLib::Ctrl::DigitalEncoder::getCtrl()</a> from lib.o(.text._ZN9EmbSysLib4Ctrl14DigitalEncoder7getCtrlEv) referenced from lib.o(.rodata._ZTVN9EmbSysLib4Ctrl22DigitalEncoderJoystickE)
 <LI><a href="#[f8]">EmbSysLib::Ctrl::DigitalIndicator::clr()</a> from lib.o(.text._ZN9EmbSysLib4Ctrl16DigitalIndicator3clrEv) referenced from lib.o(.rodata._ZTVN9EmbSysLib4Ctrl16DigitalIndicatorE)
 <LI><a href="#[f7]">EmbSysLib::Ctrl::DigitalIndicator::update()</a> from lib.o(.text._ZN9EmbSysLib4Ctrl16DigitalIndicator6updateEv) referenced from lib.o(.rodata._ZTVN9EmbSysLib4Ctrl16DigitalIndicatorE)
 <LI><a href="#[f9]">EmbSysLib::Ctrl::DigitalIndicator::trigger(unsigned short)</a> from lib.o(.text._ZN9EmbSysLib4Ctrl16DigitalIndicator7triggerEt) referenced from lib.o(.rodata._ZTVN9EmbSysLib4Ctrl16DigitalIndicatorE)
 <LI><a href="#[fa]">EmbSysLib::Ctrl::DigitalEncoderJoystick::getIncrement()</a> from lib.o(.text._ZN9EmbSysLib4Ctrl22DigitalEncoderJoystick12getIncrementEv) referenced from lib.o(.rodata._ZTVN9EmbSysLib4Ctrl22DigitalEncoderJoystickE)
 <LI><a href="#[84]">EmbSysLib::Hw::Memory::getSize() const</a> from lib.o(.text._ZNK9EmbSysLib2Hw6Memory7getSizeEv) referenced from main.o(.rodata._ZTVN9EmbSysLib2Hw11MemoryImageE)
 <LI><a href="#[84]">EmbSysLib::Hw::Memory::getSize() const</a> from lib.o(.text._ZNK9EmbSysLib2Hw6Memory7getSizeEv) referenced from lib.o(.rodata._ZTVN9EmbSysLib2Hw12Memory_FlashE)
 <LI><a href="#[84]">EmbSysLib::Hw::Memory::getSize() const</a> from lib.o(.text._ZNK9EmbSysLib2Hw6Memory7getSizeEv) referenced from lib.o(.rodata._ZTVN9EmbSysLib2Hw6MemoryE)
 <LI><a href="#[85]">EmbSysLib::Hw::Memory::isFlash() const</a> from lib.o(.text._ZNK9EmbSysLib2Hw6Memory7isFlashEv) referenced from main.o(.rodata._ZTVN9EmbSysLib2Hw11MemoryImageE)
 <LI><a href="#[85]">EmbSysLib::Hw::Memory::isFlash() const</a> from lib.o(.text._ZNK9EmbSysLib2Hw6Memory7isFlashEv) referenced from lib.o(.rodata._ZTVN9EmbSysLib2Hw12Memory_FlashE)
 <LI><a href="#[85]">EmbSysLib::Hw::Memory::isFlash() const</a> from lib.o(.text._ZNK9EmbSysLib2Hw6Memory7isFlashEv) referenced from lib.o(.rodata._ZTVN9EmbSysLib2Hw6MemoryE)
 <LI><a href="#[9b]">__cxa_pure_virtual</a> from cxa_virtual.cpp.o(.text.__cxa_pure_virtual) referenced 4 times from lib.o(.rodata._ZTVN9EmbSysLib2Hw14DisplayGraphicE)
 <LI><a href="#[9b]">__cxa_pure_virtual</a> from cxa_virtual.cpp.o(.text.__cxa_pure_virtual) referenced 4 times from main.o(.rodata._ZTVN9EmbSysLib2Hw23DisplayGraphic_OTM8009AE)
 <LI><a href="#[9b]">__cxa_pure_virtual</a> from cxa_virtual.cpp.o(.text.__cxa_pure_virtual) referenced 2 times from lib.o(.rodata._ZTVN9EmbSysLib2Hw4UartE)
 <LI><a href="#[9b]">__cxa_pure_virtual</a> from cxa_virtual.cpp.o(.text.__cxa_pure_virtual) referenced from lib.o(.rodata._ZTVN9EmbSysLib2Hw5TouchE)
 <LI><a href="#[9b]">__cxa_pure_virtual</a> from cxa_virtual.cpp.o(.text.__cxa_pure_virtual) referenced 5 times from lib.o(.rodata._ZTVN9EmbSysLib2Hw6MemoryE)
 <LI><a href="#[9b]">__cxa_pure_virtual</a> from cxa_virtual.cpp.o(.text.__cxa_pure_virtual) referenced from lib.o(.rodata._ZTVN9EmbSysLib3Std6Report7HandlerE)
 <LI><a href="#[9b]">__cxa_pure_virtual</a> from cxa_virtual.cpp.o(.text.__cxa_pure_virtual) referenced from lib.o(.rodata._ZTVN9EmbSysLib4Ctrl14DigitalEncoderE)
 <LI><a href="#[78]">__main</a> from __main.o(!!!main) referenced from startup.o(.text)
 <LI><a href="#[7b]">_get_lc_ctype</a> from lc_ctype_c.o(locale$$code) referenced from rt_ctype_table.o(.text)
 <LI><a href="#[7a]">_printf_input_char</a> from _printf_char_common.o(.text) referenced from _printf_char_common.o(.text)
 <LI><a href="#[79]">_snputc</a> from _snputc.o(.text) referenced from vsnprintf.o(.text)
</UL>
<P>
<H3>
Global Symbols
</H3>
<P><STRONG><a name="[78]"></a>__main</STRONG> (Thumb, 8 bytes, Stack size 0 bytes, __main.o(!!!main))
<BR><BR>[Calls]<UL><LI><a href="#[fd]">&gt;&gt;</a>&nbsp;&nbsp;&nbsp;__scatterload
<LI><a href="#[fe]">&gt;&gt;</a>&nbsp;&nbsp;&nbsp;__rt_entry
</UL>
<BR>[Address Reference Count : 1]<UL><LI> startup.o(.text)
</UL>
<P><STRONG><a name="[fd]"></a>__scatterload</STRONG> (Thumb, 0 bytes, Stack size unknown bytes, __scatter.o(!!!scatter))
<BR><BR>[Called By]<UL><LI><a href="#[78]">&gt;&gt;</a>&nbsp;&nbsp;&nbsp;__main
</UL>

<P><STRONG><a name="[ff]"></a>__scatterload_rt2</STRONG> (Thumb, 44 bytes, Stack size unknown bytes, __scatter.o(!!!scatter), UNUSED)
<BR><BR>[Calls]<UL><LI><a href="#[fe]">&gt;&gt;</a>&nbsp;&nbsp;&nbsp;__rt_entry
</UL>

<P><STRONG><a name="[1aa]"></a>__scatterload_rt2_thumb_only</STRONG> (Thumb, 0 bytes, Stack size unknown bytes, __scatter.o(!!!scatter), UNUSED)

<P><STRONG><a name="[1ab]"></a>__scatterload_null</STRONG> (Thumb, 0 bytes, Stack size unknown bytes, __scatter.o(!!!scatter), UNUSED)

<P><STRONG><a name="[100]"></a>__scatterload_copy</STRONG> (Thumb, 26 bytes, Stack size unknown bytes, __scatter_copy.o(!!handler_copy), UNUSED)
<BR><BR>[Calls]<UL><LI><a href="#[100]">&gt;&gt;</a>&nbsp;&nbsp;&nbsp;__scatterload_copy
</UL>
<BR>[Called By]<UL><LI><a href="#[100]">&gt;&gt;</a>&nbsp;&nbsp;&nbsp;__scatterload_copy
</UL>

<P><STRONG><a name="[1ac]"></a>__scatterload_zeroinit</STRONG> (Thumb, 28 bytes, Stack size unknown bytes, __scatter_zi.o(!!handler_zi), UNUSED)

<P><STRONG><a name="[101]"></a>_printf_n</STRONG> (Thumb, 0 bytes, Stack size unknown bytes, _printf_n.o(.ARM.Collect$$_printf_percent$$00000001))
<BR><BR>[Calls]<UL><LI><a href="#[102]">&gt;&gt;</a>&nbsp;&nbsp;&nbsp;_printf_charcount
</UL>

<P><STRONG><a name="[14f]"></a>_printf_percent</STRONG> (Thumb, 0 bytes, Stack size unknown bytes, _printf_percent.o(.ARM.Collect$$_printf_percent$$00000000))
<BR><BR>[Called By]<UL><LI><a href="#[148]">&gt;&gt;</a>&nbsp;&nbsp;&nbsp;__printf
</UL>

<P><STRONG><a name="[103]"></a>_printf_p</STRONG> (Thumb, 0 bytes, Stack size unknown bytes, _printf_p.o(.ARM.Collect$$_printf_percent$$00000002))
<BR><BR>[Stack]<UL><LI>Max Depth = 64 + Unknown Stack Size
<LI>Call Chain = _printf_p &rArr; _printf_hex_ptr &rArr; _printf_longlong_hex &rArr; _printf_int_common &rArr; _printf_post_padding
</UL>
<BR>[Calls]<UL><LI><a href="#[104]">&gt;&gt;</a>&nbsp;&nbsp;&nbsp;_printf_hex_ptr
</UL>

<P><STRONG><a name="[105]"></a>_printf_f</STRONG> (Thumb, 0 bytes, Stack size unknown bytes, _printf_f.o(.ARM.Collect$$_printf_percent$$00000003))
<BR><BR>[Stack]<UL><LI>Max Depth = 324 + Unknown Stack Size
<LI>Call Chain = _printf_f &rArr; _printf_fp_dec &rArr; _printf_fp_dec_real &rArr; _fp_digits &rArr; _btod_etento &rArr; _btod_emul &rArr; _e2e
</UL>
<BR>[Calls]<UL><LI><a href="#[106]">&gt;&gt;</a>&nbsp;&nbsp;&nbsp;_printf_fp_dec
</UL>

<P><STRONG><a name="[107]"></a>_printf_e</STRONG> (Thumb, 0 bytes, Stack size unknown bytes, _printf_e.o(.ARM.Collect$$_printf_percent$$00000004))
<BR><BR>[Stack]<UL><LI>Max Depth = 324 + Unknown Stack Size
<LI>Call Chain = _printf_e &rArr; _printf_fp_dec &rArr; _printf_fp_dec_real &rArr; _fp_digits &rArr; _btod_etento &rArr; _btod_emul &rArr; _e2e
</UL>
<BR>[Calls]<UL><LI><a href="#[106]">&gt;&gt;</a>&nbsp;&nbsp;&nbsp;_printf_fp_dec
</UL>

<P><STRONG><a name="[108]"></a>_printf_g</STRONG> (Thumb, 0 bytes, Stack size unknown bytes, _printf_g.o(.ARM.Collect$$_printf_percent$$00000005))
<BR><BR>[Stack]<UL><LI>Max Depth = 324 + Unknown Stack Size
<LI>Call Chain = _printf_g &rArr; _printf_fp_dec &rArr; _printf_fp_dec_real &rArr; _fp_digits &rArr; _btod_etento &rArr; _btod_emul &rArr; _e2e
</UL>
<BR>[Calls]<UL><LI><a href="#[106]">&gt;&gt;</a>&nbsp;&nbsp;&nbsp;_printf_fp_dec
</UL>

<P><STRONG><a name="[109]"></a>_printf_a</STRONG> (Thumb, 0 bytes, Stack size unknown bytes, _printf_a.o(.ARM.Collect$$_printf_percent$$00000006))
<BR><BR>[Stack]<UL><LI>Max Depth = 112 + Unknown Stack Size
<LI>Call Chain = _printf_a &rArr; _printf_fp_hex &rArr; _printf_fp_hex_real &rArr; _printf_fp_infnan &rArr; _printf_post_padding
</UL>
<BR>[Calls]<UL><LI><a href="#[10a]">&gt;&gt;</a>&nbsp;&nbsp;&nbsp;_printf_fp_hex
</UL>

<P><STRONG><a name="[1ad]"></a>_printf_ll</STRONG> (Thumb, 0 bytes, Stack size unknown bytes, _printf_ll.o(.ARM.Collect$$_printf_percent$$00000007))

<P><STRONG><a name="[10b]"></a>_printf_i</STRONG> (Thumb, 0 bytes, Stack size unknown bytes, _printf_i.o(.ARM.Collect$$_printf_percent$$00000008))
<BR><BR>[Stack]<UL><LI>Max Depth = 72 + Unknown Stack Size
<LI>Call Chain = _printf_i &rArr; _printf_int_dec &rArr; _printf_int_common &rArr; _printf_post_padding
</UL>
<BR>[Calls]<UL><LI><a href="#[10c]">&gt;&gt;</a>&nbsp;&nbsp;&nbsp;_printf_int_dec
</UL>

<P><STRONG><a name="[10d]"></a>_printf_d</STRONG> (Thumb, 0 bytes, Stack size unknown bytes, _printf_d.o(.ARM.Collect$$_printf_percent$$00000009))
<BR><BR>[Stack]<UL><LI>Max Depth = 72 + Unknown Stack Size
<LI>Call Chain = _printf_d &rArr; _printf_int_dec &rArr; _printf_int_common &rArr; _printf_post_padding
</UL>
<BR>[Calls]<UL><LI><a href="#[10c]">&gt;&gt;</a>&nbsp;&nbsp;&nbsp;_printf_int_dec
</UL>

<P><STRONG><a name="[10e]"></a>_printf_u</STRONG> (Thumb, 0 bytes, Stack size unknown bytes, _printf_u.o(.ARM.Collect$$_printf_percent$$0000000A))
<BR><BR>[Stack]<UL><LI>Max Depth = 72 + Unknown Stack Size
<LI>Call Chain = _printf_u &rArr; _printf_int_dec &rArr; _printf_int_common &rArr; _printf_post_padding
</UL>
<BR>[Calls]<UL><LI><a href="#[10c]">&gt;&gt;</a>&nbsp;&nbsp;&nbsp;_printf_int_dec
</UL>

<P><STRONG><a name="[10f]"></a>_printf_o</STRONG> (Thumb, 0 bytes, Stack size unknown bytes, _printf_o.o(.ARM.Collect$$_printf_percent$$0000000B))
<BR><BR>[Stack]<UL><LI>Max Depth = 64 + Unknown Stack Size
<LI>Call Chain = _printf_o &rArr; _printf_int_oct &rArr; _printf_longlong_oct &rArr; _printf_int_common &rArr; _printf_post_padding
</UL>
<BR>[Calls]<UL><LI><a href="#[110]">&gt;&gt;</a>&nbsp;&nbsp;&nbsp;_printf_int_oct
</UL>

<P><STRONG><a name="[111]"></a>_printf_x</STRONG> (Thumb, 0 bytes, Stack size unknown bytes, _printf_x.o(.ARM.Collect$$_printf_percent$$0000000C))
<BR><BR>[Stack]<UL><LI>Max Depth = 80 + Unknown Stack Size
<LI>Call Chain = _printf_x &rArr; _printf_int_hex &rArr; _printf_longlong_hex &rArr; _printf_int_common &rArr; _printf_post_padding
</UL>
<BR>[Calls]<UL><LI><a href="#[112]">&gt;&gt;</a>&nbsp;&nbsp;&nbsp;_printf_int_hex
</UL>

<P><STRONG><a name="[113]"></a>_printf_lli</STRONG> (Thumb, 0 bytes, Stack size unknown bytes, _printf_lli.o(.ARM.Collect$$_printf_percent$$0000000D))
<BR><BR>[Stack]<UL><LI>Max Depth = 72 + Unknown Stack Size
<LI>Call Chain = _printf_lli &rArr; _printf_longlong_dec &rArr; _printf_int_common &rArr; _printf_post_padding
</UL>
<BR>[Calls]<UL><LI><a href="#[114]">&gt;&gt;</a>&nbsp;&nbsp;&nbsp;_printf_longlong_dec
</UL>

<P><STRONG><a name="[115]"></a>_printf_lld</STRONG> (Thumb, 0 bytes, Stack size unknown bytes, _printf_lld.o(.ARM.Collect$$_printf_percent$$0000000E))
<BR><BR>[Stack]<UL><LI>Max Depth = 72 + Unknown Stack Size
<LI>Call Chain = _printf_lld &rArr; _printf_longlong_dec &rArr; _printf_int_common &rArr; _printf_post_padding
</UL>
<BR>[Calls]<UL><LI><a href="#[114]">&gt;&gt;</a>&nbsp;&nbsp;&nbsp;_printf_longlong_dec
</UL>

<P><STRONG><a name="[116]"></a>_printf_llu</STRONG> (Thumb, 0 bytes, Stack size unknown bytes, _printf_llu.o(.ARM.Collect$$_printf_percent$$0000000F))
<BR><BR>[Stack]<UL><LI>Max Depth = 72 + Unknown Stack Size
<LI>Call Chain = _printf_llu &rArr; _printf_longlong_dec &rArr; _printf_int_common &rArr; _printf_post_padding
</UL>
<BR>[Calls]<UL><LI><a href="#[114]">&gt;&gt;</a>&nbsp;&nbsp;&nbsp;_printf_longlong_dec
</UL>

<P><STRONG><a name="[117]"></a>_printf_llo</STRONG> (Thumb, 0 bytes, Stack size unknown bytes, _printf_llo.o(.ARM.Collect$$_printf_percent$$00000010))
<BR><BR>[Stack]<UL><LI>Max Depth = 56 + Unknown Stack Size
<LI>Call Chain = _printf_llo &rArr; _printf_ll_oct &rArr; _printf_longlong_oct &rArr; _printf_int_common &rArr; _printf_post_padding
</UL>
<BR>[Calls]<UL><LI><a href="#[118]">&gt;&gt;</a>&nbsp;&nbsp;&nbsp;_printf_ll_oct
</UL>

<P><STRONG><a name="[119]"></a>_printf_llx</STRONG> (Thumb, 0 bytes, Stack size unknown bytes, _printf_llx.o(.ARM.Collect$$_printf_percent$$00000011))
<BR><BR>[Stack]<UL><LI>Max Depth = 64 + Unknown Stack Size
<LI>Call Chain = _printf_llx &rArr; _printf_ll_hex &rArr; _printf_longlong_hex &rArr; _printf_int_common &rArr; _printf_post_padding
</UL>
<BR>[Calls]<UL><LI><a href="#[11a]">&gt;&gt;</a>&nbsp;&nbsp;&nbsp;_printf_ll_hex
</UL>

<P><STRONG><a name="[1ae]"></a>_printf_l</STRONG> (Thumb, 0 bytes, Stack size unknown bytes, _printf_l.o(.ARM.Collect$$_printf_percent$$00000012))

<P><STRONG><a name="[11b]"></a>_printf_c</STRONG> (Thumb, 0 bytes, Stack size unknown bytes, _printf_c.o(.ARM.Collect$$_printf_percent$$00000013))
<BR><BR>[Stack]<UL><LI>Max Depth = 40 + Unknown Stack Size
<LI>Call Chain = _printf_c &rArr; _printf_char &rArr; _printf_cs_common &rArr; _printf_str &rArr; _printf_post_padding
</UL>
<BR>[Calls]<UL><LI><a href="#[11c]">&gt;&gt;</a>&nbsp;&nbsp;&nbsp;_printf_char
</UL>

<P><STRONG><a name="[11d]"></a>_printf_s</STRONG> (Thumb, 0 bytes, Stack size unknown bytes, _printf_s.o(.ARM.Collect$$_printf_percent$$00000014))
<BR><BR>[Stack]<UL><LI>Max Depth = 40 + Unknown Stack Size
<LI>Call Chain = _printf_s &rArr; _printf_string &rArr; _printf_cs_common &rArr; _printf_str &rArr; _printf_post_padding
</UL>
<BR>[Calls]<UL><LI><a href="#[11e]">&gt;&gt;</a>&nbsp;&nbsp;&nbsp;_printf_string
</UL>

<P><STRONG><a name="[11f]"></a>_printf_lc</STRONG> (Thumb, 0 bytes, Stack size unknown bytes, _printf_lc.o(.ARM.Collect$$_printf_percent$$00000015))
<BR><BR>[Stack]<UL><LI>Max Depth = 88 + Unknown Stack Size
<LI>Call Chain = _printf_lc &rArr; _printf_wchar &rArr; _printf_lcs_common &rArr; _printf_wctomb &rArr; _wcrtomb
</UL>
<BR>[Calls]<UL><LI><a href="#[120]">&gt;&gt;</a>&nbsp;&nbsp;&nbsp;_printf_wchar
</UL>

<P><STRONG><a name="[121]"></a>_printf_ls</STRONG> (Thumb, 0 bytes, Stack size unknown bytes, _printf_ls.o(.ARM.Collect$$_printf_percent$$00000016))
<BR><BR>[Stack]<UL><LI>Max Depth = 88 + Unknown Stack Size
<LI>Call Chain = _printf_ls &rArr; _printf_wstring &rArr; _printf_lcs_common &rArr; _printf_wctomb &rArr; _wcrtomb
</UL>
<BR>[Calls]<UL><LI><a href="#[122]">&gt;&gt;</a>&nbsp;&nbsp;&nbsp;_printf_wstring
</UL>

<P><STRONG><a name="[1af]"></a>_printf_percent_end</STRONG> (Thumb, 0 bytes, Stack size unknown bytes, _printf_percent_end.o(.ARM.Collect$$_printf_percent$$00000017))

<P><STRONG><a name="[132]"></a>__rt_lib_init</STRONG> (Thumb, 0 bytes, Stack size unknown bytes, libinit.o(.ARM.Collect$$libinit$$00000000))
<BR><BR>[Called By]<UL><LI><a href="#[131]">&gt;&gt;</a>&nbsp;&nbsp;&nbsp;__rt_entry_li
</UL>

<P><STRONG><a name="[123]"></a>__rt_lib_init_fp_1</STRONG> (Thumb, 0 bytes, Stack size unknown bytes, libinit2.o(.ARM.Collect$$libinit$$00000001))
<BR><BR>[Calls]<UL><LI><a href="#[124]">&gt;&gt;</a>&nbsp;&nbsp;&nbsp;_fp_init
</UL>

<P><STRONG><a name="[125]"></a>__rt_lib_init_heap_2</STRONG> (Thumb, 0 bytes, Stack size unknown bytes, libinit2.o(.ARM.Collect$$libinit$$00000007))
<BR><BR>[Stack]<UL><LI>Max Depth = 64 + Unknown Stack Size
<LI>Call Chain = __rt_lib_init_heap_2 &rArr; _init_alloc &rArr; __rt_SIGRTMEM &rArr; __rt_SIGRTMEM_inner &rArr; __default_signal_display &rArr; _ttywrch
</UL>
<BR>[Calls]<UL><LI><a href="#[126]">&gt;&gt;</a>&nbsp;&nbsp;&nbsp;_init_alloc
</UL>

<P><STRONG><a name="[1b0]"></a>__rt_lib_init_preinit_1</STRONG> (Thumb, 0 bytes, Stack size unknown bytes, libinit2.o(.ARM.Collect$$libinit$$00000006))

<P><STRONG><a name="[1b1]"></a>__rt_lib_init_relocate_pie_1</STRONG> (Thumb, 0 bytes, Stack size unknown bytes, libinit2.o(.ARM.Collect$$libinit$$00000004))

<P><STRONG><a name="[1b2]"></a>__rt_lib_init_heap_1</STRONG> (Thumb, 0 bytes, Stack size unknown bytes, libinit2.o(.ARM.Collect$$libinit$$0000000C))

<P><STRONG><a name="[127]"></a>__rt_lib_init_lc_common</STRONG> (Thumb, 0 bytes, Stack size unknown bytes, libinit2.o(.ARM.Collect$$libinit$$00000011))
<BR><BR>[Calls]<UL><LI><a href="#[128]">&gt;&gt;</a>&nbsp;&nbsp;&nbsp;__rt_locale
</UL>

<P><STRONG><a name="[1b3]"></a>__rt_lib_init_rand_1</STRONG> (Thumb, 0 bytes, Stack size unknown bytes, libinit2.o(.ARM.Collect$$libinit$$00000010))

<P><STRONG><a name="[1b4]"></a>__rt_lib_init_user_alloc_1</STRONG> (Thumb, 0 bytes, Stack size unknown bytes, libinit2.o(.ARM.Collect$$libinit$$0000000E))

<P><STRONG><a name="[1b5]"></a>__rt_lib_init_lc_collate_1</STRONG> (Thumb, 0 bytes, Stack size unknown bytes, libinit2.o(.ARM.Collect$$libinit$$00000013))

<P><STRONG><a name="[129]"></a>__rt_lib_init_lc_ctype_2</STRONG> (Thumb, 0 bytes, Stack size unknown bytes, libinit2.o(.ARM.Collect$$libinit$$00000014))
<BR><BR>[Stack]<UL><LI>Max Depth = 16 + Unknown Stack Size
<LI>Call Chain = __rt_lib_init_lc_ctype_2 &rArr; _get_lc_ctype &rArr; strcmp
</UL>
<BR>[Calls]<UL><LI><a href="#[7b]">&gt;&gt;</a>&nbsp;&nbsp;&nbsp;_get_lc_ctype
</UL>

<P><STRONG><a name="[1b6]"></a>__rt_lib_init_lc_ctype_1</STRONG> (Thumb, 0 bytes, Stack size unknown bytes, libinit2.o(.ARM.Collect$$libinit$$00000015))

<P><STRONG><a name="[1b7]"></a>__rt_lib_init_lc_monetary_1</STRONG> (Thumb, 0 bytes, Stack size unknown bytes, libinit2.o(.ARM.Collect$$libinit$$00000017))

<P><STRONG><a name="[12a]"></a>__rt_lib_init_lc_numeric_2</STRONG> (Thumb, 0 bytes, Stack size unknown bytes, libinit2.o(.ARM.Collect$$libinit$$00000018))
<BR><BR>[Stack]<UL><LI>Max Depth = 16 + Unknown Stack Size
<LI>Call Chain = __rt_lib_init_lc_numeric_2 &rArr; _get_lc_numeric &rArr; strcmp
</UL>
<BR>[Calls]<UL><LI><a href="#[12b]">&gt;&gt;</a>&nbsp;&nbsp;&nbsp;_get_lc_numeric
</UL>

<P><STRONG><a name="[1b8]"></a>__rt_lib_init_alloca_1</STRONG> (Thumb, 0 bytes, Stack size unknown bytes, libinit2.o(.ARM.Collect$$libinit$$00000030))

<P><STRONG><a name="[1b9]"></a>__rt_lib_init_argv_1</STRONG> (Thumb, 0 bytes, Stack size unknown bytes, libinit2.o(.ARM.Collect$$libinit$$0000002E))

<P><STRONG><a name="[1ba]"></a>__rt_lib_init_atexit_1</STRONG> (Thumb, 0 bytes, Stack size unknown bytes, libinit2.o(.ARM.Collect$$libinit$$0000001D))

<P><STRONG><a name="[1bb]"></a>__rt_lib_init_clock_1</STRONG> (Thumb, 0 bytes, Stack size unknown bytes, libinit2.o(.ARM.Collect$$libinit$$00000023))

<P><STRONG><a name="[12c]"></a>__rt_lib_init_cpp_2</STRONG> (Thumb, 0 bytes, Stack size unknown bytes, libinit2.o(.ARM.Collect$$libinit$$00000033))
<BR><BR>[Stack]<UL><LI>Max Depth = 16 + Unknown Stack Size
<LI>Call Chain = __rt_lib_init_cpp_2 &rArr; __cpp_initialize__aeabi_
</UL>
<BR>[Calls]<UL><LI><a href="#[fc]">&gt;&gt;</a>&nbsp;&nbsp;&nbsp;__cpp_initialize__aeabi_
</UL>

<P><STRONG><a name="[1bc]"></a>__rt_lib_init_exceptions_1</STRONG> (Thumb, 0 bytes, Stack size unknown bytes, libinit2.o(.ARM.Collect$$libinit$$00000032))

<P><STRONG><a name="[1bd]"></a>__rt_lib_init_fp_trap_1</STRONG> (Thumb, 0 bytes, Stack size unknown bytes, libinit2.o(.ARM.Collect$$libinit$$00000021))

<P><STRONG><a name="[1be]"></a>__rt_lib_init_getenv_1</STRONG> (Thumb, 0 bytes, Stack size unknown bytes, libinit2.o(.ARM.Collect$$libinit$$00000025))

<P><STRONG><a name="[1bf]"></a>__rt_lib_init_lc_numeric_1</STRONG> (Thumb, 0 bytes, Stack size unknown bytes, libinit2.o(.ARM.Collect$$libinit$$00000019))

<P><STRONG><a name="[1c0]"></a>__rt_lib_init_lc_time_1</STRONG> (Thumb, 0 bytes, Stack size unknown bytes, libinit2.o(.ARM.Collect$$libinit$$0000001B))

<P><STRONG><a name="[1c1]"></a>__rt_lib_init_signal_1</STRONG> (Thumb, 0 bytes, Stack size unknown bytes, libinit2.o(.ARM.Collect$$libinit$$0000001F))

<P><STRONG><a name="[1c2]"></a>__rt_lib_init_stdio_1</STRONG> (Thumb, 0 bytes, Stack size unknown bytes, libinit2.o(.ARM.Collect$$libinit$$00000027))

<P><STRONG><a name="[1c3]"></a>__rt_lib_init_cpp_1</STRONG> (Thumb, 0 bytes, Stack size unknown bytes, libinit2.o(.ARM.Collect$$libinit$$00000034))

<P><STRONG><a name="[1c4]"></a>__rt_lib_init_return</STRONG> (Thumb, 0 bytes, Stack size unknown bytes, libinit2.o(.ARM.Collect$$libinit$$00000035))

<P><STRONG><a name="[137]"></a>__rt_lib_shutdown</STRONG> (Thumb, 0 bytes, Stack size unknown bytes, libshutdown.o(.ARM.Collect$$libshutdown$$00000000))
<BR><BR>[Called By]<UL><LI><a href="#[136]">&gt;&gt;</a>&nbsp;&nbsp;&nbsp;__rt_exit_ls
<LI><a href="#[150]">&gt;&gt;</a>&nbsp;&nbsp;&nbsp;abort
</UL>

<P><STRONG><a name="[12d]"></a>__rt_lib_shutdown_cpp_2</STRONG> (Thumb, 0 bytes, Stack size unknown bytes, libshutdown2.o(.ARM.Collect$$libshutdown$$00000001))
<BR><BR>[Stack]<UL><LI>Max Depth = 40 + Unknown Stack Size
<LI>Call Chain = __rt_lib_shutdown_cpp_2 &rArr; __cxa_finalize &rArr; free
</UL>
<BR>[Calls]<UL><LI><a href="#[12e]">&gt;&gt;</a>&nbsp;&nbsp;&nbsp;__cxa_finalize
</UL>

<P><STRONG><a name="[1c5]"></a>__rt_lib_shutdown_cpp_1</STRONG> (Thumb, 0 bytes, Stack size unknown bytes, libshutdown2.o(.ARM.Collect$$libshutdown$$00000002))

<P><STRONG><a name="[1c6]"></a>__rt_lib_shutdown_fp_trap_1</STRONG> (Thumb, 0 bytes, Stack size unknown bytes, libshutdown2.o(.ARM.Collect$$libshutdown$$00000007))

<P><STRONG><a name="[1c7]"></a>__rt_lib_shutdown_heap_1</STRONG> (Thumb, 0 bytes, Stack size unknown bytes, libshutdown2.o(.ARM.Collect$$libshutdown$$0000000F))

<P><STRONG><a name="[1c8]"></a>__rt_lib_shutdown_return</STRONG> (Thumb, 0 bytes, Stack size unknown bytes, libshutdown2.o(.ARM.Collect$$libshutdown$$00000010))

<P><STRONG><a name="[1c9]"></a>__rt_lib_shutdown_signal_1</STRONG> (Thumb, 0 bytes, Stack size unknown bytes, libshutdown2.o(.ARM.Collect$$libshutdown$$0000000A))

<P><STRONG><a name="[1ca]"></a>__rt_lib_shutdown_stdio_1</STRONG> (Thumb, 0 bytes, Stack size unknown bytes, libshutdown2.o(.ARM.Collect$$libshutdown$$00000004))

<P><STRONG><a name="[1cb]"></a>__rt_lib_shutdown_user_alloc_1</STRONG> (Thumb, 0 bytes, Stack size unknown bytes, libshutdown2.o(.ARM.Collect$$libshutdown$$0000000C))

<P><STRONG><a name="[fe]"></a>__rt_entry</STRONG> (Thumb, 0 bytes, Stack size unknown bytes, __rtentry.o(.ARM.Collect$$rtentry$$00000000))
<BR><BR>[Called By]<UL><LI><a href="#[ff]">&gt;&gt;</a>&nbsp;&nbsp;&nbsp;__scatterload_rt2
<LI><a href="#[78]">&gt;&gt;</a>&nbsp;&nbsp;&nbsp;__main
</UL>

<P><STRONG><a name="[1cc]"></a>__rt_entry_presh_1</STRONG> (Thumb, 0 bytes, Stack size unknown bytes, __rtentry2.o(.ARM.Collect$$rtentry$$00000002))

<P><STRONG><a name="[12f]"></a>__rt_entry_sh</STRONG> (Thumb, 0 bytes, Stack size unknown bytes, __rtentry4.o(.ARM.Collect$$rtentry$$00000004))
<BR><BR>[Stack]<UL><LI>Max Depth = 8 + Unknown Stack Size
<LI>Call Chain = __rt_entry_sh &rArr; __user_setup_stackheap
</UL>
<BR>[Calls]<UL><LI><a href="#[130]">&gt;&gt;</a>&nbsp;&nbsp;&nbsp;__user_setup_stackheap
</UL>

<P><STRONG><a name="[131]"></a>__rt_entry_li</STRONG> (Thumb, 0 bytes, Stack size unknown bytes, __rtentry2.o(.ARM.Collect$$rtentry$$0000000A))
<BR><BR>[Calls]<UL><LI><a href="#[132]">&gt;&gt;</a>&nbsp;&nbsp;&nbsp;__rt_lib_init
</UL>

<P><STRONG><a name="[1cd]"></a>__rt_entry_postsh_1</STRONG> (Thumb, 0 bytes, Stack size unknown bytes, __rtentry2.o(.ARM.Collect$$rtentry$$00000009))

<P><STRONG><a name="[133]"></a>__rt_entry_main</STRONG> (Thumb, 0 bytes, Stack size unknown bytes, __rtentry2.o(.ARM.Collect$$rtentry$$0000000D))
<BR><BR>[Stack]<UL><LI>Max Depth = 168 + Unknown Stack Size
<LI>Call Chain = __rt_entry_main &rArr; main &rArr; EmbSysLib::Dev::ScreenGraphic::drawText(unsigned short, unsigned short, char const*, ...) &rArr; vsnprintf &rArr; _printf_char_common &rArr; __printf
</UL>
<BR>[Calls]<UL><LI><a href="#[134]">&gt;&gt;</a>&nbsp;&nbsp;&nbsp;main
<LI><a href="#[135]">&gt;&gt;</a>&nbsp;&nbsp;&nbsp;exit
</UL>

<P><STRONG><a name="[1ce]"></a>__rt_entry_postli_1</STRONG> (Thumb, 0 bytes, Stack size unknown bytes, __rtentry2.o(.ARM.Collect$$rtentry$$0000000C))

<P><STRONG><a name="[168]"></a>__rt_exit</STRONG> (Thumb, 0 bytes, Stack size unknown bytes, rtexit.o(.ARM.Collect$$rtexit$$00000000))
<BR><BR>[Called By]<UL><LI><a href="#[135]">&gt;&gt;</a>&nbsp;&nbsp;&nbsp;exit
</UL>

<P><STRONG><a name="[136]"></a>__rt_exit_ls</STRONG> (Thumb, 0 bytes, Stack size unknown bytes, rtexit2.o(.ARM.Collect$$rtexit$$00000003))
<BR><BR>[Calls]<UL><LI><a href="#[137]">&gt;&gt;</a>&nbsp;&nbsp;&nbsp;__rt_lib_shutdown
</UL>

<P><STRONG><a name="[1cf]"></a>__rt_exit_prels_1</STRONG> (Thumb, 0 bytes, Stack size unknown bytes, rtexit2.o(.ARM.Collect$$rtexit$$00000002))

<P><STRONG><a name="[138]"></a>__rt_exit_exit</STRONG> (Thumb, 0 bytes, Stack size unknown bytes, rtexit2.o(.ARM.Collect$$rtexit$$00000004))
<BR><BR>[Calls]<UL><LI><a href="#[139]">&gt;&gt;</a>&nbsp;&nbsp;&nbsp;_sys_exit
</UL>

<P><STRONG><a name="[0]"></a>Reset_Handler</STRONG> (Thumb, 8 bytes, Stack size 0 bytes, startup.o(.text))
<BR>[Address Reference Count : 1]<UL><LI> startup.o(RESET)
</UL>
<P><STRONG><a name="[1]"></a>NMI_Handler</STRONG> (Thumb, 2 bytes, Stack size 0 bytes, startup.o(.text))
<BR><BR>[Calls]<UL><LI><a href="#[1]">&gt;&gt;</a>&nbsp;&nbsp;&nbsp;NMI_Handler
</UL>
<BR>[Called By]<UL><LI><a href="#[1]">&gt;&gt;</a>&nbsp;&nbsp;&nbsp;NMI_Handler
</UL>
<BR>[Address Reference Count : 1]<UL><LI> startup.o(RESET)
</UL>
<P><STRONG><a name="[2]"></a>HardFault_Handler</STRONG> (Thumb, 2 bytes, Stack size 0 bytes, startup.o(.text))
<BR><BR>[Calls]<UL><LI><a href="#[2]">&gt;&gt;</a>&nbsp;&nbsp;&nbsp;HardFault_Handler
</UL>
<BR>[Called By]<UL><LI><a href="#[2]">&gt;&gt;</a>&nbsp;&nbsp;&nbsp;HardFault_Handler
</UL>
<BR>[Address Reference Count : 1]<UL><LI> startup.o(RESET)
</UL>
<P><STRONG><a name="[3]"></a>MemManage_Handler</STRONG> (Thumb, 2 bytes, Stack size 0 bytes, startup.o(.text))
<BR><BR>[Calls]<UL><LI><a href="#[3]">&gt;&gt;</a>&nbsp;&nbsp;&nbsp;MemManage_Handler
</UL>
<BR>[Called By]<UL><LI><a href="#[3]">&gt;&gt;</a>&nbsp;&nbsp;&nbsp;MemManage_Handler
</UL>
<BR>[Address Reference Count : 1]<UL><LI> startup.o(RESET)
</UL>
<P><STRONG><a name="[4]"></a>BusFault_Handler</STRONG> (Thumb, 2 bytes, Stack size 0 bytes, startup.o(.text))
<BR><BR>[Calls]<UL><LI><a href="#[4]">&gt;&gt;</a>&nbsp;&nbsp;&nbsp;BusFault_Handler
</UL>
<BR>[Called By]<UL><LI><a href="#[4]">&gt;&gt;</a>&nbsp;&nbsp;&nbsp;BusFault_Handler
</UL>
<BR>[Address Reference Count : 1]<UL><LI> startup.o(RESET)
</UL>
<P><STRONG><a name="[5]"></a>UsageFault_Handler</STRONG> (Thumb, 2 bytes, Stack size 0 bytes, startup.o(.text))
<BR><BR>[Calls]<UL><LI><a href="#[5]">&gt;&gt;</a>&nbsp;&nbsp;&nbsp;UsageFault_Handler
</UL>
<BR>[Called By]<UL><LI><a href="#[5]">&gt;&gt;</a>&nbsp;&nbsp;&nbsp;UsageFault_Handler
</UL>
<BR>[Address Reference Count : 1]<UL><LI> startup.o(RESET)
</UL>
<P><STRONG><a name="[6]"></a>SVC_Handler</STRONG> (Thumb, 2 bytes, Stack size 0 bytes, startup.o(.text))
<BR><BR>[Calls]<UL><LI><a href="#[6]">&gt;&gt;</a>&nbsp;&nbsp;&nbsp;SVC_Handler
</UL>
<BR>[Called By]<UL><LI><a href="#[6]">&gt;&gt;</a>&nbsp;&nbsp;&nbsp;SVC_Handler
</UL>
<BR>[Address Reference Count : 1]<UL><LI> startup.o(RESET)
</UL>
<P><STRONG><a name="[7]"></a>DebugMon_Handler</STRONG> (Thumb, 2 bytes, Stack size 0 bytes, startup.o(.text))
<BR><BR>[Calls]<UL><LI><a href="#[7]">&gt;&gt;</a>&nbsp;&nbsp;&nbsp;DebugMon_Handler
</UL>
<BR>[Called By]<UL><LI><a href="#[7]">&gt;&gt;</a>&nbsp;&nbsp;&nbsp;DebugMon_Handler
</UL>
<BR>[Address Reference Count : 1]<UL><LI> startup.o(RESET)
</UL>
<P><STRONG><a name="[1e]"></a>CAN1_RX0_IRQHandler</STRONG> (Thumb, 0 bytes, Stack size 0 bytes, startup.o(.text))
<BR><BR>[Calls]<UL><LI><a href="#[1e]">&gt;&gt;</a>&nbsp;&nbsp;&nbsp;CAN1_RX0_IRQHandler
</UL>
<BR>[Called By]<UL><LI><a href="#[1e]">&gt;&gt;</a>&nbsp;&nbsp;&nbsp;CAN1_RX0_IRQHandler
</UL>
<BR>[Address Reference Count : 1]<UL><LI> startup.o(RESET)
</UL>
<P><STRONG><a name="[1f]"></a>CAN1_RX1_IRQHandler</STRONG> (Thumb, 0 bytes, Stack size 0 bytes, startup.o(.text))
<BR>[Address Reference Count : 1]<UL><LI> startup.o(RESET)
</UL>
<P><STRONG><a name="[20]"></a>CAN1_SCE_IRQHandler</STRONG> (Thumb, 0 bytes, Stack size 0 bytes, startup.o(.text))
<BR>[Address Reference Count : 1]<UL><LI> startup.o(RESET)
</UL>
<P><STRONG><a name="[1d]"></a>CAN1_TX_IRQHandler</STRONG> (Thumb, 0 bytes, Stack size 0 bytes, startup.o(.text))
<BR>[Address Reference Count : 1]<UL><LI> startup.o(RESET)
</UL>
<P><STRONG><a name="[4a]"></a>CAN2_RX0_IRQHandler</STRONG> (Thumb, 0 bytes, Stack size 0 bytes, startup.o(.text))
<BR>[Address Reference Count : 1]<UL><LI> startup.o(RESET)
</UL>
<P><STRONG><a name="[4b]"></a>CAN2_RX1_IRQHandler</STRONG> (Thumb, 0 bytes, Stack size 0 bytes, startup.o(.text))
<BR>[Address Reference Count : 1]<UL><LI> startup.o(RESET)
</UL>
<P><STRONG><a name="[4c]"></a>CAN2_SCE_IRQHandler</STRONG> (Thumb, 0 bytes, Stack size 0 bytes, startup.o(.text))
<BR>[Address Reference Count : 1]<UL><LI> startup.o(RESET)
</UL>
<P><STRONG><a name="[49]"></a>CAN2_TX_IRQHandler</STRONG> (Thumb, 0 bytes, Stack size 0 bytes, startup.o(.text))
<BR>[Address Reference Count : 1]<UL><LI> startup.o(RESET)
</UL>
<P><STRONG><a name="[72]"></a>CAN3_RX0_IRQHandler</STRONG> (Thumb, 0 bytes, Stack size 0 bytes, startup.o(.text))
<BR>[Address Reference Count : 1]<UL><LI> startup.o(RESET)
</UL>
<P><STRONG><a name="[73]"></a>CAN3_RX1_IRQHandler</STRONG> (Thumb, 0 bytes, Stack size 0 bytes, startup.o(.text))
<BR>[Address Reference Count : 1]<UL><LI> startup.o(RESET)
</UL>
<P><STRONG><a name="[74]"></a>CAN3_SCE_IRQHandler</STRONG> (Thumb, 0 bytes, Stack size 0 bytes, startup.o(.text))
<BR>[Address Reference Count : 1]<UL><LI> startup.o(RESET)
</UL>
<P><STRONG><a name="[71]"></a>CAN3_TX_IRQHandler</STRONG> (Thumb, 0 bytes, Stack size 0 bytes, startup.o(.text))
<BR>[Address Reference Count : 1]<UL><LI> startup.o(RESET)
</UL>
<P><STRONG><a name="[67]"></a>CEC_IRQHandler</STRONG> (Thumb, 0 bytes, Stack size 0 bytes, startup.o(.text))
<BR>[Address Reference Count : 1]<UL><LI> startup.o(RESET)
</UL>
<P><STRONG><a name="[58]"></a>DCMI_IRQHandler</STRONG> (Thumb, 0 bytes, Stack size 0 bytes, startup.o(.text))
<BR>[Address Reference Count : 1]<UL><LI> startup.o(RESET)
</UL>
<P><STRONG><a name="[6c]"></a>DFSDM1_FLT0_IRQHandler</STRONG> (Thumb, 0 bytes, Stack size 0 bytes, startup.o(.text))
<BR>[Address Reference Count : 1]<UL><LI> startup.o(RESET)
</UL>
<P><STRONG><a name="[6d]"></a>DFSDM1_FLT1_IRQHandler</STRONG> (Thumb, 0 bytes, Stack size 0 bytes, startup.o(.text))
<BR>[Address Reference Count : 1]<UL><LI> startup.o(RESET)
</UL>
<P><STRONG><a name="[6e]"></a>DFSDM1_FLT2_IRQHandler</STRONG> (Thumb, 0 bytes, Stack size 0 bytes, startup.o(.text))
<BR>[Address Reference Count : 1]<UL><LI> startup.o(RESET)
</UL>
[...]
</UL>
<BR>[Calls]<UL><LI><a href="#[19b]">&gt;&gt;</a>&nbsp;&nbsp;&nbsp;abort_message
</UL>
<BR>[Address Reference Count : 7]<UL><LI> main.o(.rodata._ZTVN9EmbSysLib2Hw23DisplayGraphic_OTM8009AE)
<LI> lib.o(.rodata._ZTVN9EmbSysLib2Hw14DisplayGraphicE)
<LI> lib.o(.rodata._ZTVN9EmbSysLib2Hw4UartE)
<LI> lib.o(.rodata._ZTVN9EmbSysLib4Ctrl14DigitalEncoderE)
<LI> lib.o(.rodata._ZTVN9EmbSysLib3Std6Report7HandlerE)
<LI> lib.o(.rodata._ZTVN9EmbSysLib2Hw6MemoryE)
<LI> lib.o(.rodata._ZTVN9EmbSysLib2Hw5TouchE)
</UL>
<P><STRONG><a name="[19b]"></a>abort_message</STRONG> (Thumb, 4 bytes, Stack size 0 bytes, abort_message.cpp.o(.text.abort_message))
<BR><BR>[Stack]<UL><LI>Max Depth = 48 + Unknown Stack Size
<LI>Call Chain = abort_message &rArr; abort &rArr; __rt_SIGABRT &rArr; __rt_SIGABRT_inner &rArr; __default_signal_display &rArr; _ttywrch
</UL>
<BR>[Calls]<UL><LI><a href="#[150]">&gt;&gt;</a>&nbsp;&nbsp;&nbsp;abort
</UL>
<BR>[Called By]<UL><LI><a href="#[9b]">&gt;&gt;</a>&nbsp;&nbsp;&nbsp;__cxa_pure_virtual
</UL>

<P><STRONG><a name="[134]"></a>main</STRONG> (Thumb, 660 bytes, Stack size 16 bytes, main.o(.text.main))
<BR><BR>[Stack]<UL><LI>Max Depth = 168 + Unknown Stack Size
<LI>Call Chain = main &rArr; EmbSysLib::Dev::ScreenGraphic::drawText(unsigned short, unsigned short, char const*, ...) &rArr; vsnprintf &rArr; _printf_char_common &rArr; __printf
</UL>
<BR>[Calls]<UL><LI><a href="#[dd]">&gt;&gt;</a>&nbsp;&nbsp;&nbsp;EmbSysLib::Dev::ScreenGraphic::setZoom(unsigned char)
<LI><a href="#[dc]">&gt;&gt;</a>&nbsp;&nbsp;&nbsp;EmbSysLib::Dev::ScreenGraphic::setFont(EmbSysLib::Hw::Font, unsigned char)
<LI><a href="#[e4]">&gt;&gt;</a>&nbsp;&nbsp;&nbsp;EmbSysLib::Dev::ScreenGraphic::drawCircle(unsigned short, unsigned short, unsigned short, unsigned short, unsigned short)
<LI><a href="#[e5]">&gt;&gt;</a>&nbsp;&nbsp;&nbsp;EmbSysLib::Dev::ScreenGraphic::drawCircle(unsigned short, unsigned short, unsigned short, unsigned short)
<LI><a href="#[e3]">&gt;&gt;</a>&nbsp;&nbsp;&nbsp;EmbSysLib::Dev::ScreenGraphic::drawRectangle(unsigned short, unsigned short, unsigned short, unsigned short, unsigned short, unsigned short)
<LI><a href="#[e2]">&gt;&gt;</a>&nbsp;&nbsp;&nbsp;EmbSysLib::Dev::ScreenGraphic::drawRectangle(unsigned short, unsigned short, unsigned short, unsigned short, unsigned short)
<LI><a href="#[e6]">&gt;&gt;</a>&nbsp;&nbsp;&nbsp;EmbSysLib::Dev::ScreenGraphic::drawLine(unsigned short, unsigned short, unsigned short, unsigned short, unsigned short, unsigned short)
<LI><a href="#[d9]">&gt;&gt;</a>&nbsp;&nbsp;&nbsp;EmbSysLib::Dev::ScreenGraphic::clear()
<LI><a href="#[de]">&gt;&gt;</a>&nbsp;&nbsp;&nbsp;EmbSysLib::Dev::ScreenGraphic::setBackColor(unsigned short)
<LI><a href="#[df]">&gt;&gt;</a>&nbsp;&nbsp;&nbsp;EmbSysLib::Dev::ScreenGraphic::setTextColor(unsigned short)
<LI><a href="#[19c]">&gt;&gt;</a>&nbsp;&nbsp;&nbsp;EmbSysLib::Hw::Bitmap::getWidth() const
<LI><a href="#[da]">&gt;&gt;</a>&nbsp;&nbsp;&nbsp;EmbSysLib::Dev::ScreenGraphic::refresh()
<LI><a href="#[e0]">&gt;&gt;</a>&nbsp;&nbsp;&nbsp;EmbSysLib::Dev::ScreenGraphic::drawText(unsigned short, unsigned short, char const*, ...)
<LI><a href="#[e1]">&gt;&gt;</a>&nbsp;&nbsp;&nbsp;EmbSysLib::Dev::ScreenGraphic::drawPixel(unsigned short, unsigned short, unsigned short)
<LI><a href="#[e7]">&gt;&gt;</a>&nbsp;&nbsp;&nbsp;EmbSysLib::Dev::ScreenGraphic::drawBitmap(unsigned short, unsigned short, EmbSysLib::Hw::Bitmap&)
<LI><a href="#[18a]">&gt;&gt;</a>&nbsp;&nbsp;&nbsp;EmbSysLib::Hw::System::delayMilliSec(unsigned short)
</UL>
<BR>[Called By]<UL><LI><a href="#[133]">&gt;&gt;</a>&nbsp;&nbsp;&nbsp;__rt_entry_main
</UL>

<P><STRONG><a name="[159]"></a>_btod_d2e</STRONG> (Thumb, 62 bytes, Stack size 0 bytes, btod.o(CL$$btod_d2e))
<BR><BR>[Calls]<UL><LI><a href="#[19d]">&gt;&gt;</a>&nbsp;&nbsp;&nbsp;_d2e_norm_op1
</UL>
<BR>[Called By]<UL><LI><a href="#[157]">&gt;&gt;</a>&nbsp;&nbsp;&nbsp;_fp_digits
</UL>

<P><STRONG><a name="[19e]"></a>_d2e_denorm_low</STRONG> (Thumb, 70 bytes, Stack size 0 bytes, btod.o(CL$$btod_d2e_denorm_low))
<BR><BR>[Called By]<UL><LI><a href="#[19d]">&gt;&gt;</a>&nbsp;&nbsp;&nbsp;_d2e_norm_op1
</UL>

<P><STRONG><a name="[19d]"></a>_d2e_norm_op1</STRONG> (Thumb, 96 bytes, Stack size 0 bytes, btod.o(CL$$btod_d2e_norm_op1))
<BR><BR>[Calls]<UL><LI><a href="#[19e]">&gt;&gt;</a>&nbsp;&nbsp;&nbsp;_d2e_denorm_low
</UL>
<BR>[Called By]<UL><LI><a href="#[159]">&gt;&gt;</a>&nbsp;&nbsp;&nbsp;_btod_d2e
</UL>

<P><STRONG><a name="[19f]"></a>__btod_div_common</STRONG> (Thumb, 696 bytes, Stack size 24 bytes, btod.o(CL$$btod_div_common))
<BR><BR>[Stack]<UL><LI>Max Depth = 24<LI>Call Chain = __btod_div_common
</UL>
<BR>[Called By]<UL><LI><a href="#[15a]">&gt;&gt;</a>&nbsp;&nbsp;&nbsp;_btod_ediv
</UL>

<P><STRONG><a name="[1a0]"></a>_e2e</STRONG> (Thumb, 220 bytes, Stack size 24 bytes, btod.o(CL$$btod_e2e))
<BR><BR>[Stack]<UL><LI>Max Depth = 24<LI>Call Chain = _e2e
</UL>
<BR>[Called By]<UL><LI><a href="#[15b]">&gt;&gt;</a>&nbsp;&nbsp;&nbsp;_btod_emul
<LI><a href="#[15a]">&gt;&gt;</a>&nbsp;&nbsp;&nbsp;_btod_ediv
</UL>

<P><STRONG><a name="[15a]"></a>_btod_ediv</STRONG> (Thumb, 42 bytes, Stack size 28 bytes, btod.o(CL$$btod_ediv))
<BR><BR>[Stack]<UL><LI>Max Depth = 52<LI>Call Chain = _btod_ediv &rArr; _e2e
</UL>
<BR>[Calls]<UL><LI><a href="#[1a0]">&gt;&gt;</a>&nbsp;&nbsp;&nbsp;_e2e
<LI><a href="#[19f]">&gt;&gt;</a>&nbsp;&nbsp;&nbsp;__btod_div_common
</UL>
<BR>[Called By]<UL><LI><a href="#[158]">&gt;&gt;</a>&nbsp;&nbsp;&nbsp;_btod_etento
<LI><a href="#[157]">&gt;&gt;</a>&nbsp;&nbsp;&nbsp;_fp_digits
</UL>

<P><STRONG><a name="[15b]"></a>_btod_emul</STRONG> (Thumb, 42 bytes, Stack size 28 bytes, btod.o(CL$$btod_emul))
<BR><BR>[Stack]<UL><LI>Max Depth = 52<LI>Call Chain = _btod_emul &rArr; _e2e
</UL>
<BR>[Calls]<UL><LI><a href="#[1a1]">&gt;&gt;</a>&nbsp;&nbsp;&nbsp;__btod_mult_common
<LI><a href="#[1a0]">&gt;&gt;</a>&nbsp;&nbsp;&nbsp;_e2e
</UL>
<BR>[Called By]<UL><LI><a href="#[158]">&gt;&gt;</a>&nbsp;&nbsp;&nbsp;_btod_etento
<LI><a href="#[157]">&gt;&gt;</a>&nbsp;&nbsp;&nbsp;_fp_digits
</UL>

<P><STRONG><a name="[1a1]"></a>__btod_mult_common</STRONG> (Thumb, 580 bytes, Stack size 16 bytes, btod.o(CL$$btod_mult_common))
<BR><BR>[Stack]<UL><LI>Max Depth = 16<LI>Call Chain = __btod_mult_common
</UL>
<BR>[Called By]<UL><LI><a href="#[15b]">&gt;&gt;</a>&nbsp;&nbsp;&nbsp;_btod_emul
</UL>

<P><STRONG><a name="[15d]"></a>__ARM_fpclassify</STRONG> (Thumb, 48 bytes, Stack size 8 bytes, fpclassify.o(i.__ARM_fpclassify))
<BR><BR>[Stack]<UL><LI>Max Depth = 8<LI>Call Chain = __ARM_fpclassify
</UL>
<BR>[Called By]<UL><LI><a href="#[15f]">&gt;&gt;</a>&nbsp;&nbsp;&nbsp;_printf_fp_hex_real
<LI><a href="#[15c]">&gt;&gt;</a>&nbsp;&nbsp;&nbsp;_printf_fp_dec_real
</UL>

<P><STRONG><a name="[14e]"></a>_is_digit</STRONG> (Thumb, 14 bytes, Stack size 0 bytes, __printf_wp.o(i._is_digit))
<BR><BR>[Called By]<UL><LI><a href="#[148]">&gt;&gt;</a>&nbsp;&nbsp;&nbsp;__printf
</UL>

<P><STRONG><a name="[12b]"></a>_get_lc_numeric</STRONG> (Thumb, 44 bytes, Stack size 8 bytes, lc_numeric_c.o(locale$$code))
<BR><BR>[Stack]<UL><LI>Max Depth = 16<LI>Call Chain = _get_lc_numeric &rArr; strcmp
</UL>
<BR>[Calls]<UL><LI><a href="#[186]">&gt;&gt;</a>&nbsp;&nbsp;&nbsp;strcmp
</UL>
<BR>[Called By]<UL><LI><a href="#[12a]">&gt;&gt;</a>&nbsp;&nbsp;&nbsp;__rt_lib_init_lc_numeric_2
</UL>

<P><STRONG><a name="[7b]"></a>_get_lc_ctype</STRONG> (Thumb, 44 bytes, Stack size 8 bytes, lc_ctype_c.o(locale$$code))
<BR><BR>[Stack]<UL><LI>Max Depth = 16<LI>Call Chain = _get_lc_ctype &rArr; strcmp
</UL>
<BR>[Calls]<UL><LI><a href="#[186]">&gt;&gt;</a>&nbsp;&nbsp;&nbsp;strcmp
</UL>
<BR>[Called By]<UL><LI><a href="#[129]">&gt;&gt;</a>&nbsp;&nbsp;&nbsp;__rt_lib_init_lc_ctype_2
</UL>
<BR>[Address Reference Count : 1]<UL><LI> rt_ctype_table.o(.text)
</UL>
<P><STRONG><a name="[196]"></a>__aeabi_d2f</STRONG> (Thumb, 0 bytes, Stack size 32 bytes, d2f.o(x$fpl$d2f))
<BR><BR>[Stack]<UL><LI>Max Depth = 32<LI>Call Chain = __aeabi_d2f
</UL>
<BR>[Called By]<UL><LI><a href="#[171]">&gt;&gt;</a>&nbsp;&nbsp;&nbsp;EmbSysLib::Hw::Timer_Mcu::Timer_Mcu(EmbSysLib::Hw::Timer_Mcu::TimerId, unsigned int)
</UL>

<P><STRONG><a name="[1a2]"></a>_d2f</STRONG> (Thumb, 98 bytes, Stack size 32 bytes, d2f.o(x$fpl$d2f), UNUSED)
<BR><BR>[Calls]<UL><LI><a href="#[1a3]">&gt;&gt;</a>&nbsp;&nbsp;&nbsp;__fpl_fretinf
<LI><a href="#[1a4]">&gt;&gt;</a>&nbsp;&nbsp;&nbsp;__fpl_dnaninf
</UL>

<P><STRONG><a name="[191]"></a>__aeabi_ddiv</STRONG> (Thumb, 0 bytes, Stack size 32 bytes, ddiv.o(x$fpl$ddiv))
<BR><BR>[Stack]<UL><LI>Max Depth = 32<LI>Call Chain = __aeabi_ddiv
</UL>
<BR>[Called By]<UL><LI><a href="#[cb]">&gt;&gt;</a>&nbsp;&nbsp;&nbsp;EmbSysLib::Hw::Uart_Mcu::setBaudrate(unsigned int)
<LI><a href="#[171]">&gt;&gt;</a>&nbsp;&nbsp;&nbsp;EmbSysLib::Hw::Timer_Mcu::Timer_Mcu(EmbSysLib::Hw::Timer_Mcu::TimerId, unsigned int)
</UL>

<P><STRONG><a name="[1a5]"></a>_ddiv</STRONG> (Thumb, 556 bytes, Stack size 32 bytes, ddiv.o(x$fpl$ddiv), UNUSED)
<BR><BR>[Calls]<UL><LI><a href="#[1a6]">&gt;&gt;</a>&nbsp;&nbsp;&nbsp;__fpl_dretinf
<LI><a href="#[1a4]">&gt;&gt;</a>&nbsp;&nbsp;&nbsp;__fpl_dnaninf
</UL>

<P><STRONG><a name="[192]"></a>__aeabi_d2iz</STRONG> (Thumb, 0 bytes, Stack size 32 bytes, dfix.o(x$fpl$dfix))
<BR><BR>[Stack]<UL><LI>Max Depth = 32<LI>Call Chain = __aeabi_d2iz
</UL>
<BR>[Called By]<UL><LI><a href="#[cb]">&gt;&gt;</a>&nbsp;&nbsp;&nbsp;EmbSysLib::Hw::Uart_Mcu::setBaudrate(unsigned int)
</UL>

<P><STRONG><a name="[1a7]"></a>_dfix</STRONG> (Thumb, 94 bytes, Stack size 32 bytes, dfix.o(x$fpl$dfix), UNUSED)
<BR><BR>[Calls]<UL><LI><a href="#[1a4]">&gt;&gt;</a>&nbsp;&nbsp;&nbsp;__fpl_dnaninf
</UL>

<P><STRONG><a name="[197]"></a>__aeabi_d2uiz</STRONG> (Thumb, 0 bytes, Stack size 32 bytes, dfixu.o(x$fpl$dfixu))
<BR><BR>[Stack]<UL><LI>Max Depth = 32<LI>Call Chain = __aeabi_d2uiz
</UL>
<BR>[Called By]<UL><LI><a href="#[171]">&gt;&gt;</a>&nbsp;&nbsp;&nbsp;EmbSysLib::Hw::Timer_Mcu::Timer_Mcu(EmbSysLib::Hw::Timer_Mcu::TimerId, unsigned int)
</UL>

<P><STRONG><a name="[1a8]"></a>_dfixu</STRONG> (Thumb, 90 bytes, Stack size 32 bytes, dfixu.o(x$fpl$dfixu), UNUSED)
<BR><BR>[Calls]<UL><LI><a href="#[1a4]">&gt;&gt;</a>&nbsp;&nbsp;&nbsp;__fpl_dnaninf
</UL>

<P><STRONG><a name="[190]"></a>__aeabi_ui2d</STRONG> (Thumb, 0 bytes, Stack size 0 bytes, dflt_clz.o(x$fpl$dfltu))
<BR><BR>[Called By]<UL><LI><a href="#[cb]">&gt;&gt;</a>&nbsp;&nbsp;&nbsp;EmbSysLib::Hw::Uart_Mcu::setBaudrate(unsigned int)
<LI><a href="#[171]">&gt;&gt;</a>&nbsp;&nbsp;&nbsp;EmbSysLib::Hw::Timer_Mcu::Timer_Mcu(EmbSysLib::Hw::Timer_Mcu::TimerId, unsigned int)
</UL>

<P><STRONG><a name="[1ef]"></a>_dfltu</STRONG> (Thumb, 38 bytes, Stack size 0 bytes, dflt_clz.o(x$fpl$dfltu), UNUSED)

<P><STRONG><a name="[195]"></a>__aeabi_dmul</STRONG> (Thumb, 0 bytes, Stack size 32 bytes, dmul.o(x$fpl$dmul))
<BR><BR>[Stack]<UL><LI>Max Depth = 32<LI>Call Chain = __aeabi_dmul
</UL>
<BR>[Called By]<UL><LI><a href="#[171]">&gt;&gt;</a>&nbsp;&nbsp;&nbsp;EmbSysLib::Hw::Timer_Mcu::Timer_Mcu(EmbSysLib::Hw::Timer_Mcu::TimerId, unsigned int)
</UL>

<P><STRONG><a name="[1a9]"></a>_dmul</STRONG> (Thumb, 332 bytes, Stack size 32 bytes, dmul.o(x$fpl$dmul), UNUSED)
<BR><BR>[Calls]<UL><LI><a href="#[1a6]">&gt;&gt;</a>&nbsp;&nbsp;&nbsp;__fpl_dretinf
<LI><a href="#[1a4]">&gt;&gt;</a>&nbsp;&nbsp;&nbsp;__fpl_dnaninf
</UL>

<P><STRONG><a name="[1a4]"></a>__fpl_dnaninf</STRONG> (Thumb, 156 bytes, Stack size 16 bytes, dnaninf.o(x$fpl$dnaninf), UNUSED)
<BR><BR>[Called By]<UL><LI><a href="#[1a9]">&gt;&gt;</a>&nbsp;&nbsp;&nbsp;_dmul
<LI><a href="#[1a8]">&gt;&gt;</a>&nbsp;&nbsp;&nbsp;_dfixu
<LI><a href="#[1a7]">&gt;&gt;</a>&nbsp;&nbsp;&nbsp;_dfix
<LI><a href="#[1a5]">&gt;&gt;</a>&nbsp;&nbsp;&nbsp;_ddiv
<LI><a href="#[1a2]">&gt;&gt;</a>&nbsp;&nbsp;&nbsp;_d2f
</UL>

<P><STRONG><a name="[1a6]"></a>__fpl_dretinf</STRONG> (Thumb, 12 bytes, Stack size 0 bytes, dretinf.o(x$fpl$dretinf), UNUSED)
<BR><BR>[Called By]<UL><LI><a href="#[1a9]">&gt;&gt;</a>&nbsp;&nbsp;&nbsp;_dmul
<LI><a href="#[1a5]">&gt;&gt;</a>&nbsp;&nbsp;&nbsp;_ddiv
</UL>

<P><STRONG><a name="[124]"></a>_fp_init</STRONG> (Thumb, 26 bytes, Stack size 0 bytes, fpinit.o(x$fpl$fpinit))
<BR><BR>[Called By]<UL><LI><a href="#[123]">&gt;&gt;</a>&nbsp;&nbsp;&nbsp;__rt_lib_init_fp_1
</UL>

<P><STRONG><a name="[1f0]"></a>__fplib_config_fpu_vfp</STRONG> (Thumb, 0 bytes, Stack size unknown bytes, fpinit.o(x$fpl$fpinit), UNUSED)

<P><STRONG><a name="[1f1]"></a>__fplib_config_pureend_doubles</STRONG> (Thumb, 0 bytes, Stack size unknown bytes, fpinit.o(x$fpl$fpinit), UNUSED)

<P><STRONG><a name="[1a3]"></a>__fpl_fretinf</STRONG> (Thumb, 10 bytes, Stack size 0 bytes, fretinf.o(x$fpl$fretinf), UNUSED)
<BR><BR>[Called By]<UL><LI><a href="#[1a2]">&gt;&gt;</a>&nbsp;&nbsp;&nbsp;_d2f
</UL>

<P><STRONG><a name="[106]"></a>_printf_fp_dec</STRONG> (Thumb, 4 bytes, Stack size 0 bytes, printf1.o(x$fpl$printf1))
<BR><BR>[Stack]<UL><LI>Max Depth = 324<LI>Call Chain = _printf_fp_dec &rArr; _printf_fp_dec_real &rArr; _fp_digits &rArr; _btod_etento &rArr; _btod_emul &rArr; _e2e
</UL>
<BR>[Calls]<UL><LI><a href="#[15c]">&gt;&gt;</a>&nbsp;&nbsp;&nbsp;_printf_fp_dec_real
</UL>
<BR>[Called By]<UL><LI><a href="#[108]">&gt;&gt;</a>&nbsp;&nbsp;&nbsp;_printf_g
<LI><a href="#[107]">&gt;&gt;</a>&nbsp;&nbsp;&nbsp;_printf_e
<LI><a href="#[105]">&gt;&gt;</a>&nbsp;&nbsp;&nbsp;_printf_f
</UL>

<P><STRONG><a name="[10a]"></a>_printf_fp_hex</STRONG> (Thumb, 4 bytes, Stack size 0 bytes, printf2.o(x$fpl$printf2))
<BR><BR>[Stack]<UL><LI>Max Depth = 112<LI>Call Chain = _printf_fp_hex &rArr; _printf_fp_hex_real &rArr; _printf_fp_infnan &rArr; _printf_post_padding
</UL>
<BR>[Calls]<UL><LI><a href="#[15f]">&gt;&gt;</a>&nbsp;&nbsp;&nbsp;_printf_fp_hex_real
</UL>
<BR>[Called By]<UL><LI><a href="#[109]">&gt;&gt;</a>&nbsp;&nbsp;&nbsp;_printf_a
</UL>
<P>
<H3>
Local Symbols
</H3>
<P><STRONG><a name="[fb]"></a>_GLOBAL__sub_I_main.cpp</STRONG> (Thumb, 892 bytes, Stack size 112 bytes, main.o(.text._GLOBAL__sub_I_main.cpp))
<BR><BR>[Stack]<UL><LI>Max Depth = 184<LI>Call Chain = _GLOBAL__sub_I_main.cpp &rArr; EmbSysLib::Hw::Timer_Mcu::Timer_Mcu(EmbSysLib::Hw::Timer_Mcu::TimerId, unsigned int) &rArr; __aeabi_dmul
</UL>
<BR>[Calls]<UL><LI><a href="#[183]">&gt;&gt;</a>&nbsp;&nbsp;&nbsp;EmbSysLib::Ctrl::DigitalEncoderJoystick::DigitalEncoderJoystick(EmbSysLib::Dev::Digital*, EmbSysLib::Dev::Digital*, EmbSysLib::Dev::Digital*, EmbSysLib::Dev::TaskManager&, unsigned short)
<LI><a href="#[182]">&gt;&gt;</a>&nbsp;&nbsp;&nbsp;EmbSysLib::Ctrl::DigitalButton::DigitalButton(EmbSysLib::Dev::Digital&, EmbSysLib::Dev::TaskManager&, unsigned short, unsigned short)
<LI><a href="#[181]">&gt;&gt;</a>&nbsp;&nbsp;&nbsp;EmbSysLib::Ctrl::DigitalIndicator::DigitalIndicator(EmbSysLib::Dev::Digital&, EmbSysLib::Dev::TaskManager&)
<LI><a href="#[180]">&gt;&gt;</a>&nbsp;&nbsp;&nbsp;EmbSysLib::Dev::Digital::Digital(EmbSysLib::Hw::Port&, unsigned char, EmbSysLib::Dev::Digital::Mode, bool)
<LI><a href="#[17f]">&gt;&gt;</a>&nbsp;&nbsp;&nbsp;EmbSysLib::Dev::Pointer::Pointer(EmbSysLib::Hw::Touch&)
<LI><a href="#[17d]">&gt;&gt;</a>&nbsp;&nbsp;&nbsp;EmbSysLib::Dev::ScreenGraphic::ScreenGraphic(EmbSysLib::Hw::DisplayGraphic&)
<LI><a href="#[17c]">&gt;&gt;</a>&nbsp;&nbsp;&nbsp;EmbSysLib::Dev::ScreenChar::ScreenChar(EmbSysLib::Hw::DisplayChar&)
<LI><a href="#[179]">&gt;&gt;</a>&nbsp;&nbsp;&nbsp;EmbSysLib::Hw::Port::Pin::Pin(EmbSysLib::Hw::Port&, unsigned char)
<LI><a href="#[178]">&gt;&gt;</a>&nbsp;&nbsp;&nbsp;EmbSysLib::Hw::Bitmap::Bitmap(unsigned char const*)
<LI><a href="#[177]">&gt;&gt;</a>&nbsp;&nbsp;&nbsp;EmbSysLib::Hw::Font::Font(unsigned char const*)
<LI><a href="#[175]">&gt;&gt;</a>&nbsp;&nbsp;&nbsp;EmbSysLib::Hw::Memory_Flash::Memory_Flash(unsigned char, unsigned char)
<LI><a href="#[174]">&gt;&gt;</a>&nbsp;&nbsp;&nbsp;EmbSysLib::Dev::Terminal::Terminal(EmbSysLib::Hw::Uart&, unsigned short, unsigned short, char const*, char const*)
<LI><a href="#[173]">&gt;&gt;</a>&nbsp;&nbsp;&nbsp;EmbSysLib::Hw::Uart_Mcu::Uart_Mcu(EmbSysLib::Hw::Uart_Mcu::USART_Id, unsigned int, unsigned char, unsigned short, unsigned short)
<LI><a href="#[172]">&gt;&gt;</a>&nbsp;&nbsp;&nbsp;EmbSysLib::Hw::I2Cmaster_Mcu::I2Cmaster_Mcu(EmbSysLib::Hw::I2Cmaster_Mcu::I2C_ID, unsigned short)
<LI><a href="#[171]">&gt;&gt;</a>&nbsp;&nbsp;&nbsp;EmbSysLib::Hw::Timer_Mcu::Timer_Mcu(EmbSysLib::Hw::Timer_Mcu::TimerId, unsigned int)
<LI><a href="#[170]">&gt;&gt;</a>&nbsp;&nbsp;&nbsp;EmbSysLib::Hw::Port_Mcu::Port_Mcu(EmbSysLib::Hw::Port_Mcu::PortId)
<LI><a href="#[16f]">&gt;&gt;</a>&nbsp;&nbsp;&nbsp;EmbSysLib::Std::Report::Handler::Handler__sub_object()
<LI><a href="#[17a]">&gt;&gt;</a>&nbsp;&nbsp;&nbsp;EmbSysLib::Hw::Fmc_Mcu::Fmc_Mcu__sub_object(EmbSysLib::Hw::Fmc_Mcu::FMCtype, bool)
<LI><a href="#[176]">&gt;&gt;</a>&nbsp;&nbsp;&nbsp;EmbSysLib::Hw::MemoryImage::MemoryImage__sub_object(EmbSysLib::Hw::Memory&, char const*)
<LI><a href="#[17e]">&gt;&gt;</a>&nbsp;&nbsp;&nbsp;EmbSysLib::Hw::Touch::Touch__sub_object(unsigned short, unsigned short, unsigned short, EmbSysLib::Hw::Touch::Orientation)
<LI><a href="#[17b]">&gt;&gt;</a>&nbsp;&nbsp;&nbsp;EmbSysLib::Hw::DisplayGraphic_OTM8009Aram::DisplayGraphic_OTM8009Aram__sub_object(EmbSysLib::Hw::Dsi_Mcu&, EmbSysLib::Hw::Port::Pin&, EmbSysLib::Hw::DisplayGraphic_OTM8009A::Orientation, EmbSysLib::Hw::Font, unsigned char)
<LI><a href="#[13c]">&gt;&gt;</a>&nbsp;&nbsp;&nbsp;__cxa_atexit
</UL>
<BR>[Address Reference Count : 1]<UL><LI> main.o(.init_array)
</UL>
<P><STRONG><a name="[187]"></a>__NVIC_SystemReset()</STRONG> (Thumb, 42 bytes, Stack size 0 bytes, lib.o(.text._ZL18__NVIC_SystemResetv))
<BR><BR>[Called By]<UL><LI><a href="#[d0]">&gt;&gt;</a>&nbsp;&nbsp;&nbsp;EmbSysLib::Hw::Timer_Mcu::setPWM(unsigned char, unsigned short)
<LI><a href="#[cf]">&gt;&gt;</a>&nbsp;&nbsp;&nbsp;EmbSysLib::Hw::Timer_Mcu::enablePWM(unsigned char, EmbSysLib::Hw::Timer::Mode)
<LI><a href="#[82]">&gt;&gt;</a>&nbsp;&nbsp;&nbsp;EmbSysLib::Hw::Memory::read(unsigned int)
<LI><a href="#[81]">&gt;&gt;</a>&nbsp;&nbsp;&nbsp;EmbSysLib::Hw::Memory::write(unsigned int, unsigned char)
<LI><a href="#[175]">&gt;&gt;</a>&nbsp;&nbsp;&nbsp;EmbSysLib::Hw::Memory_Flash::Memory_Flash(unsigned char, unsigned char)
<LI><a href="#[173]">&gt;&gt;</a>&nbsp;&nbsp;&nbsp;EmbSysLib::Hw::Uart_Mcu::Uart_Mcu(EmbSysLib::Hw::Uart_Mcu::USART_Id, unsigned int, unsigned char, unsigned short, unsigned short)
<LI><a href="#[172]">&gt;&gt;</a>&nbsp;&nbsp;&nbsp;EmbSysLib::Hw::I2Cmaster_Mcu::I2Cmaster_Mcu(EmbSysLib::Hw::I2Cmaster_Mcu::I2C_ID, unsigned short)
<LI><a href="#[171]">&gt;&gt;</a>&nbsp;&nbsp;&nbsp;EmbSysLib::Hw::Timer_Mcu::Timer_Mcu(EmbSysLib::Hw::Timer_Mcu::TimerId, unsigned int)
<LI><a href="#[170]">&gt;&gt;</a>&nbsp;&nbsp;&nbsp;EmbSysLib::Hw::Port_Mcu::Port_Mcu(EmbSysLib::Hw::Port_Mcu::PortId)
<LI><a href="#[188]">&gt;&gt;</a>&nbsp;&nbsp;&nbsp;EmbSysLib::Hw::PinConfig::set(EmbSysLib::Hw::PinConfig::Function, unsigned int)
<LI><a href="#[184]">&gt;&gt;</a>&nbsp;&nbsp;&nbsp;EmbSysLib::Std::Report::error(unsigned short)
</UL>

<P><STRONG><a name="[7a]"></a>_printf_input_char</STRONG> (Thumb, 10 bytes, Stack size 0 bytes, _printf_char_common.o(.text))
<BR>[Address Reference Count : 1]<UL><LI> _printf_char_common.o(.text)
</UL>
<P><STRONG><a name="[157]"></a>_fp_digits</STRONG> (Thumb, 432 bytes, Stack size 96 bytes, _printf_fp_dec.o(.text))
<BR><BR>[Stack]<UL><LI>Max Depth = 220<LI>Call Chain = _fp_digits &rArr; _btod_etento &rArr; _btod_emul &rArr; _e2e
</UL>
<BR>[Calls]<UL><LI><a href="#[15b]">&gt;&gt;</a>&nbsp;&nbsp;&nbsp;_btod_emul
<LI><a href="#[15a]">&gt;&gt;</a>&nbsp;&nbsp;&nbsp;_btod_ediv
<LI><a href="#[159]">&gt;&gt;</a>&nbsp;&nbsp;&nbsp;_btod_d2e
<LI><a href="#[158]">&gt;&gt;</a>&nbsp;&nbsp;&nbsp;_btod_etento
<LI><a href="#[14b]">&gt;&gt;</a>&nbsp;&nbsp;&nbsp;_ll_udiv10
</UL>
<BR>[Called By]<UL><LI><a href="#[15c]">&gt;&gt;</a>&nbsp;&nbsp;&nbsp;_printf_fp_dec_real
</UL>
<P>
<H3>
Undefined Global Symbols
</H3><HR></body></html>
