C:/EmbSysLib-01.04.00/Src/Hardware/Common/Timer/Timer.h:58:11:EmbSysLib::Hw::Timer::Task::Task()	16	static
C:/EmbSysLib-01.04.00/Src/Hardware/Common/I2C/I2Cmaster.h:64:9:EmbSysLib::Hw::I2Cmaster::Device::Device(EmbSysLib::Hw::I2Cmaster&, BYTE)	24	static
C:/EmbSysLib-01.04.00/Src/Hardware/Common/I2C/I2Cmaster.h:167:22:virtual BYTE EmbSysLib::Hw::I2Cmaster::Device::isError()	24	static
C:/EmbSysLib-01.04.00/Src/Hardware/MCU/STM32F7xx/Src/Ltdc_Mcu.h:28:5:EmbSysLib::Hw::Ltdc_Mcu::Ltdc_Mcu(uint32_t)	16	static
C:/EmbSysLib-01.04.00/Src/Hardware/MCU/STM32F7xx/Src/Ltdc_Mcu.h:38:10:void EmbSysLib::Hw::Ltdc_Mcu::Init(WORD, WORD)	24	static
C:/EmbSysLib-01.04.00/Src/Hardware/MCU/STM32F7xx/Src/Ltdc_Mcu.h:86:14:uint32_t EmbSysLib::Hw::Ltdc_Mcu::LayerConfig(uint32_t, uint32_t, uint8_t)	40	static
C:/EmbSysLib-01.04.00/Src/Hardware/MCU/STM32F7xx/Src/Fmc_Mcu.h:45:5:EmbSysLib::Hw::Fmc_Mcu::Fmc_Mcu(EmbSysLib::Hw::Fmc_Mcu::FMCtype, bool)	24	static
C:/EmbSysLib-01.04.00/Src/Hardware/MCU/STM32F7xx/Src/Fmc_Mcu.h:130:14:uint32_t EmbSysLib::Hw::Fmc_Mcu::startAddr()	16	static
C:/EmbSysLib-01.04.00/Src/Hardware/MCU/STM32F7xx/Src/Fmc_Mcu.h:140:10:void EmbSysLib::Hw::Fmc_Mcu::SDRAM_Init()	24	static
C:/EmbSysLib-01.04.00/Src/Hardware/MCU/STM32F7xx/Src/Fmc_Mcu.h:236:10:void EmbSysLib::Hw::Fmc_Mcu::SendCommand(uint32_t, uint32_t, uint32_t)	32	static
C:/EmbSysLib-01.04.00/Src/Hardware/MCU/STM32F7xx/Src/Dsi_Mcu.h:38:5:EmbSysLib::Hw::Dsi_Mcu::Dsi_Mcu(uint32_t)	16	static
C:/EmbSysLib-01.04.00/Src/Hardware/MCU/STM32F7xx/Src/Dsi_Mcu.h:50:10:void EmbSysLib::Hw::Dsi_Mcu::Init(WORD, WORD, bool)	48	static
C:/EmbSysLib-01.04.00/Src/Hardware/MCU/STM32F7xx/Src/Dsi_Mcu.h:202:14:uint32_t EmbSysLib::Hw::Dsi_Mcu::startLTDC(WORD, WORD)	16	static
C:/EmbSysLib-01.04.00/Src/Hardware/MCU/STM32F7xx/Src/Dsi_Mcu.h:234:18:virtual void EmbSysLib::Hw::Dsi_Mcu::writeShort(uint8_t, uint8_t)	16	static
C:/EmbSysLib-01.04.00/Src/Hardware/MCU/STM32F7xx/Src/Dsi_Mcu.h:247:18:virtual void EmbSysLib::Hw::Dsi_Mcu::writeLong(uint8_t*, uint32_t)	32	static
C:/EmbSysLib-01.04.00/Src/Hardware/MCU/STM32F7xx/Src/Dsi_Mcu.h:273:10:void EmbSysLib::Hw::Dsi_Mcu::DisplayRefresh()	16	static
C:/EmbSysLib-01.04.00/Src/Hardware/Common/Display/DisplayGraphic.h:153:18:virtual void EmbSysLib::Hw::DisplayGraphic::refresh()	16	static
C:/EmbSysLib-01.04.00/Src/Hardware/Common/Display/DisplayGraphic.h:161:18:virtual WORD EmbSysLib::Hw::DisplayGraphic::getWidth()	16	static
C:/EmbSysLib-01.04.00/Src/Hardware/Common/Display/DisplayGraphic.h:170:18:virtual WORD EmbSysLib::Hw::DisplayGraphic::getHeight()	16	static
C:/EmbSysLib-01.04.00/Src/Hardware/Common/Memory/MemoryImage.h:75:5:EmbSysLib::Hw::MemoryImage::MemoryImage(EmbSysLib::Hw::Memory&, const char*)	56	static
C:/EmbSysLib-01.04.00/Src/Hardware/Common/Memory/MemoryImage.h:125:18:virtual void EmbSysLib::Hw::MemoryImage::unlock()	16	static
C:/EmbSysLib-01.04.00/Src/Hardware/Common/Memory/MemoryImage.h:130:18:virtual void EmbSysLib::Hw::MemoryImage::lock()	16	static
C:/EmbSysLib-01.04.00/Src/Hardware/Common/Memory/MemoryImage.h:135:25:virtual const BYTE* EmbSysLib::Hw::MemoryImage::getPtr()	16	static
C:/EmbSysLib-01.04.00/Src/Hardware/Common/Memory/MemoryImage.h:142:18:virtual void EmbSysLib::Hw::MemoryImage::writeByte(DWORD, BYTE)	24	static
C:/EmbSysLib-01.04.00/Src/Hardware/Common/Memory/MemoryImage.h:153:18:virtual BYTE EmbSysLib::Hw::MemoryImage::readByte(DWORD)	16	static
C:/EmbSysLib-01.04.00/Src/Device/Task/TaskManager.h:97:5:EmbSysLib::Dev::TaskManager::TaskManager(EmbSysLib::Hw::Timer&)	16	static
C:/EmbSysLib-01.04.00/Src/Device/Task/TaskManager.h:114:18:virtual void EmbSysLib::Dev::TaskManager::add(EmbSysLib::Dev::TaskManager::Task*)	16	static
C:/EmbSysLib-01.04.00/Src/Device/Task/TaskManager.h:123:19:virtual DWORD EmbSysLib::Dev::TaskManager::getCycleTime()	16	static
C:/EmbSysLib-01.04.00/Src/Device/Task/TaskManager.h:133:19:virtual LWORD EmbSysLib::Dev::TaskManager::getTics()	16	static
C:/EmbSysLib-01.04.00/Src/Device/Task/TaskManager.h:140:18:virtual void EmbSysLib::Dev::TaskManager::update()	24	static
.././../../../Src/Board/STM32F769-Discovery/ReportHandler.h:13:16:virtual void myReportHandler::onReport(WORD, WORD, bool)	24	static
.././../../../Src/Board/STM32F769-Discovery/ReportHandler.h:11:7:myReportHandler::myReportHandler()	16	static
C:/EmbSysLib-01.04.00/Src/Hardware/Peripheral/Display/DisplayGraphic_OTM8009A.h:110:5:EmbSysLib::Hw::DisplayGraphic_OTM8009A::DisplayGraphic_OTM8009A(EmbSysLib::Hw::Dsi_Mcu&, EmbSysLib::Hw::Port::Pin&, EmbSysLib::Hw::DisplayGraphic_OTM8009A::Orientation, EmbSysLib::Hw::Font, BYTE)	56	static
C:/EmbSysLib-01.04.00/Src/Hardware/Peripheral/Display/DisplayGraphic_OTM8009A.cpp:39:6:void EmbSysLib::Hw::DisplayGraphic_OTM8009A::init()	432	static
C:/EmbSysLib-01.04.00/Src/Hardware/Peripheral/Display/DisplayGraphic_OTM8009A.cpp:138:1:EmbSysLib::Hw::DisplayGraphic_OTM8009Acmd::DisplayGraphic_OTM8009Acmd(EmbSysLib::Hw::Dsi_Mcu&, EmbSysLib::Hw::Port::Pin&, EmbSysLib::Hw::DisplayGraphic_OTM8009A::Orientation, EmbSysLib::Hw::Font, BYTE)	48	static
C:/EmbSysLib-01.04.00/Src/Hardware/Peripheral/Display/DisplayGraphic_OTM8009A.cpp:157:6:virtual void EmbSysLib::Hw::DisplayGraphic_OTM8009Acmd::refresh()	16	static
C:/EmbSysLib-01.04.00/Src/Hardware/Peripheral/Display/DisplayGraphic_OTM8009A.cpp:162:6:virtual void EmbSysLib::Hw::DisplayGraphic_OTM8009Acmd::clear()	40	static
C:/EmbSysLib-01.04.00/Src/Hardware/Peripheral/Display/DisplayGraphic_OTM8009A.cpp:171:6:virtual void EmbSysLib::Hw::DisplayGraphic_OTM8009Acmd::setArea(WORD, WORD, WORD, WORD)	24	static
C:/EmbSysLib-01.04.00/Src/Hardware/Peripheral/Display/DisplayGraphic_OTM8009A.cpp:186:6:virtual void EmbSysLib::Hw::DisplayGraphic_OTM8009Acmd::setPixel(WORD, WORD, WORD)	48	static
C:/EmbSysLib-01.04.00/Src/Hardware/Peripheral/Display/DisplayGraphic_OTM8009A.cpp:197:6:virtual void EmbSysLib::Hw::DisplayGraphic_OTM8009Acmd::setPixel(WORD)	48	static
C:/EmbSysLib-01.04.00/Src/Hardware/Peripheral/Display/DisplayGraphic_OTM8009A.cpp:229:1:EmbSysLib::Hw::DisplayGraphic_OTM8009Aram::DisplayGraphic_OTM8009Aram(EmbSysLib::Hw::Dsi_Mcu&, EmbSysLib::Hw::Port::Pin&, EmbSysLib::Hw::DisplayGraphic_OTM8009A::Orientation, EmbSysLib::Hw::Font, BYTE)	48	static
C:/EmbSysLib-01.04.00/Src/Hardware/Peripheral/Display/DisplayGraphic_OTM8009A.cpp:249:6:virtual void EmbSysLib::Hw::DisplayGraphic_OTM8009Aram::refresh()	16	static
C:/EmbSysLib-01.04.00/Src/Hardware/Peripheral/Display/DisplayGraphic_OTM8009A.cpp:255:6:virtual void EmbSysLib::Hw::DisplayGraphic_OTM8009Aram::clear()	24	static
C:/EmbSysLib-01.04.00/Src/Hardware/Peripheral/Display/DisplayGraphic_OTM8009A.cpp:264:6:virtual void EmbSysLib::Hw::DisplayGraphic_OTM8009Aram::setArea(WORD, WORD, WORD, WORD)	24	static
C:/EmbSysLib-01.04.00/Src/Hardware/Peripheral/Display/DisplayGraphic_OTM8009A.cpp:281:6:virtual void EmbSysLib::Hw::DisplayGraphic_OTM8009Aram::setPixel(WORD, WORD, WORD)	24	static
C:/EmbSysLib-01.04.00/Src/Hardware/Peripheral/Display/DisplayGraphic_OTM8009A.cpp:290:6:virtual void EmbSysLib::Hw::DisplayGraphic_OTM8009Aram::setPixel(WORD)	16	static
C:/EmbSysLib-01.04.00/Src/Hardware/Peripheral/Touch/Touch_FT6206.cpp:23:1:EmbSysLib::Hw::Touch_FT6206::Touch_FT6206(EmbSysLib::Hw::I2Cmaster&, WORD, WORD, EmbSysLib::Hw::Touch::Orientation)	32	static
C:/EmbSysLib-01.04.00/Src/Hardware/Peripheral/Touch/Touch_FT6206.cpp:38:6:virtual void EmbSysLib::Hw::Touch_FT6206::update()	24	static
C:/Users/ivoto/OneDrive/Studium/6. Semester/TikTakToe/Src/main.cpp:28:7:constexpr GraphicsObject::GraphicsObject()	16	static
C:/Users/ivoto/OneDrive/Studium/6. Semester/TikTakToe/Src/main.cpp:39:5:Cross::Cross(int)	16	static
C:/Users/ivoto/OneDrive/Studium/6. Semester/TikTakToe/Src/main.cpp:41:10:virtual void Cross::draw() const	64	static
C:/Users/ivoto/OneDrive/Studium/6. Semester/TikTakToe/Src/main.cpp:62:10:void Cross::setDark()	16	static
C:/Users/ivoto/OneDrive/Studium/6. Semester/TikTakToe/Src/main.cpp:65:10:void Cross::del()	16	static
C:/Users/ivoto/OneDrive/Studium/6. Semester/TikTakToe/Src/main.cpp:77:5:Circle::Circle(int)	16	static
C:/Users/ivoto/OneDrive/Studium/6. Semester/TikTakToe/Src/main.cpp:79:10:virtual void Circle::draw() const	40	static
C:/Users/ivoto/OneDrive/Studium/6. Semester/TikTakToe/Src/main.cpp:97:10:void Circle::setDark()	16	static
C:/Users/ivoto/OneDrive/Studium/6. Semester/TikTakToe/Src/main.cpp:101:10:void Circle::del()	16	static
C:/Users/ivoto/OneDrive/Studium/6. Semester/TikTakToe/Src/main.cpp:110:10:virtual void Grid::draw() const	40	static
C:/Users/ivoto/OneDrive/Studium/6. Semester/TikTakToe/Src/main.cpp:120:9:int Grid::getRect(int, int) const	32	static
C:/Users/ivoto/OneDrive/Studium/6. Semester/TikTakToe/Src/main.cpp:144:5:TicTacToeGame::TicTacToeGame()	24	static
C:/Users/ivoto/OneDrive/Studium/6. Semester/TikTakToe/Src/main.cpp:153:10:void TicTacToeGame::setMove(int)	32	static
C:/Users/ivoto/OneDrive/Studium/6. Semester/TikTakToe/Src/main.cpp:188:10:bool TicTacToeGame::checkWinner() const	16	static
C:/Users/ivoto/OneDrive/Studium/6. Semester/TikTakToe/Src/main.cpp:194:5:int main()	184	static
C:/EmbSysLib-01.04.00/Src/Std/Sequence.h:47:9:EmbSysLib::Std::Sequence<T>::Item::Item(EmbSysLib::Std::Sequence<T>*) [with T = EmbSysLib::Hw::Timer::Task]	16	static
C:/EmbSysLib-01.04.00/Src/Std/Std.h:62:29:T EmbSysLib::Std::RANGE(T, T, T) [with T = long unsigned int]	24	static
C:/EmbSysLib-01.04.00/Src/Hardware/Common/I2C/I2Cmaster.h:112:14:void EmbSysLib::Hw::I2Cmaster::Device::read(A, T*) [with A = unsigned char; T = EmbSysLib::Hw::Touch_FT6206::TscData]	40	static
C:/EmbSysLib-01.04.00/Src/Std/Sequence.h:90:10:BYTE EmbSysLib::Std::Sequence<T>::add(T*) [with T = EmbSysLib::Hw::Timer::Task]	24	static
.././../../../Src/Board/STM32F769-Discovery/ReportHandler.h:11:7:myReportHandler::~myReportHandler()	16	static
C:/Users/ivoto/OneDrive/Studium/6. Semester/TikTakToe/Src/main.cpp:227:1:void __static_initialization_and_destruction_0(int, int)	368	static
C:/Users/ivoto/OneDrive/Studium/6. Semester/TikTakToe/Src/main.cpp:227:1:cpp)	8	static
C:/Users/ivoto/OneDrive/Studium/6. Semester/TikTakToe/Src/main.cpp:227:1:cpp)	8	static
